Archive member included because of file (symbol)

C:\Users\Ray\AppData\Local\arduino15\packages\arduino\hardware\sam\1.6.11\variants\arduino_due_x/libsam_sam3x8e_gcc_rel.a(pio.o)
                              C:\Users\Ray\AppData\Local\Temp\VMBCore\arduino16x\018918945f122068ecf6eace323d4c04\variant\variant.cpp.o (PIO_Configure)
C:\Users\Ray\AppData\Local\arduino15\packages\arduino\hardware\sam\1.6.11\variants\arduino_due_x/libsam_sam3x8e_gcc_rel.a(pmc.o)
                              C:\Users\Ray\AppData\Local\Temp\VMBCore\arduino16x\018918945f122068ecf6eace323d4c04\variant\variant.cpp.o (pmc_enable_periph_clk)
C:\Users\Ray\AppData\Local\arduino15\packages\arduino\hardware\sam\1.6.11\variants\arduino_due_x/libsam_sam3x8e_gcc_rel.a(system_sam3xa.o)
                              C:\Users\Ray\AppData\Local\Temp\VMBCore\arduino16x\018918945f122068ecf6eace323d4c04\variant\variant.cpp.o (SystemInit)
C:\Users\Ray\AppData\Local\arduino15\packages\arduino\hardware\sam\1.6.11\variants\arduino_due_x/libsam_sam3x8e_gcc_rel.a(startup_sam3xa.o)
                              (Reset_Handler)
C:\Users\Ray\AppData\Local\arduino15\packages\arduino\hardware\sam\1.6.11\variants\arduino_due_x/libsam_sam3x8e_gcc_rel.a(adc.o)
                              C:\Users\Ray\AppData\Local\Temp\VMBCore\arduino16x\018918945f122068ecf6eace323d4c04\variant\variant.cpp.o (adc_init)
C:\Users\Ray\AppData\Local\arduino15\packages\arduino\hardware\sam\1.6.11\variants\arduino_due_x/libsam_sam3x8e_gcc_rel.a(uotghs.o)
                              C:\Users\Ray\AppData\Local\arduino15\packages\arduino\hardware\sam\1.6.11\variants\arduino_due_x/libsam_sam3x8e_gcc_rel.a(startup_sam3xa.o) (UOTGHS_Handler)
C:\Users\Ray\AppData\Local\Temp\VMBuilds\Controller\arduino_due_x_dbg\Debug/core.a(cortex_handlers.c.o)
                              C:\Users\Ray\AppData\Local\arduino15\packages\arduino\hardware\sam\1.6.11\variants\arduino_due_x/libsam_sam3x8e_gcc_rel.a(startup_sam3xa.o) (NMI_Handler)
C:\Users\Ray\AppData\Local\Temp\VMBuilds\Controller\arduino_due_x_dbg\Debug/core.a(hooks.c.o)
                              C:\Users\Ray\AppData\Local\Temp\VMBuilds\Controller\arduino_due_x_dbg\Debug/core.a(cortex_handlers.c.o) (sysTickHook)
C:\Users\Ray\AppData\Local\Temp\VMBuilds\Controller\arduino_due_x_dbg\Debug/core.a(syscalls_sam3.c.o)
                              (_sbrk)
C:\Users\Ray\AppData\Local\Temp\VMBuilds\Controller\arduino_due_x_dbg\Debug/core.a(wiring_analog.c.o)
                              C:\Users\Ray\AppData\Local\Temp\VMBCore\arduino16x\018918945f122068ecf6eace323d4c04\variant\variant.cpp.o (analogOutputInit)
C:\Users\Ray\AppData\Local\Temp\VMBuilds\Controller\arduino_due_x_dbg\Debug/core.a(wiring_digital.c.o)
                              C:\Users\Ray\AppData\Local\Temp\VMBuilds\Controller\arduino_due_x_dbg\Debug/core.a(wiring_analog.c.o) (pinMode)
C:\Users\Ray\AppData\Local\Temp\VMBuilds\Controller\arduino_due_x_dbg\Debug/core.a(main.cpp.o)
                              c:/users/ray/appdata/local/arduino15/packages/arduino/tools/arm-none-eabi-gcc/4.8.3-2014q1/bin/../lib/gcc/arm-none-eabi/4.8.3/../../../../arm-none-eabi/lib/armv7-m/crt0.o (main)
C:\Users\Ray\AppData\Local\Temp\VMBuilds\Controller\arduino_due_x_dbg\Debug/core.a(new.cpp.o)
                              C:\Users\Ray\AppData\Local\Temp\VMBuilds\Controller\arduino_due_x_dbg\Debug\Controller.cpp.o (operator new(unsigned int))
C:\Users\Ray\AppData\Local\Temp\VMBuilds\Controller\arduino_due_x_dbg\Debug/core.a(Print.cpp.o)
                              C:\Users\Ray\AppData\Local\Temp\VMBuilds\Controller\arduino_due_x_dbg\Debug\lib\SmartHouse.cpp.o (Print::println(String const&))
C:\Users\Ray\AppData\Local\Temp\VMBuilds\Controller\arduino_due_x_dbg\Debug/core.a(Reset.cpp.o)
                              C:\Users\Ray\AppData\Local\Temp\VMBuilds\Controller\arduino_due_x_dbg\Debug/core.a(cortex_handlers.c.o) (tickReset)
C:\Users\Ray\AppData\Local\Temp\VMBuilds\Controller\arduino_due_x_dbg\Debug/core.a(RingBuffer.cpp.o)
                              C:\Users\Ray\AppData\Local\Temp\VMBCore\arduino16x\018918945f122068ecf6eace323d4c04\variant\variant.cpp.o (RingBuffer::RingBuffer())
C:\Users\Ray\AppData\Local\Temp\VMBuilds\Controller\arduino_due_x_dbg\Debug/core.a(UARTClass.cpp.o)
                              C:\Users\Ray\AppData\Local\Temp\VMBCore\arduino16x\018918945f122068ecf6eace323d4c04\variant\variant.cpp.o (UARTClass::available())
C:\Users\Ray\AppData\Local\Temp\VMBuilds\Controller\arduino_due_x_dbg\Debug/core.a(USARTClass.cpp.o)
                              C:\Users\Ray\AppData\Local\Temp\VMBCore\arduino16x\018918945f122068ecf6eace323d4c04\variant\variant.cpp.o (USARTClass::USARTClass(Usart*, IRQn, unsigned long, RingBuffer*, RingBuffer*))
C:\Users\Ray\AppData\Local\Temp\VMBuilds\Controller\arduino_due_x_dbg\Debug/core.a(watchdog.cpp.o)
                              C:\Users\Ray\AppData\Local\Temp\VMBuilds\Controller\arduino_due_x_dbg\Debug/core.a(main.cpp.o) (watchdogSetup())
[...]
Memory Configuration

Name             Origin             Length             Attributes
rom              0x00080000         0x00080000         xr
sram0            0x20000000         0x00010000         xrw
sram1            0x20080000         0x00008000         xrw
ram              0x20070000         0x00018000         xrw
*default*        0x00000000         0xffffffff

Linker script and memory map

LOAD c:/users/ray/appdata/local/arduino15/packages/arduino/tools/arm-none-eabi-gcc/4.8.3-2014q1/bin/../lib/gcc/arm-none-eabi/4.8.3/armv7-m/crti.o
LOAD c:/users/ray/appdata/local/arduino15/packages/arduino/tools/arm-none-eabi-gcc/4.8.3-2014q1/bin/../lib/gcc/arm-none-eabi/4.8.3/armv7-m/crtbegin.o
LOAD c:/users/ray/appdata/local/arduino15/packages/arduino/tools/arm-none-eabi-gcc/4.8.3-2014q1/bin/../lib/gcc/arm-none-eabi/4.8.3/../../../../arm-none-eabi/lib/armv7-m/crt0.o
START GROUP
LOAD C:\Users\Ray\AppData\Local\Temp\VMBuilds\Controller\arduino_due_x_dbg\Debug\Controller.cpp.o
LOAD C:\Users\Ray\AppData\Local\Temp\VMBuilds\Controller\arduino_due_x_dbg\Debug\lib\SmartHouse.cpp.o
LOAD C:\Users\Ray\AppData\Local\Temp\VMBCore\arduino16x\018918945f122068ecf6eace323d4c04\variant\variant.cpp.o
LOAD C:\Users\Ray\AppData\Local\arduino15\packages\arduino\hardware\sam\1.6.11\variants\arduino_due_x/libsam_sam3x8e_gcc_rel.a
LOAD C:\Users\Ray\AppData\Local\Temp\VMBuilds\Controller\arduino_due_x_dbg\Debug/core.a
END GROUP
LOAD c:/users/ray/appdata/local/arduino15/packages/arduino/tools/arm-none-eabi-gcc/4.8.3-2014q1/bin/../lib/gcc/arm-none-eabi/4.8.3/../../../../arm-none-eabi/lib/armv7-m\libm.a
START GROUP
LOAD c:/users/ray/appdata/local/arduino15/packages/arduino/tools/arm-none-eabi-gcc/4.8.3-2014q1/bin/../lib/gcc/arm-none-eabi/4.8.3/armv7-m\libgcc.a
LOAD c:/users/ray/appdata/local/arduino15/packages/arduino/tools/arm-none-eabi-gcc/4.8.3-2014q1/bin/../lib/gcc/arm-none-eabi/4.8.3/../../../../arm-none-eabi/lib/armv7-m\libg.a
LOAD c:/users/ray/appdata/local/arduino15/packages/arduino/tools/arm-none-eabi-gcc/4.8.3-2014q1/bin/../lib/gcc/arm-none-eabi/4.8.3/../../../../arm-none-eabi/lib/armv7-m\libc.a
END GROUP
LOAD c:/users/ray/appdata/local/arduino15/packages/arduino/tools/arm-none-eabi-gcc/4.8.3-2014q1/bin/../lib/gcc/arm-none-eabi/4.8.3/armv7-m/crtend.o
LOAD c:/users/ray/appdata/local/arduino15/packages/arduino/tools/arm-none-eabi-gcc/4.8.3-2014q1/bin/../lib/gcc/arm-none-eabi/4.8.3/armv7-m/crtn.o

.text           0x00080000     0x593c
                0x00080000                . = ALIGN (0x4)
                0x00080000                _sfixed = .
 *(.vectors .vectors.*)
 .vectors       0x00080000       0xf4 C:\Users\Ray\AppData\Local\arduino15\packages\arduino\hardware\sam\1.6.11\variants\arduino_due_x/libsam_sam3x8e_gcc_rel.a(startup_sam3xa.o)
                0x00080000                exception_table
 *(.text .text.* .gnu.linkonce.t.*)
 .text          0x000800f4       0x54 c:/users/ray/appdata/local/arduino15/packages/arduino/tools/arm-none-eabi-gcc/4.8.3-2014q1/bin/../lib/gcc/arm-none-eabi/4.8.3/armv7-m/crtbegin.o
 .text.loop     0x00080148        0x2 C:\Users\Ray\AppData\Local\Temp\VMBuilds\Controller\arduino_due_x_dbg\Debug\Controller.cpp.o
                0x00080148                loop
 *fill*         0x0008014a        0x2 
 .text.setup    0x0008014c       0x40 C:\Users\Ray\AppData\Local\Temp\VMBuilds\Controller\arduino_due_x_dbg\Debug\Controller.cpp.o
                0x0008014c                setup
 .text._ZN8FunctionC2Ev
                0x0008018c       0x14 C:\Users\Ray\AppData\Local\Temp\VMBuilds\Controller\arduino_due_x_dbg\Debug\lib\SmartHouse.cpp.o
                0x0008018c                Function::Function()
                0x0008018c                Function::Function()
 .text._ZN6ButtonC2Ev
                0x000801a0       0x18 C:\Users\Ray\AppData\Local\Temp\VMBuilds\Controller\arduino_due_x_dbg\Debug\lib\SmartHouse.cpp.o
                0x000801a0                Button::Button()
                0x000801a0                Button::Button()
 .text._ZN10ControllerC2Ev
                0x000801b8       0x24 C:\Users\Ray\AppData\Local\Temp\VMBuilds\Controller\arduino_due_x_dbg\Debug\lib\SmartHouse.cpp.o
                0x000801b8                Controller::Controller()
                0x000801b8                Controller::Controller()
 .text._ZN10Controller11addFunctionEiP8Function
                0x000801dc       0x28 C:\Users\Ray\AppData\Local\Temp\VMBuilds\Controller\arduino_due_x_dbg\Debug\lib\SmartHouse.cpp.o
                0x000801dc                Controller::addFunction(int, Function*)
 .text._Z11serialEventv
                0x00080204        0x2 C:\Users\Ray\AppData\Local\Temp\VMBCore\arduino16x\018918945f122068ecf6eace323d4c04\variant\variant.cpp.o
                0x00080204                serialEvent()
 *fill*         0x00080206        0x2 
 .text.UART_Handler
                0x00080208        0xc C:\Users\Ray\AppData\Local\Temp\VMBCore\arduino16x\018918945f122068ecf6eace323d4c04\variant\variant.cpp.o
                0x00080208                UART_Handler
 .text._Z12serialEvent1v
                0x00080214        0x2 C:\Users\Ray\AppData\Local\Temp\VMBCore\arduino16x\018918945f122068ecf6eace323d4c04\variant\variant.cpp.o
                0x00080214                serialEvent1()
 .text._Z12serialEvent2v
                0x00080216        0x2 C:\Users\Ray\AppData\Local\Temp\VMBCore\arduino16x\018918945f122068ecf6eace323d4c04\variant\variant.cpp.o
                0x00080216                serialEvent2()
 .text._Z12serialEvent3v
                0x00080218        0x2 C:\Users\Ray\AppData\Local\Temp\VMBCore\arduino16x\018918945f122068ecf6eace323d4c04\variant\variant.cpp.o
                0x00080218                serialEvent3()
 *fill*         0x0008021a        0x2 
 .text.USART0_Handler
                0x0008021c        0xc C:\Users\Ray\AppData\Local\Temp\VMBCore\arduino16x\018918945f122068ecf6eace323d4c04\variant\variant.cpp.o
                0x0008021c                USART0_Handler
 .text.USART1_Handler
                0x00080228        0xc C:\Users\Ray\AppData\Local\Temp\VMBCore\arduino16x\018918945f122068ecf6eace323d4c04\variant\variant.cpp.o
                0x00080228                USART1_Handler
 .text.USART3_Handler
                0x00080234        0xc C:\Users\Ray\AppData\Local\Temp\VMBCore\arduino16x\018918945f122068ecf6eace323d4c04\variant\variant.cpp.o
                0x00080234                USART3_Handler
 .text.init     0x00080240      0x128 C:\Users\Ray\AppData\Local\Temp\VMBCore\arduino16x\018918945f122068ecf6eace323d4c04\variant\variant.cpp.o
                0x00080240                init
 .text.startup._GLOBAL__sub_I_g_APinDescription
                0x00080368       0xd4 C:\Users\Ray\AppData\Local\Temp\VMBCore\arduino16x\018918945f122068ecf6eace323d4c04\variant\variant.cpp.o
 .text._Z14serialEventRunv
                0x0008043c       0x44 C:\Users\Ray\AppData\Local\Temp\VMBCore\arduino16x\018918945f122068ecf6eace323d4c04\variant\variant.cpp.o
                0x0008043c                serialEventRun()
 .text.PIO_PullUp
                0x00080480        0xa C:\Users\Ray\AppData\Local\arduino15\packages\arduino\hardware\sam\1.6.11\variants\arduino_due_x/libsam_sam3x8e_gcc_rel.a(pio.o)
                0x00080480                PIO_PullUp
 .text.PIO_SetPeripheral
                0x0008048a       0x26 C:\Users\Ray\AppData\Local\arduino15\packages\arduino\hardware\sam\1.6.11\variants\arduino_due_x/libsam_sam3x8e_gcc_rel.a(pio.o)
                0x0008048a                PIO_SetPeripheral
 .text.PIO_SetInput
                0x000804b0       0x26 C:\Users\Ray\AppData\Local\arduino15\packages\arduino\hardware\sam\1.6.11\variants\arduino_due_x/libsam_sam3x8e_gcc_rel.a(pio.o)
                0x000804b0                PIO_SetInput
 .text.PIO_SetOutput
                0x000804d6       0x24 C:\Users\Ray\AppData\Local\arduino15\packages\arduino\hardware\sam\1.6.11\variants\arduino_due_x/libsam_sam3x8e_gcc_rel.a(pio.o)
                0x000804d6                PIO_SetOutput
 *fill*         0x000804fa        0x2 
 .text.PIO_Configure
                0x000804fc       0x64 C:\Users\Ray\AppData\Local\arduino15\packages\arduino\hardware\sam\1.6.11\variants\arduino_due_x/libsam_sam3x8e_gcc_rel.a(pio.o)
                0x000804fc                PIO_Configure
 .text.PIO_GetOutputDataStatus
                0x00080560       0x14 C:\Users\Ray\AppData\Local\arduino15\packages\arduino\hardware\sam\1.6.11\variants\arduino_due_x/libsam_sam3x8e_gcc_rel.a(pio.o)
                0x00080560                PIO_GetOutputDataStatus
 .text.pmc_enable_upll_clock
                0x00080574       0x14 C:\Users\Ray\AppData\Local\arduino15\packages\arduino\hardware\sam\1.6.11\variants\arduino_due_x/libsam_sam3x8e_gcc_rel.a(pmc.o)
                0x00080574                pmc_enable_upll_clock
 .text.pmc_enable_periph_clk
                0x00080588       0x44 C:\Users\Ray\AppData\Local\arduino15\packages\arduino\hardware\sam\1.6.11\variants\arduino_due_x/libsam_sam3x8e_gcc_rel.a(pmc.o)
                0x00080588                pmc_enable_periph_clk
 .text.pmc_disable_periph_clk
                0x000805cc       0x40 C:\Users\Ray\AppData\Local\arduino15\packages\arduino\hardware\sam\1.6.11\variants\arduino_due_x/libsam_sam3x8e_gcc_rel.a(pmc.o)
                0x000805cc                pmc_disable_periph_clk
 .text.pmc_switch_udpck_to_upllck
                0x0008060c       0x14 C:\Users\Ray\AppData\Local\arduino15\packages\arduino\hardware\sam\1.6.11\variants\arduino_due_x/libsam_sam3x8e_gcc_rel.a(pmc.o)
                0x0008060c                pmc_switch_udpck_to_upllck
 .text.pmc_enable_udpck
                0x00080620        0xc C:\Users\Ray\AppData\Local\arduino15\packages\arduino\hardware\sam\1.6.11\variants\arduino_due_x/libsam_sam3x8e_gcc_rel.a(pmc.o)
                0x00080620                pmc_enable_udpck
 .text.SystemInit
                0x0008062c       0x88 C:\Users\Ray\AppData\Local\arduino15\packages\arduino\hardware\sam\1.6.11\variants\arduino_due_x/libsam_sam3x8e_gcc_rel.a(system_sam3xa.o)
                0x0008062c                SystemInit
 .text.Reset_Handler
                0x000806b4       0x78 C:\Users\Ray\AppData\Local\arduino15\packages\arduino\hardware\sam\1.6.11\variants\arduino_due_x/libsam_sam3x8e_gcc_rel.a(startup_sam3xa.o)
                0x000806b4                Reset_Handler
 .text.adc_init
                0x0008072c       0x98 C:\Users\Ray\AppData\Local\arduino15\packages\arduino\hardware\sam\1.6.11\variants\arduino_due_x/libsam_sam3x8e_gcc_rel.a(adc.o)
                0x0008072c                adc_init
 .text.adc_configure_trigger
                0x000807c4        0xe C:\Users\Ray\AppData\Local\arduino15\packages\arduino\hardware\sam\1.6.11\variants\arduino_due_x/libsam_sam3x8e_gcc_rel.a(adc.o)
                0x000807c4                adc_configure_trigger
 .text.adc_configure_timing
                0x000807d2       0x1a C:\Users\Ray\AppData\Local\arduino15\packages\arduino\hardware\sam\1.6.11\variants\arduino_due_x/libsam_sam3x8e_gcc_rel.a(adc.o)
                0x000807d2                adc_configure_timing
 .text.adc_disable_channel
                0x000807ec        0xa C:\Users\Ray\AppData\Local\arduino15\packages\arduino\hardware\sam\1.6.11\variants\arduino_due_x/libsam_sam3x8e_gcc_rel.a(adc.o)
                0x000807ec                adc_disable_channel
 .text.adc_disable_all_channel
                0x000807f6        0x8 C:\Users\Ray\AppData\Local\arduino15\packages\arduino\hardware\sam\1.6.11\variants\arduino_due_x/libsam_sam3x8e_gcc_rel.a(adc.o)
                0x000807f6                adc_disable_all_channel
 .text.adc_disable_interrupt
                0x000807fe        0x4 C:\Users\Ray\AppData\Local\arduino15\packages\arduino\hardware\sam\1.6.11\variants\arduino_due_x/libsam_sam3x8e_gcc_rel.a(adc.o)
                0x000807fe                adc_disable_interrupt
 *fill*         0x00080802        0x2 
 .text.UOTGHS_Handler
                0x00080804       0x10 C:\Users\Ray\AppData\Local\arduino15\packages\arduino\hardware\sam\1.6.11\variants\arduino_due_x/libsam_sam3x8e_gcc_rel.a(uotghs.o)
                0x00080804                UOTGHS_Handler
 .text.__halt   0x00080814        0x2 C:\Users\Ray\AppData\Local\Temp\VMBuilds\Controller\arduino_due_x_dbg\Debug/core.a(cortex_handlers.c.o)
                0x00080814                DACC_Handler
                0x00080814                DebugMon_Handler
                0x00080814                DMAC_Handler
                0x00080814                TRNG_Handler
                0x00080814                HardFault_Handler
                0x00080814                TC2_Handler
                0x00080814                TWI1_Handler
                0x00080814                NMI_Handler
                0x00080814                TC7_Handler
                0x00080814                ADC_Handler
                0x00080814                SMC_Handler
                0x00080814                RTT_Handler
                0x00080814                EFC1_Handler
                0x00080814                PIOB_Handler
                0x00080814                RTC_Handler
                0x00080814                UsageFault_Handler
                0x00080814                TC6_Handler
                0x00080814                WDT_Handler
                0x00080814                CAN0_Handler
                0x00080814                TC4_Handler
                0x00080814                TC1_Handler
                0x00080814                HSMCI_Handler
                0x00080814                TC3_Handler
                0x00080814                TWI0_Handler
                0x00080814                PIOA_Handler
                0x00080814                SSC_Handler
                0x00080814                EFC0_Handler
                0x00080814                PMC_Handler
                0x00080814                PWM_Handler
                0x00080814                CAN1_Handler
                0x00080814                MemManage_Handler
                0x00080814                SUPC_Handler
                0x00080814                TC8_Handler
                0x00080814                USART2_Handler
                0x00080814                PIOD_Handler
                0x00080814                EMAC_Handler
                0x00080814                PIOC_Handler
                0x00080814                BusFault_Handler
                0x00080814                RSTC_Handler
                0x00080814                TC0_Handler
                0x00080814                TC5_Handler
                0x00080814                SPI0_Handler
 .text.SVC_Handler
                0x00080816        0x4 C:\Users\Ray\AppData\Local\Temp\VMBuilds\Controller\arduino_due_x_dbg\Debug/core.a(cortex_handlers.c.o)
                0x00080816                SVC_Handler
 .text.PendSV_Handler
                0x0008081a        0x4 C:\Users\Ray\AppData\Local\Temp\VMBuilds\Controller\arduino_due_x_dbg\Debug/core.a(cortex_handlers.c.o)
                0x0008081a                PendSV_Handler
 .text.SysTick_Handler
                0x0008081e       0x16 C:\Users\Ray\AppData\Local\Temp\VMBuilds\Controller\arduino_due_x_dbg\Debug/core.a(cortex_handlers.c.o)
                0x0008081e                SysTick_Handler
 .text.__empty  0x00080834        0x2 C:\Users\Ray\AppData\Local\Temp\VMBuilds\Controller\arduino_due_x_dbg\Debug/core.a(hooks.c.o)
                0x00080834                yield
 .text.__false  0x00080836        0x4 C:\Users\Ray\AppData\Local\Temp\VMBuilds\Controller\arduino_due_x_dbg\Debug/core.a(hooks.c.o)
                0x00080836                sysTickHook
 .text.__halt   0x0008083a        0x2 C:\Users\Ray\AppData\Local\Temp\VMBuilds\Controller\arduino_due_x_dbg\Debug/core.a(hooks.c.o)
                0x0008083a                svcHook
                0x0008083a                pendSVHook
 .text._sbrk    0x0008083c       0x1c C:\Users\Ray\AppData\Local\Temp\VMBuilds\Controller\arduino_due_x_dbg\Debug/core.a(syscalls_sam3.c.o)
                0x0008083c                _sbrk
 .text.link     0x00080858        0x6 C:\Users\Ray\AppData\Local\Temp\VMBuilds\Controller\arduino_due_x_dbg\Debug/core.a(syscalls_sam3.c.o)
                0x00080858                link
 .text._close   0x0008085e        0x6 C:\Users\Ray\AppData\Local\Temp\VMBuilds\Controller\arduino_due_x_dbg\Debug/core.a(syscalls_sam3.c.o)
                0x0008085e                _close
 .text._fstat   0x00080864        0xa C:\Users\Ray\AppData\Local\Temp\VMBuilds\Controller\arduino_due_x_dbg\Debug/core.a(syscalls_sam3.c.o)
                0x00080864                _fstat
 .text._isatty  0x0008086e        0x4 C:\Users\Ray\AppData\Local\Temp\VMBuilds\Controller\arduino_due_x_dbg\Debug/core.a(syscalls_sam3.c.o)
                0x0008086e                _isatty
 .text._lseek   0x00080872        0x4 C:\Users\Ray\AppData\Local\Temp\VMBuilds\Controller\arduino_due_x_dbg\Debug/core.a(syscalls_sam3.c.o)
                0x00080872                _lseek
 .text._read    0x00080876        0x4 C:\Users\Ray\AppData\Local\Temp\VMBuilds\Controller\arduino_due_x_dbg\Debug/core.a(syscalls_sam3.c.o)
                0x00080876                _read
 *fill*         0x0008087a        0x2 
 .text._write   0x0008087c       0x24 C:\Users\Ray\AppData\Local\Temp\VMBuilds\Controller\arduino_due_x_dbg\Debug/core.a(syscalls_sam3.c.o)
                0x0008087c                _write
 .text._exit    0x000808a0       0x10 C:\Users\Ray\AppData\Local\Temp\VMBuilds\Controller\arduino_due_x_dbg\Debug/core.a(syscalls_sam3.c.o)
                0x000808a0                _exit
 .text._kill    0x000808b0        0x2 C:\Users\Ray\AppData\Local\Temp\VMBuilds\Controller\arduino_due_x_dbg\Debug/core.a(syscalls_sam3.c.o)
                0x000808b0                _kill
 .text._getpid  0x000808b2        0x6 C:\Users\Ray\AppData\Local\Temp\VMBuilds\Controller\arduino_due_x_dbg\Debug/core.a(syscalls_sam3.c.o)
                0x000808b2                _getpid
 .text.analogOutputInit
                0x000808b8        0x2 C:\Users\Ray\AppData\Local\Temp\VMBuilds\Controller\arduino_due_x_dbg\Debug/core.a(wiring_analog.c.o)
                0x000808b8                analogOutputInit
 *fill*         0x000808ba        0x2 
 .text.pinMode  0x000808bc      0x108 C:\Users\Ray\AppData\Local\Temp\VMBuilds\Controller\arduino_due_x_dbg\Debug/core.a(wiring_digital.c.o)
                0x000808bc                pinMode
 .text.digitalWrite
                0x000809c4       0x70 C:\Users\Ray\AppData\Local\Temp\VMBuilds\Controller\arduino_due_x_dbg\Debug/core.a(wiring_digital.c.o)
                0x000809c4                digitalWrite
 .text.initVariant
                0x00080a34        0x2 C:\Users\Ray\AppData\Local\Temp\VMBuilds\Controller\arduino_due_x_dbg\Debug/core.a(main.cpp.o)
                0x00080a34                initVariant
 *fill*         0x00080a36        0x2 
 .text.startup.main
                0x00080a38       0x38 C:\Users\Ray\AppData\Local\Temp\VMBuilds\Controller\arduino_due_x_dbg\Debug/core.a(main.cpp.o)
                0x00080a38                main
 .text._Znwj    0x00080a70        0x4 C:\Users\Ray\AppData\Local\Temp\VMBuilds\Controller\arduino_due_x_dbg\Debug/core.a(new.cpp.o)
                0x00080a70                operator new(unsigned int)
 .text._ZN5Print5writeEPKhj
                0x00080a74       0x22 C:\Users\Ray\AppData\Local\Temp\VMBuilds\Controller\arduino_due_x_dbg\Debug/core.a(Print.cpp.o)
                0x00080a74                Print::write(unsigned char const*, unsigned int)
 .text._ZN5Print5writeEPKc
                0x00080a96       0x1e C:\Users\Ray\AppData\Local\Temp\VMBuilds\Controller\arduino_due_x_dbg\Debug/core.a(Print.cpp.o)
                0x00080a96                Print::write(char const*)
 .text._ZN5Print5printERK6String
                0x00080ab4       0x10 C:\Users\Ray\AppData\Local\Temp\VMBuilds\Controller\arduino_due_x_dbg\Debug/core.a(Print.cpp.o)
                0x00080ab4                Print::print(String const&)
 .text._ZN5Print5printEc
                0x00080ac4        0xa C:\Users\Ray\AppData\Local\Temp\VMBuilds\Controller\arduino_due_x_dbg\Debug/core.a(Print.cpp.o)
                0x00080ac4                Print::print(char)
 *fill*         0x00080ace        0x2 
 .text._ZN5Print7printlnEv
                0x00080ad0       0x10 C:\Users\Ray\AppData\Local\Temp\VMBuilds\Controller\arduino_due_x_dbg\Debug/core.a(Print.cpp.o)
                0x00080ad0                Print::println()
 .text._ZN5Print7printlnERK6String
                0x00080ae0       0x14 C:\Users\Ray\AppData\Local\Temp\VMBuilds\Controller\arduino_due_x_dbg\Debug/core.a(Print.cpp.o)
                0x00080ae0                Print::println(String const&)
 .text._ZN5Print7printlnEPKc
                0x00080af4       0x14 C:\Users\Ray\AppData\Local\Temp\VMBuilds\Controller\arduino_due_x_dbg\Debug/core.a(Print.cpp.o)
                0x00080af4                Print::println(char const*)
 .text._ZN5Print11printNumberEmh
                0x00080b08       0x3e C:\Users\Ray\AppData\Local\Temp\VMBuilds\Controller\arduino_due_x_dbg\Debug/core.a(Print.cpp.o)
                0x00080b08                Print::printNumber(unsigned long, unsigned char)
 .text._ZN5Print5printEli
                0x00080b46       0x3c C:\Users\Ray\AppData\Local\Temp\VMBuilds\Controller\arduino_due_x_dbg\Debug/core.a(Print.cpp.o)
                0x00080b46                Print::print(long, int)
 .text._ZN5Print7printlnEii
                0x00080b82       0x14 C:\Users\Ray\AppData\Local\Temp\VMBuilds\Controller\arduino_due_x_dbg\Debug/core.a(Print.cpp.o)
                0x00080b82                Print::println(int, int)
 *fill*         0x00080b96        0x2 
 .text.initiateReset
                0x00080b98        0xc C:\Users\Ray\AppData\Local\Temp\VMBuilds\Controller\arduino_due_x_dbg\Debug/core.a(Reset.cpp.o)
                0x00080b98                initiateReset
 .text.cancelReset
                0x00080ba4       0x10 C:\Users\Ray\AppData\Local\Temp\VMBuilds\Controller\arduino_due_x_dbg\Debug/core.a(Reset.cpp.o)
                0x00080ba4                cancelReset
 .text.tickReset
                0x00080bb4       0x20 C:\Users\Ray\AppData\Local\Temp\VMBuilds\Controller\arduino_due_x_dbg\Debug/core.a(Reset.cpp.o)
                0x00080bb4                tickReset
 .text._ZN10RingBufferC2Ev
                0x00080bd4       0x1a C:\Users\Ray\AppData\Local\Temp\VMBuilds\Controller\arduino_due_x_dbg\Debug/core.a(RingBuffer.cpp.o)
                0x00080bd4                RingBuffer::RingBuffer()
                0x00080bd4                RingBuffer::RingBuffer()
 .text._ZN10RingBuffer10store_charEh
                0x00080bee       0x1e C:\Users\Ray\AppData\Local\Temp\VMBuilds\Controller\arduino_due_x_dbg\Debug/core.a(RingBuffer.cpp.o)
                0x00080bee                RingBuffer::store_char(unsigned char)
 .text._ZN9UARTClasscvbEv
                0x00080c0c        0x4 C:\Users\Ray\AppData\Local\Temp\VMBuilds\Controller\arduino_due_x_dbg\Debug/core.a(UARTClass.cpp.o)
                0x00080c0c                UARTClass::operator bool()
 .text._ZN9UARTClass9availableEv
                0x00080c10       0x12 C:\Users\Ray\AppData\Local\Temp\VMBuilds\Controller\arduino_due_x_dbg\Debug/core.a(UARTClass.cpp.o)
                0x00080c10                UARTClass::available()
 .text._ZN9UARTClass4peekEv
                0x00080c22       0x1c C:\Users\Ray\AppData\Local\Temp\VMBuilds\Controller\arduino_due_x_dbg\Debug/core.a(UARTClass.cpp.o)
                0x00080c22                UARTClass::peek()
 .text._ZN9UARTClass4readEv
                0x00080c3e       0x2a C:\Users\Ray\AppData\Local\Temp\VMBuilds\Controller\arduino_due_x_dbg\Debug/core.a(UARTClass.cpp.o)
                0x00080c3e                UARTClass::read()
 .text._ZN9UARTClass5flushEv
                0x00080c68       0x18 C:\Users\Ray\AppData\Local\Temp\VMBuilds\Controller\arduino_due_x_dbg\Debug/core.a(UARTClass.cpp.o)
                0x00080c68                UARTClass::flush()
 .text._ZN9UARTClass5writeEh
                0x00080c80       0x54 C:\Users\Ray\AppData\Local\Temp\VMBuilds\Controller\arduino_due_x_dbg\Debug/core.a(UARTClass.cpp.o)
                0x00080c80                UARTClass::write(unsigned char)
 .text._ZN9UARTClass3endEv
                0x00080cd4       0x3c C:\Users\Ray\AppData\Local\Temp\VMBuilds\Controller\arduino_due_x_dbg\Debug/core.a(UARTClass.cpp.o)
                0x00080cd4                UARTClass::end()
 .text._ZN9UARTClassC2EP4Uart4IRQnmP10RingBufferS4_
                0x00080d10       0x24 C:\Users\Ray\AppData\Local\Temp\VMBuilds\Controller\arduino_due_x_dbg\Debug/core.a(UARTClass.cpp.o)
                0x00080d10                UARTClass::UARTClass(Uart*, IRQn, unsigned long, RingBuffer*, RingBuffer*)
                0x00080d10                UARTClass::UARTClass(Uart*, IRQn, unsigned long, RingBuffer*, RingBuffer*)
 .text._ZN9UARTClass4initEmm
                0x00080d34       0x70 C:\Users\Ray\AppData\Local\Temp\VMBuilds\Controller\arduino_due_x_dbg\Debug/core.a(UARTClass.cpp.o)
                0x00080d34                UARTClass::init(unsigned long, unsigned long)
 .text._ZN9UARTClass5beginEm
                0x00080da4        0x8 C:\Users\Ray\AppData\Local\Temp\VMBuilds\Controller\arduino_due_x_dbg\Debug/core.a(UARTClass.cpp.o)
                0x00080da4                UARTClass::begin(unsigned long)
 .text._ZN9UARTClass10IrqHandlerEv
                0x00080dac       0x5a C:\Users\Ray\AppData\Local\Temp\VMBuilds\Controller\arduino_due_x_dbg\Debug/core.a(UARTClass.cpp.o)
                0x00080dac                UARTClass::IrqHandler()
 .text._ZN10USARTClass5beginEm
                0x00080e06        0x8 C:\Users\Ray\AppData\Local\Temp\VMBuilds\Controller\arduino_due_x_dbg\Debug/core.a(USARTClass.cpp.o)
                0x00080e06                USARTClass::begin(unsigned long)
 *fill*         0x00080e0e        0x2 
 .text._ZN10USARTClassC2EP5Usart4IRQnmP10RingBufferS4_
                0x00080e10       0x24 C:\Users\Ray\AppData\Local\Temp\VMBuilds\Controller\arduino_due_x_dbg\Debug/core.a(USARTClass.cpp.o)
                0x00080e10                USARTClass::USARTClass(Usart*, IRQn, unsigned long, RingBuffer*, RingBuffer*)
                0x00080e10                USARTClass::USARTClass(Usart*, IRQn, unsigned long, RingBuffer*, RingBuffer*)
 .text._watchdogDefaultSetup
                0x00080e34        0xc C:\Users\Ray\AppData\Local\Temp\VMBuilds\Controller\arduino_due_x_dbg\Debug/core.a(watchdog.cpp.o)
                0x00080e34                _watchdogDefaultSetup
                0x00080e34                watchdogSetup()
 .text._ZN6StringD2Ev
                0x00080e40        0xe C:\Users\Ray\AppData\Local\Temp\VMBuilds\Controller\arduino_due_x_dbg\Debug/core.a(WString.cpp.o)
                0x00080e40                String::~String()
                0x00080e40                String::~String()
 .text._ZN6String10invalidateEv
                0x00080e4e       0x16 C:\Users\Ray\AppData\Local\Temp\VMBuilds\Controller\arduino_due_x_dbg\Debug/core.a(WString.cpp.o)
                0x00080e4e                String::invalidate()
 .text._ZN6String12changeBufferEj
                0x00080e64       0x18 C:\Users\Ray\AppData\Local\Temp\VMBuilds\Controller\arduino_due_x_dbg\Debug/core.a(WString.cpp.o)
                0x00080e64                String::changeBuffer(unsigned int)
 .text._ZN6String7reserveEj
                0x00080e7c       0x22 C:\Users\Ray\AppData\Local\Temp\VMBuilds\Controller\arduino_due_x_dbg\Debug/core.a(WString.cpp.o)
                0x00080e7c                String::reserve(unsigned int)
 .text._ZN6String4copyEPKcj
                0x00080e9e       0x26 C:\Users\Ray\AppData\Local\Temp\VMBuilds\Controller\arduino_due_x_dbg\Debug/core.a(WString.cpp.o)
                0x00080e9e                String::copy(char const*, unsigned int)
 .text._ZN6StringC2EPKc
                0x00080ec4       0x24 C:\Users\Ray\AppData\Local\Temp\VMBuilds\Controller\arduino_due_x_dbg\Debug/core.a(WString.cpp.o)
                0x00080ec4                String::String(char const*)
                0x00080ec4                String::String(char const*)
 .text._ZN6StringaSERKS_
                0x00080ee8       0x1e C:\Users\Ray\AppData\Local\Temp\VMBuilds\Controller\arduino_due_x_dbg\Debug/core.a(WString.cpp.o)
                0x00080ee8                String::operator=(String const&)
 .text._ZN6StringC2ERKS_
                0x00080f06       0x14 C:\Users\Ray\AppData\Local\Temp\VMBuilds\Controller\arduino_due_x_dbg\Debug/core.a(WString.cpp.o)
                0x00080f06                String::String(String const&)
                0x00080f06                String::String(String const&)
 .text._ZN6StringaSEPKc
                0x00080f1a       0x22 C:\Users\Ray\AppData\Local\Temp\VMBuilds\Controller\arduino_due_x_dbg\Debug/core.a(WString.cpp.o)
                0x00080f1a                String::operator=(char const*)
 .text.unlikely._ZL11USB_SendZlpv
                0x00080f3c       0x20 C:\Users\Ray\AppData\Local\Temp\VMBuilds\Controller\arduino_due_x_dbg\Debug/core.a(USBCore.cpp.o)
 .text._Z14USBD_Availablem
                0x00080f5c       0x2c C:\Users\Ray\AppData\Local\Temp\VMBuilds\Controller\arduino_due_x_dbg\Debug/core.a(USBCore.cpp.o)
                0x00080f5c                USBD_Available(unsigned long)
 .text._Z9USBD_RecvmPvm
                0x00080f88       0x7c C:\Users\Ray\AppData\Local\Temp\VMBuilds\Controller\arduino_due_x_dbg\Debug/core.a(USBCore.cpp.o)
                0x00080f88                USBD_Recv(unsigned long, void*, unsigned long)
 .text._Z9USBD_Recvm
                0x00081004       0x22 C:\Users\Ray\AppData\Local\Temp\VMBuilds\Controller\arduino_due_x_dbg\Debug/core.a(USBCore.cpp.o)
                0x00081004                USBD_Recv(unsigned long)
 *fill*         0x00081026        0x2 
 .text._Z9USBD_SendmPKvm
                0x00081028       0x4c C:\Users\Ray\AppData\Local\Temp\VMBuilds\Controller\arduino_due_x_dbg\Debug/core.a(USBCore.cpp.o)
                0x00081028                USBD_Send(unsigned long, void const*, unsigned long)
 .text._Z16USBD_SendControlhPKvm
                0x00081074       0x40 C:\Users\Ray\AppData\Local\Temp\VMBuilds\Controller\arduino_due_x_dbg\Debug/core.a(USBCore.cpp.o)
                0x00081074                USBD_SendControl(unsigned char, void const*, unsigned long)
 .text.unlikely._ZL24USB_SendStringDescriptorPKhi
                0x000810b4       0x64 C:\Users\Ray\AppData\Local\Temp\VMBuilds\Controller\arduino_due_x_dbg\Debug/core.a(USBCore.cpp.o)
 .text._Z16USBD_RecvControlPvm
                0x00081118       0x1c C:\Users\Ray\AppData\Local\Temp\VMBuilds\Controller\arduino_due_x_dbg\Debug/core.a(USBCore.cpp.o)
                0x00081118                USBD_RecvControl(void*, unsigned long)
 .text._Z26USBD_ClassInterfaceRequestR8USBSetup
                0x00081134       0x1e C:\Users\Ray\AppData\Local\Temp\VMBuilds\Controller\arduino_due_x_dbg\Debug/core.a(USBCore.cpp.o)
                0x00081134                USBD_ClassInterfaceRequest(USBSetup&)
 .text._Z19USBD_SendInterfacesv
                0x00081152       0x22 C:\Users\Ray\AppData\Local\Temp\VMBuilds\Controller\arduino_due_x_dbg\Debug/core.a(USBCore.cpp.o)
                0x00081152                USBD_SendInterfaces()
 .text._Z24USBD_SendOtherInterfacesv
                0x00081174       0x22 C:\Users\Ray\AppData\Local\Temp\VMBuilds\Controller\arduino_due_x_dbg\Debug/core.a(USBCore.cpp.o)
                0x00081174                USBD_SendOtherInterfaces()
 .text._Z10USBD_Flushm
                0x00081196       0x16 C:\Users\Ray\AppData\Local\Temp\VMBuilds\Controller\arduino_due_x_dbg\Debug/core.a(USBCore.cpp.o)
                0x00081196                USBD_Flush(unsigned long)
 .text._ZN10USBDevice_C2Ev
                0x000811ac       0x24 C:\Users\Ray\AppData\Local\Temp\VMBuilds\Controller\arduino_due_x_dbg\Debug/core.a(USBCore.cpp.o)
                0x000811ac                USBDevice_::USBDevice_()
                0x000811ac                USBDevice_::USBDevice_()
 .text._ZN10USBDevice_6attachEv
                0x000811d0       0x20 C:\Users\Ray\AppData\Local\Temp\VMBuilds\Controller\arduino_due_x_dbg\Debug/core.a(USBCore.cpp.o)
                0x000811d0                USBDevice_::attach()
 .text.startup._GLOBAL__sub_I_EndPoints
                0x000811f0        0xc C:\Users\Ray\AppData\Local\Temp\VMBuilds\Controller\arduino_due_x_dbg\Debug/core.a(USBCore.cpp.o)
 .text._ZL7USB_ISRv
                0x000811fc      0x454 C:\Users\Ray\AppData\Local\Temp\VMBuilds\Controller\arduino_due_x_dbg\Debug/core.a(USBCore.cpp.o)
 .text.delay    0x00081650       0x1c C:\Users\Ray\AppData\Local\Temp\VMBuilds\Controller\arduino_due_x_dbg\Debug/core.a(wiring.c.o)
                0x00081650                delay
 .text._ZN7Serial_9availableEv
                0x0008166c       0x18 C:\Users\Ray\AppData\Local\Temp\VMBuilds\Controller\arduino_due_x_dbg\Debug/core.a(CDC.cpp.o)
                0x0008166c                Serial_::available()
 .text._ZN7Serial_17availableForWriteEv
                0x00081684        0x6 C:\Users\Ray\AppData\Local\Temp\VMBuilds\Controller\arduino_due_x_dbg\Debug/core.a(CDC.cpp.o)
                0x00081684                Serial_::availableForWrite()
 *fill*         0x0008168a        0x2 
 .text._ZN7Serial_4peekEv
                0x0008168c       0x20 C:\Users\Ray\AppData\Local\Temp\VMBuilds\Controller\arduino_due_x_dbg\Debug/core.a(CDC.cpp.o)
                0x0008168c                Serial_::peek()
 .text._ZN7Serial_5writeEh
                0x000816ac       0x16 C:\Users\Ray\AppData\Local\Temp\VMBuilds\Controller\arduino_due_x_dbg\Debug/core.a(CDC.cpp.o)
                0x000816ac                Serial_::write(unsigned char)
 *fill*         0x000816c2        0x2 
 .text._ZN7Serial_4readEv
                0x000816c4       0x44 C:\Users\Ray\AppData\Local\Temp\VMBuilds\Controller\arduino_due_x_dbg\Debug/core.a(CDC.cpp.o)
                0x000816c4                Serial_::read()
 .text._ZN7Serial_5flushEv
                0x00081708        0x6 C:\Users\Ray\AppData\Local\Temp\VMBuilds\Controller\arduino_due_x_dbg\Debug/core.a(CDC.cpp.o)
                0x00081708                Serial_::flush()
 *fill*         0x0008170e        0x2 
 .text._ZN7Serial_6acceptEv
                0x00081710       0x70 C:\Users\Ray\AppData\Local\Temp\VMBuilds\Controller\arduino_due_x_dbg\Debug/core.a(CDC.cpp.o)
                0x00081710                Serial_::accept()
 .text._ZN7Serial_5writeEPKhj
                0x00081780       0x2c C:\Users\Ray\AppData\Local\Temp\VMBuilds\Controller\arduino_due_x_dbg\Debug/core.a(CDC.cpp.o)
                0x00081780                Serial_::write(unsigned char const*, unsigned int)
 .text._Z16CDC_GetInterfacePh
                0x000817ac       0x14 C:\Users\Ray\AppData\Local\Temp\VMBuilds\Controller\arduino_due_x_dbg\Debug/core.a(CDC.cpp.o)
                0x000817ac                CDC_GetInterface(unsigned char*)
 .text._Z21CDC_GetOtherInterfacePh
                0x000817c0       0x14 C:\Users\Ray\AppData\Local\Temp\VMBuilds\Controller\arduino_due_x_dbg\Debug/core.a(CDC.cpp.o)
                0x000817c0                CDC_GetOtherInterface(unsigned char*)
 .text._Z9CDC_SetupR8USBSetup
                0x000817d4       0x78 C:\Users\Ray\AppData\Local\Temp\VMBuilds\Controller\arduino_due_x_dbg\Debug/core.a(CDC.cpp.o)
                0x000817d4                CDC_Setup(USBSetup&)
 .text.startup._GLOBAL__sub_I_cdc_rx_buffer
                0x0008184c       0x1c C:\Users\Ray\AppData\Local\Temp\VMBuilds\Controller\arduino_due_x_dbg\Debug/core.a(CDC.cpp.o)
 .text._ZN13PluggableUSB_12getInterfaceEPh
                0x00081868       0x28 C:\Users\Ray\AppData\Local\Temp\VMBuilds\Controller\arduino_due_x_dbg\Debug/core.a(PluggableUSB.cpp.o)
                0x00081868                PluggableUSB_::getInterface(unsigned char*)
 .text._ZN13PluggableUSB_13getDescriptorER8USBSetup
                0x00081890       0x1c C:\Users\Ray\AppData\Local\Temp\VMBuilds\Controller\arduino_due_x_dbg\Debug/core.a(PluggableUSB.cpp.o)
                0x00081890                PluggableUSB_::getDescriptor(USBSetup&)
 .text._ZN13PluggableUSB_12getShortNameEPc
                0x000818ac       0x1c C:\Users\Ray\AppData\Local\Temp\VMBuilds\Controller\arduino_due_x_dbg\Debug/core.a(PluggableUSB.cpp.o)
                0x000818ac                PluggableUSB_::getShortName(char*)
 .text._ZN13PluggableUSB_5setupER8USBSetup
                0x000818c8       0x20 C:\Users\Ray\AppData\Local\Temp\VMBuilds\Controller\arduino_due_x_dbg\Debug/core.a(PluggableUSB.cpp.o)
                0x000818c8                PluggableUSB_::setup(USBSetup&)
 .text._Z12PluggableUSBv
                0x000818e8       0x28 C:\Users\Ray\AppData\Local\Temp\VMBuilds\Controller\arduino_due_x_dbg\Debug/core.a(PluggableUSB.cpp.o)
                0x000818e8                PluggableUSB()
 .text.TimeTick_Increment
                0x00081910       0x10 C:\Users\Ray\AppData\Local\arduino15\packages\arduino\hardware\sam\1.6.11\variants\arduino_due_x/libsam_sam3x8e_gcc_rel.a(timetick.o)
                0x00081910                TimeTick_Increment
 .text.GetTickCount
                0x00081920        0xc C:\Users\Ray\AppData\Local\arduino15\packages\arduino\hardware\sam\1.6.11\variants\arduino_due_x/libsam_sam3x8e_gcc_rel.a(timetick.o)
                0x00081920                GetTickCount
 .text.WDT_Disable
                0x0008192c        0x8 C:\Users\Ray\AppData\Local\arduino15\packages\arduino\hardware\sam\1.6.11\variants\arduino_due_x/libsam_sam3x8e_gcc_rel.a(wdt.o)
                0x0008192c                WDT_Disable
 .text.UDD_SetStack
                0x00081934        0xc C:\Users\Ray\AppData\Local\arduino15\packages\arduino\hardware\sam\1.6.11\variants\arduino_due_x/libsam_sam3x8e_gcc_rel.a(uotghs_device.o)
                0x00081934                UDD_SetStack
 .text.UDD_Init
                0x00081940       0xd0 C:\Users\Ray\AppData\Local\arduino15\packages\arduino\hardware\sam\1.6.11\variants\arduino_due_x/libsam_sam3x8e_gcc_rel.a(uotghs_device.o)
                0x00081940                UDD_Init
 .text.UDD_Attach
                0x00081a10       0x50 C:\Users\Ray\AppData\Local\arduino15\packages\arduino\hardware\sam\1.6.11\variants\arduino_due_x/libsam_sam3x8e_gcc_rel.a(uotghs_device.o)
                0x00081a10                UDD_Attach
 .text.UDD_InitEP
                0x00081a60       0x2c C:\Users\Ray\AppData\Local\arduino15\packages\arduino\hardware\sam\1.6.11\variants\arduino_due_x/libsam_sam3x8e_gcc_rel.a(uotghs_device.o)
                0x00081a60                UDD_InitEP
 .text.UDD_InitEndpoints
                0x00081a8c       0x3c C:\Users\Ray\AppData\Local\arduino15\packages\arduino\hardware\sam\1.6.11\variants\arduino_due_x/libsam_sam3x8e_gcc_rel.a(uotghs_device.o)
                0x00081a8c                UDD_InitEndpoints
 .text.UDD_WaitIN
                0x00081ac8       0x10 C:\Users\Ray\AppData\Local\arduino15\packages\arduino\hardware\sam\1.6.11\variants\arduino_due_x/libsam_sam3x8e_gcc_rel.a(uotghs_device.o)
                0x00081ac8                UDD_WaitIN
 .text.UDD_WaitOUT
                0x00081ad8       0x10 C:\Users\Ray\AppData\Local\arduino15\packages\arduino\hardware\sam\1.6.11\variants\arduino_due_x/libsam_sam3x8e_gcc_rel.a(uotghs_device.o)
                0x00081ad8                UDD_WaitOUT
 .text.UDD_ClearIN
                0x00081ae8       0x18 C:\Users\Ray\AppData\Local\arduino15\packages\arduino\hardware\sam\1.6.11\variants\arduino_due_x/libsam_sam3x8e_gcc_rel.a(uotghs_device.o)
                0x00081ae8                UDD_ClearIN
 .text.UDD_ClearOUT
                0x00081b00       0x18 C:\Users\Ray\AppData\Local\arduino15\packages\arduino\hardware\sam\1.6.11\variants\arduino_due_x/libsam_sam3x8e_gcc_rel.a(uotghs_device.o)
                0x00081b00                UDD_ClearOUT
 .text.UDD_ReceivedSetupInt
                0x00081b18       0x10 C:\Users\Ray\AppData\Local\arduino15\packages\arduino\hardware\sam\1.6.11\variants\arduino_due_x/libsam_sam3x8e_gcc_rel.a(uotghs_device.o)
                0x00081b18                UDD_ReceivedSetupInt
 .text.UDD_ClearSetupInt
                0x00081b28       0x10 C:\Users\Ray\AppData\Local\arduino15\packages\arduino\hardware\sam\1.6.11\variants\arduino_due_x/libsam_sam3x8e_gcc_rel.a(uotghs_device.o)
                0x00081b28                UDD_ClearSetupInt
 .text.UDD_Send
                0x00081b38       0x88 C:\Users\Ray\AppData\Local\arduino15\packages\arduino\hardware\sam\1.6.11\variants\arduino_due_x/libsam_sam3x8e_gcc_rel.a(uotghs_device.o)
                0x00081b38                UDD_Send
 .text.UDD_Send8
                0x00081bc0       0x24 C:\Users\Ray\AppData\Local\arduino15\packages\arduino\hardware\sam\1.6.11\variants\arduino_due_x/libsam_sam3x8e_gcc_rel.a(uotghs_device.o)
                0x00081bc0                UDD_Send8
 .text.UDD_Recv8
                0x00081be4       0x28 C:\Users\Ray\AppData\Local\arduino15\packages\arduino\hardware\sam\1.6.11\variants\arduino_due_x/libsam_sam3x8e_gcc_rel.a(uotghs_device.o)
                0x00081be4                UDD_Recv8
 .text.UDD_Recv
                0x00081c0c       0x34 C:\Users\Ray\AppData\Local\arduino15\packages\arduino\hardware\sam\1.6.11\variants\arduino_due_x/libsam_sam3x8e_gcc_rel.a(uotghs_device.o)
                0x00081c0c                UDD_Recv
 .text.UDD_Stall
                0x00081c40       0x14 C:\Users\Ray\AppData\Local\arduino15\packages\arduino\hardware\sam\1.6.11\variants\arduino_due_x/libsam_sam3x8e_gcc_rel.a(uotghs_device.o)
                0x00081c40                UDD_Stall
 .text.UDD_FifoByteCount
                0x00081c54       0x14 C:\Users\Ray\AppData\Local\arduino15\packages\arduino\hardware\sam\1.6.11\variants\arduino_due_x/libsam_sam3x8e_gcc_rel.a(uotghs_device.o)
                0x00081c54                UDD_FifoByteCount
 .text.UDD_ReleaseRX
                0x00081c68       0x28 C:\Users\Ray\AppData\Local\arduino15\packages\arduino\hardware\sam\1.6.11\variants\arduino_due_x/libsam_sam3x8e_gcc_rel.a(uotghs_device.o)
                0x00081c68                UDD_ReleaseRX
 .text.UDD_ReleaseTX
                0x00081c90       0x28 C:\Users\Ray\AppData\Local\arduino15\packages\arduino\hardware\sam\1.6.11\variants\arduino_due_x/libsam_sam3x8e_gcc_rel.a(uotghs_device.o)
                0x00081c90                UDD_ReleaseTX
 .text.UDD_SetAddress
                0x00081cb8       0x20 C:\Users\Ray\AppData\Local\arduino15\packages\arduino\hardware\sam\1.6.11\variants\arduino_due_x/libsam_sam3x8e_gcc_rel.a(uotghs_device.o)
                0x00081cb8                UDD_SetAddress
 .text.__libc_init_array
                0x00081cd8       0x50 c:/users/ray/appdata/local/arduino15/packages/arduino/tools/arm-none-eabi-gcc/4.8.3-2014q1/bin/../lib/gcc/arm-none-eabi/4.8.3/../../../../arm-none-eabi/lib/armv7-m\libg.a(lib_a-init.o)
                0x00081cd8                __libc_init_array
 .text.iprintf  0x00081d28       0x28 c:/users/ray/appdata/local/arduino15/packages/arduino/tools/arm-none-eabi-gcc/4.8.3-2014q1/bin/../lib/gcc/arm-none-eabi/4.8.3/../../../../arm-none-eabi/lib/armv7-m\libg.a(lib_a-iprintf.o)
                0x00081d28                iprintf
 .text.malloc   0x00081d50       0x10 c:/users/ray/appdata/local/arduino15/packages/arduino/tools/arm-none-eabi-gcc/4.8.3-2014q1/bin/../lib/gcc/arm-none-eabi/4.8.3/../../../../arm-none-eabi/lib/armv7-m\libg.a(lib_a-malloc.o)
                0x00081d50                malloc
 .text.free     0x00081d60       0x10 c:/users/ray/appdata/local/arduino15/packages/arduino/tools/arm-none-eabi-gcc/4.8.3-2014q1/bin/../lib/gcc/arm-none-eabi/4.8.3/../../../../arm-none-eabi/lib/armv7-m\libg.a(lib_a-malloc.o)
                0x00081d60                free
 .text._malloc_r
                0x00081d70      0x538 c:/users/ray/appdata/local/arduino15/packages/arduino/tools/arm-none-eabi-gcc/4.8.3-2014q1/bin/../lib/gcc/arm-none-eabi/4.8.3/../../../../arm-none-eabi/lib/armv7-m\libg.a(lib_a-mallocr.o)
                0x00081d70                _malloc_r
 .text          0x000822a8       0xec c:/users/ray/appdata/local/arduino15/packages/arduino/tools/arm-none-eabi-gcc/4.8.3-2014q1/bin/../lib/gcc/arm-none-eabi/4.8.3/../../../../arm-none-eabi/lib/armv7-m\libg.a(lib_a-memcpy.o)
                0x000822a8                memcpy
 .text.memmove  0x00082394       0xcc c:/users/ray/appdata/local/arduino15/packages/arduino/tools/arm-none-eabi-gcc/4.8.3-2014q1/bin/../lib/gcc/arm-none-eabi/4.8.3/../../../../arm-none-eabi/lib/armv7-m\libg.a(lib_a-memmove.o)
                0x00082394                memmove
 .text.memset   0x00082460       0x94 c:/users/ray/appdata/local/arduino15/packages/arduino/tools/arm-none-eabi-gcc/4.8.3-2014q1/bin/../lib/gcc/arm-none-eabi/4.8.3/../../../../arm-none-eabi/lib/armv7-m\libg.a(lib_a-memset.o)
                0x00082460                memset
 .text.__malloc_lock
                0x000824f4        0x4 c:/users/ray/appdata/local/arduino15/packages/arduino/tools/arm-none-eabi-gcc/4.8.3-2014q1/bin/../lib/gcc/arm-none-eabi/4.8.3/../../../../arm-none-eabi/lib/armv7-m\libg.a(lib_a-mlock.o)
                0x000824f4                __malloc_lock
 .text.__malloc_unlock
                0x000824f8        0x4 c:/users/ray/appdata/local/arduino15/packages/arduino/tools/arm-none-eabi-gcc/4.8.3-2014q1/bin/../lib/gcc/arm-none-eabi/4.8.3/../../../../arm-none-eabi/lib/armv7-m\libg.a(lib_a-mlock.o)
                0x000824f8                __malloc_unlock
 .text.realloc  0x000824fc       0x10 c:/users/ray/appdata/local/arduino15/packages/arduino/tools/arm-none-eabi-gcc/4.8.3-2014q1/bin/../lib/gcc/arm-none-eabi/4.8.3/../../../../arm-none-eabi/lib/armv7-m\libg.a(lib_a-realloc.o)
                0x000824fc                realloc
 .text._realloc_r
                0x0008250c      0x3c0 c:/users/ray/appdata/local/arduino15/packages/arduino/tools/arm-none-eabi-gcc/4.8.3-2014q1/bin/../lib/gcc/arm-none-eabi/4.8.3/../../../../arm-none-eabi/lib/armv7-m\libg.a(lib_a-reallocr.o)
                0x0008250c                _realloc_r
 .text._sbrk_r  0x000828cc       0x24 c:/users/ray/appdata/local/arduino15/packages/arduino/tools/arm-none-eabi-gcc/4.8.3-2014q1/bin/../lib/gcc/arm-none-eabi/4.8.3/../../../../arm-none-eabi/lib/armv7-m\libg.a(lib_a-sbrkr.o)
                0x000828cc                _sbrk_r
 .text.strcpy   0x000828f0       0xbc c:/users/ray/appdata/local/arduino15/packages/arduino/tools/arm-none-eabi-gcc/4.8.3-2014q1/bin/../lib/gcc/arm-none-eabi/4.8.3/../../../../arm-none-eabi/lib/armv7-m\libg.a(lib_a-strcpy.o)
                0x000828f0                strcpy
 .text.strlen   0x000829ac       0x60 c:/users/ray/appdata/local/arduino15/packages/arduino/tools/arm-none-eabi-gcc/4.8.3-2014q1/bin/../lib/gcc/arm-none-eabi/4.8.3/../../../../arm-none-eabi/lib/armv7-m\libg.a(lib_a-strlen.o)
                0x000829ac                strlen
 .text.kill     0x00082a0c       0x10 c:/users/ray/appdata/local/arduino15/packages/arduino/tools/arm-none-eabi-gcc/4.8.3-2014q1/bin/../lib/gcc/arm-none-eabi/4.8.3/../../../../arm-none-eabi/lib/armv7-m\libg.a(lib_a-syskill.o)
                0x00082a0c                kill
 .text.__sprint_r.part.0
                0x00082a1c       0x78 c:/users/ray/appdata/local/arduino15/packages/arduino/tools/arm-none-eabi-gcc/4.8.3-2014q1/bin/../lib/gcc/arm-none-eabi/4.8.3/../../../../arm-none-eabi/lib/armv7-m\libg.a(lib_a-vfiprintf.o)
 .text._vfiprintf_r
                0x00082a94      0xc54 c:/users/ray/appdata/local/arduino15/packages/arduino/tools/arm-none-eabi-gcc/4.8.3-2014q1/bin/../lib/gcc/arm-none-eabi/4.8.3/../../../../arm-none-eabi/lib/armv7-m\libg.a(lib_a-vfiprintf.o)
                0x00082a94                _vfiprintf_r
 .text.__sbprintf
                0x000836e8       0x7c c:/users/ray/appdata/local/arduino15/packages/arduino/tools/arm-none-eabi-gcc/4.8.3-2014q1/bin/../lib/gcc/arm-none-eabi/4.8.3/../../../../arm-none-eabi/lib/armv7-m\libg.a(lib_a-vfiprintf.o)
 .text.__swsetup_r
                0x00083764       0xc4 c:/users/ray/appdata/local/arduino15/packages/arduino/tools/arm-none-eabi-gcc/4.8.3-2014q1/bin/../lib/gcc/arm-none-eabi/4.8.3/../../../../arm-none-eabi/lib/armv7-m\libg.a(lib_a-wsetup.o)
                0x00083764                __swsetup_r
 .text.startup.register_fini
                0x00083828       0x14 c:/users/ray/appdata/local/arduino15/packages/arduino/tools/arm-none-eabi-gcc/4.8.3-2014q1/bin/../lib/gcc/arm-none-eabi/4.8.3/../../../../arm-none-eabi/lib/armv7-m\libg.a(lib_a-__call_atexit.o)
 .text.atexit   0x0008383c        0xc c:/users/ray/appdata/local/arduino15/packages/arduino/tools/arm-none-eabi-gcc/4.8.3-2014q1/bin/../lib/gcc/arm-none-eabi/4.8.3/../../../../arm-none-eabi/lib/armv7-m\libg.a(lib_a-atexit.o)
                0x0008383c                atexit
 .text.__sflush_r
                0x00083848      0x148 c:/users/ray/appdata/local/arduino15/packages/arduino/tools/arm-none-eabi-gcc/4.8.3-2014q1/bin/../lib/gcc/arm-none-eabi/4.8.3/../../../../arm-none-eabi/lib/armv7-m\libg.a(lib_a-fflush.o)
                0x00083848                __sflush_r
 .text._fflush_r
                0x00083990       0x2c c:/users/ray/appdata/local/arduino15/packages/arduino/tools/arm-none-eabi-gcc/4.8.3-2014q1/bin/../lib/gcc/arm-none-eabi/4.8.3/../../../../arm-none-eabi/lib/armv7-m\libg.a(lib_a-fflush.o)
                0x00083990                _fflush_r
 .text._cleanup_r
                0x000839bc        0xc c:/users/ray/appdata/local/arduino15/packages/arduino/tools/arm-none-eabi-gcc/4.8.3-2014q1/bin/../lib/gcc/arm-none-eabi/4.8.3/../../../../arm-none-eabi/lib/armv7-m\libg.a(lib_a-findfp.o)
                0x000839bc                _cleanup_r
 .text.__sinit  0x000839c8       0xf4 c:/users/ray/appdata/local/arduino15/packages/arduino/tools/arm-none-eabi-gcc/4.8.3-2014q1/bin/../lib/gcc/arm-none-eabi/4.8.3/../../../../arm-none-eabi/lib/armv7-m\libg.a(lib_a-findfp.o)
                0x000839c8                __sinit
 .text.__sfp_lock_acquire
                0x00083abc        0x4 c:/users/ray/appdata/local/arduino15/packages/arduino/tools/arm-none-eabi-gcc/4.8.3-2014q1/bin/../lib/gcc/arm-none-eabi/4.8.3/../../../../arm-none-eabi/lib/armv7-m\libg.a(lib_a-findfp.o)
                0x00083abc                __sfp_lock_acquire
 .text.__sfp_lock_release
                0x00083ac0        0x4 c:/users/ray/appdata/local/arduino15/packages/arduino/tools/arm-none-eabi-gcc/4.8.3-2014q1/bin/../lib/gcc/arm-none-eabi/4.8.3/../../../../arm-none-eabi/lib/armv7-m\libg.a(lib_a-findfp.o)
                0x00083ac0                __sfp_lock_release
 .text.__libc_fini_array
                0x00083ac4       0x30 c:/users/ray/appdata/local/arduino15/packages/arduino/tools/arm-none-eabi-gcc/4.8.3-2014q1/bin/../lib/gcc/arm-none-eabi/4.8.3/../../../../arm-none-eabi/lib/armv7-m\libg.a(lib_a-fini.o)
                0x00083ac4                __libc_fini_array
 .text._fputwc_r
                0x00083af4       0xc0 c:/users/ray/appdata/local/arduino15/packages/arduino/tools/arm-none-eabi-gcc/4.8.3-2014q1/bin/../lib/gcc/arm-none-eabi/4.8.3/../../../../arm-none-eabi/lib/armv7-m\libg.a(lib_a-fputwc.o)
                0x00083af4                _fputwc_r
 .text._malloc_trim_r
                0x00083bb4       0x9c c:/users/ray/appdata/local/arduino15/packages/arduino/tools/arm-none-eabi-gcc/4.8.3-2014q1/bin/../lib/gcc/arm-none-eabi/4.8.3/../../../../arm-none-eabi/lib/armv7-m\libg.a(lib_a-freer.o)
                0x00083bb4                _malloc_trim_r
 .text._free_r  0x00083c50      0x198 c:/users/ray/appdata/local/arduino15/packages/arduino/tools/arm-none-eabi-gcc/4.8.3-2014q1/bin/../lib/gcc/arm-none-eabi/4.8.3/../../../../arm-none-eabi/lib/armv7-m\libg.a(lib_a-freer.o)
                0x00083c50                _free_r
 .text.__sfvwrite_r
                0x00083de8      0x314 c:/users/ray/appdata/local/arduino15/packages/arduino/tools/arm-none-eabi-gcc/4.8.3-2014q1/bin/../lib/gcc/arm-none-eabi/4.8.3/../../../../arm-none-eabi/lib/armv7-m\libg.a(lib_a-fvwrite.o)
                0x00083de8                __sfvwrite_r
 .text._fwalk   0x000840fc       0x48 c:/users/ray/appdata/local/arduino15/packages/arduino/tools/arm-none-eabi-gcc/4.8.3-2014q1/bin/../lib/gcc/arm-none-eabi/4.8.3/../../../../arm-none-eabi/lib/armv7-m\libg.a(lib_a-fwalk.o)
                0x000840fc                _fwalk
 .text.__locale_charset
                0x00084144        0x8 c:/users/ray/appdata/local/arduino15/packages/arduino/tools/arm-none-eabi-gcc/4.8.3-2014q1/bin/../lib/gcc/arm-none-eabi/4.8.3/../../../../arm-none-eabi/lib/armv7-m\libg.a(lib_a-locale.o)
                0x00084144                __locale_charset
 .text.__locale_mb_cur_max
                0x0008414c        0xc c:/users/ray/appdata/local/arduino15/packages/arduino/tools/arm-none-eabi-gcc/4.8.3-2014q1/bin/../lib/gcc/arm-none-eabi/4.8.3/../../../../arm-none-eabi/lib/armv7-m\libg.a(lib_a-locale.o)
                0x0008414c                __locale_mb_cur_max
 .text.__smakebuf_r
                0x00084158       0xe0 c:/users/ray/appdata/local/arduino15/packages/arduino/tools/arm-none-eabi-gcc/4.8.3-2014q1/bin/../lib/gcc/arm-none-eabi/4.8.3/../../../../arm-none-eabi/lib/armv7-m\libg.a(lib_a-makebuf.o)
                0x00084158                __smakebuf_r
 .text.memchr   0x00084238       0x94 c:/users/ray/appdata/local/arduino15/packages/arduino/tools/arm-none-eabi-gcc/4.8.3-2014q1/bin/../lib/gcc/arm-none-eabi/4.8.3/../../../../arm-none-eabi/lib/armv7-m\libg.a(lib_a-memchr-stub.o)
                0x00084238                memchr
 .text._kill_r  0x000842cc       0x28 c:/users/ray/appdata/local/arduino15/packages/arduino/tools/arm-none-eabi-gcc/4.8.3-2014q1/bin/../lib/gcc/arm-none-eabi/4.8.3/../../../../arm-none-eabi/lib/armv7-m\libg.a(lib_a-signalr.o)
                0x000842cc                _kill_r
 .text.__sread  0x000842f4       0x24 c:/users/ray/appdata/local/arduino15/packages/arduino/tools/arm-none-eabi-gcc/4.8.3-2014q1/bin/../lib/gcc/arm-none-eabi/4.8.3/../../../../arm-none-eabi/lib/armv7-m\libg.a(lib_a-stdio.o)
                0x000842f4                __sread
 .text.__swrite
                0x00084318       0x38 c:/users/ray/appdata/local/arduino15/packages/arduino/tools/arm-none-eabi-gcc/4.8.3-2014q1/bin/../lib/gcc/arm-none-eabi/4.8.3/../../../../arm-none-eabi/lib/armv7-m\libg.a(lib_a-stdio.o)
                0x00084318                __swrite
 .text.__sseek  0x00084350       0x20 c:/users/ray/appdata/local/arduino15/packages/arduino/tools/arm-none-eabi-gcc/4.8.3-2014q1/bin/../lib/gcc/arm-none-eabi/4.8.3/../../../../arm-none-eabi/lib/armv7-m\libg.a(lib_a-stdio.o)
                0x00084350                __sseek
 .text.__sclose
                0x00084370        0x8 c:/users/ray/appdata/local/arduino15/packages/arduino/tools/arm-none-eabi-gcc/4.8.3-2014q1/bin/../lib/gcc/arm-none-eabi/4.8.3/../../../../arm-none-eabi/lib/armv7-m\libg.a(lib_a-stdio.o)
                0x00084370                __sclose
 .text.__swbuf_r
                0x00084378       0xa8 c:/users/ray/appdata/local/arduino15/packages/arduino/tools/arm-none-eabi-gcc/4.8.3-2014q1/bin/../lib/gcc/arm-none-eabi/4.8.3/../../../../arm-none-eabi/lib/armv7-m\libg.a(lib_a-wbuf.o)
                0x00084378                __swbuf_r
 .text._wcrtomb_r
                0x00084420       0x50 c:/users/ray/appdata/local/arduino15/packages/arduino/tools/arm-none-eabi-gcc/4.8.3-2014q1/bin/../lib/gcc/arm-none-eabi/4.8.3/../../../../arm-none-eabi/lib/armv7-m\libg.a(lib_a-wcrtomb.o)
                0x00084420                _wcrtomb_r
 .text.__ascii_wctomb
                0x00084470       0x1c c:/users/ray/appdata/local/arduino15/packages/arduino/tools/arm-none-eabi-gcc/4.8.3-2014q1/bin/../lib/gcc/arm-none-eabi/4.8.3/../../../../arm-none-eabi/lib/armv7-m\libg.a(lib_a-wctomb_r.o)
                0x00084470                __ascii_wctomb
 .text._write_r
                0x0008448c       0x28 c:/users/ray/appdata/local/arduino15/packages/arduino/tools/arm-none-eabi-gcc/4.8.3-2014q1/bin/../lib/gcc/arm-none-eabi/4.8.3/../../../../arm-none-eabi/lib/armv7-m\libg.a(lib_a-writer.o)
                0x0008448c                _write_r
 .text.__register_exitproc
                0x000844b4       0xa8 c:/users/ray/appdata/local/arduino15/packages/arduino/tools/arm-none-eabi-gcc/4.8.3-2014q1/bin/../lib/gcc/arm-none-eabi/4.8.3/../../../../arm-none-eabi/lib/armv7-m\libg.a(lib_a-__atexit.o)
                0x000844b4                __register_exitproc
 .text._close_r
                0x0008455c       0x24 c:/users/ray/appdata/local/arduino15/packages/arduino/tools/arm-none-eabi-gcc/4.8.3-2014q1/bin/../lib/gcc/arm-none-eabi/4.8.3/../../../../arm-none-eabi/lib/armv7-m\libg.a(lib_a-closer.o)
                0x0008455c                _close_r
 .text._fclose_r
                0x00084580       0x80 c:/users/ray/appdata/local/arduino15/packages/arduino/tools/arm-none-eabi-gcc/4.8.3-2014q1/bin/../lib/gcc/arm-none-eabi/4.8.3/../../../../arm-none-eabi/lib/armv7-m\libg.a(lib_a-fclose.o)
                0x00084580                _fclose_r
 .text.fclose   0x00084600       0x10 c:/users/ray/appdata/local/arduino15/packages/arduino/tools/arm-none-eabi-gcc/4.8.3-2014q1/bin/../lib/gcc/arm-none-eabi/4.8.3/../../../../arm-none-eabi/lib/armv7-m\libg.a(lib_a-fclose.o)
                0x00084600                fclose
 .text._fstat_r
                0x00084610       0x28 c:/users/ray/appdata/local/arduino15/packages/arduino/tools/arm-none-eabi-gcc/4.8.3-2014q1/bin/../lib/gcc/arm-none-eabi/4.8.3/../../../../arm-none-eabi/lib/armv7-m\libg.a(lib_a-fstatr.o)
                0x00084610                _fstat_r
 .text._isatty_r
                0x00084638       0x24 c:/users/ray/appdata/local/arduino15/packages/arduino/tools/arm-none-eabi-gcc/4.8.3-2014q1/bin/../lib/gcc/arm-none-eabi/4.8.3/../../../../arm-none-eabi/lib/armv7-m\libg.a(lib_a-isattyr.o)
                0x00084638                _isatty_r
 .text._lseek_r
                0x0008465c       0x28 c:/users/ray/appdata/local/arduino15/packages/arduino/tools/arm-none-eabi-gcc/4.8.3-2014q1/bin/../lib/gcc/arm-none-eabi/4.8.3/../../../../arm-none-eabi/lib/armv7-m\libg.a(lib_a-lseekr.o)
                0x0008465c                _lseek_r
 .text._read_r  0x00084684       0x28 c:/users/ray/appdata/local/arduino15/packages/arduino/tools/arm-none-eabi-gcc/4.8.3-2014q1/bin/../lib/gcc/arm-none-eabi/4.8.3/../../../../arm-none-eabi/lib/armv7-m\libg.a(lib_a-readr.o)
                0x00084684                _read_r
 .text          0x000846ac       0x2c c:/users/ray/appdata/local/arduino15/packages/arduino/tools/arm-none-eabi-gcc/4.8.3-2014q1/bin/../lib/gcc/arm-none-eabi/4.8.3/armv7-m\libgcc.a(_aeabi_uldivmod.o)
                0x000846ac                __aeabi_uldivmod
 .text          0x000846d8       0x60 c:/users/ray/appdata/local/arduino15/packages/arduino/tools/arm-none-eabi-gcc/4.8.3-2014q1/bin/../lib/gcc/arm-none-eabi/4.8.3/armv7-m\libgcc.a(bpabi.o)
                0x000846d8                __gnu_ldivmod_helper
                0x00084708                __gnu_uldivmod_helper
 .text          0x00084738        0x4 c:/users/ray/appdata/local/arduino15/packages/arduino/tools/arm-none-eabi-gcc/4.8.3-2014q1/bin/../lib/gcc/arm-none-eabi/4.8.3/armv7-m\libgcc.a(_dvmd_tls.o)
                0x00084738                __aeabi_idiv0
                0x00084738                __aeabi_ldiv0
 .text          0x0008473c      0x2a0 c:/users/ray/appdata/local/arduino15/packages/arduino/tools/arm-none-eabi-gcc/4.8.3-2014q1/bin/../lib/gcc/arm-none-eabi/4.8.3/armv7-m\libgcc.a(_divdi3.o)
                0x0008473c                __divdi3
 .text          0x000849dc      0x290 c:/users/ray/appdata/local/arduino15/packages/arduino/tools/arm-none-eabi-gcc/4.8.3-2014q1/bin/../lib/gcc/arm-none-eabi/4.8.3/armv7-m\libgcc.a(_udivdi3.o)
                0x000849dc                __udivdi3
 *(.glue_7t)
 .glue_7t       0x00000000        0x0 linker stubs
 *(.glue_7)
 .glue_7        0x00000000        0x0 linker stubs
 *(.rodata .rodata* .gnu.linkonce.r.*)
 .rodata.str1.1
                0x00084c6c        0x6 C:\Users\Ray\AppData\Local\Temp\VMBuilds\Controller\arduino_due_x_dbg\Debug\Controller.cpp.o
 .rodata.str1.1
                0x00084c72       0x22 C:\Users\Ray\AppData\Local\Temp\VMBuilds\Controller\arduino_due_x_dbg\Debug\lib\SmartHouse.cpp.o
 .rodata.g_APinDescription
                0x00084c94      0xa2c C:\Users\Ray\AppData\Local\Temp\VMBCore\arduino16x\018918945f122068ecf6eace323d4c04\variant\variant.cpp.o
                0x00084c94                g_APinDescription
 .rodata        0x000856c0       0x40 C:\Users\Ray\AppData\Local\arduino15\packages\arduino\hardware\sam\1.6.11\variants\arduino_due_x/libsam_sam3x8e_gcc_rel.a(adc.o)
 .rodata.str1.1
                0x00085700       0x19 C:\Users\Ray\AppData\Local\Temp\VMBuilds\Controller\arduino_due_x_dbg\Debug/core.a(syscalls_sam3.c.o)
 .rodata.str1.1
                0x00085719        0xf C:\Users\Ray\AppData\Local\Temp\VMBuilds\Controller\arduino_due_x_dbg\Debug/core.a(Print.cpp.o)
 .rodata._ZTV9UARTClass
                0x00085728       0x30 C:\Users\Ray\AppData\Local\Temp\VMBuilds\Controller\arduino_due_x_dbg\Debug/core.a(UARTClass.cpp.o)
                0x00085728                vtable for UARTClass
 .rodata._ZTV10USARTClass
                0x00085758       0x30 C:\Users\Ray\AppData\Local\Temp\VMBuilds\Controller\arduino_due_x_dbg\Debug/core.a(USARTClass.cpp.o)
                0x00085758                vtable for USARTClass
 .rodata.STRING_PRODUCT
                0x00085788        0xc C:\Users\Ray\AppData\Local\Temp\VMBuilds\Controller\arduino_due_x_dbg\Debug/core.a(USBCore.cpp.o)
                0x00085788                STRING_PRODUCT
 .rodata.USB_DeviceDescriptor
                0x00085794       0x12 C:\Users\Ray\AppData\Local\Temp\VMBuilds\Controller\arduino_due_x_dbg\Debug/core.a(USBCore.cpp.o)
                0x00085794                USB_DeviceDescriptor
 .rodata.STRING_LANGUAGE
                0x000857a6        0x4 C:\Users\Ray\AppData\Local\Temp\VMBuilds\Controller\arduino_due_x_dbg\Debug/core.a(USBCore.cpp.o)
                0x000857a6                STRING_LANGUAGE
 .rodata._ZL18test_packet_buffer
                0x000857aa       0x35 C:\Users\Ray\AppData\Local\Temp\VMBuilds\Controller\arduino_due_x_dbg\Debug/core.a(USBCore.cpp.o)
 .rodata.STRING_MANUFACTURER
                0x000857df        0xc C:\Users\Ray\AppData\Local\Temp\VMBuilds\Controller\arduino_due_x_dbg\Debug/core.a(USBCore.cpp.o)
                0x000857df                STRING_MANUFACTURER
 .rodata.USB_DeviceDescriptorA
                0x000857eb       0x12 C:\Users\Ray\AppData\Local\Temp\VMBuilds\Controller\arduino_due_x_dbg\Debug/core.a(USBCore.cpp.o)
                0x000857eb                USB_DeviceDescriptorA
 .rodata._ZL19USB_DeviceQualifier
                0x000857fd        0x9 C:\Users\Ray\AppData\Local\Temp\VMBuilds\Controller\arduino_due_x_dbg\Debug/core.a(USBCore.cpp.o)
 *fill*         0x00085806        0x2 
 .rodata._ZTV7Serial_
                0x00085808       0x28 C:\Users\Ray\AppData\Local\Temp\VMBuilds\Controller\arduino_due_x_dbg\Debug/core.a(CDC.cpp.o)
                0x00085808                vtable for Serial_
 .rodata._ZL18_cdcOtherInterface
                0x00085830       0x42 C:\Users\Ray\AppData\Local\Temp\VMBuilds\Controller\arduino_due_x_dbg\Debug/core.a(CDC.cpp.o)
 .rodata._ZL13_cdcInterface
                0x00085872       0x42 C:\Users\Ray\AppData\Local\Temp\VMBuilds\Controller\arduino_due_x_dbg\Debug/core.a(CDC.cpp.o)
 .rodata.str1.4
                0x000858b4        0x2 c:/users/ray/appdata/local/arduino15/packages/arduino/tools/arm-none-eabi-gcc/4.8.3-2014q1/bin/../lib/gcc/arm-none-eabi/4.8.3/../../../../arm-none-eabi/lib/armv7-m\libg.a(lib_a-impure.o)
                                  0x4 (size before relaxing)
 *fill*         0x000858b6        0x2 
 .rodata._global_impure_ptr
                0x000858b8        0x4 c:/users/ray/appdata/local/arduino15/packages/arduino/tools/arm-none-eabi-gcc/4.8.3-2014q1/bin/../lib/gcc/arm-none-eabi/4.8.3/../../../../arm-none-eabi/lib/armv7-m\libg.a(lib_a-impure.o)
                0x000858b8                _global_impure_ptr
 .rodata.blanks.6717
                0x000858bc       0x10 c:/users/ray/appdata/local/arduino15/packages/arduino/tools/arm-none-eabi-gcc/4.8.3-2014q1/bin/../lib/gcc/arm-none-eabi/4.8.3/../../../../arm-none-eabi/lib/armv7-m\libg.a(lib_a-vfiprintf.o)
 .rodata.str1.4
                0x000858cc       0x30 c:/users/ray/appdata/local/arduino15/packages/arduino/tools/arm-none-eabi-gcc/4.8.3-2014q1/bin/../lib/gcc/arm-none-eabi/4.8.3/../../../../arm-none-eabi/lib/armv7-m\libg.a(lib_a-vfiprintf.o)
 .rodata.zeroes.6718
                0x000858fc       0x10 c:/users/ray/appdata/local/arduino15/packages/arduino/tools/arm-none-eabi-gcc/4.8.3-2014q1/bin/../lib/gcc/arm-none-eabi/4.8.3/../../../../arm-none-eabi/lib/armv7-m\libg.a(lib_a-vfiprintf.o)
 *(.ARM.extab* .gnu.linkonce.armextab.*)
                0x0008590c                . = ALIGN (0x4)
 *(.init)
 .init          0x0008590c        0x4 c:/users/ray/appdata/local/arduino15/packages/arduino/tools/arm-none-eabi-gcc/4.8.3-2014q1/bin/../lib/gcc/arm-none-eabi/4.8.3/armv7-m/crti.o
                0x0008590c                _init
 .init          0x00085910        0x8 c:/users/ray/appdata/local/arduino15/packages/arduino/tools/arm-none-eabi-gcc/4.8.3-2014q1/bin/../lib/gcc/arm-none-eabi/4.8.3/armv7-m/crtn.o
                0x00085918                . = ALIGN (0x4)
                0x00085918                __preinit_array_start = .
 *(.preinit_array)
                0x00085918                __preinit_array_end = .
                0x00085918                . = ALIGN (0x4)
                0x00085918                __init_array_start = .
 *(SORT(.init_array.*))
 .init_array.00000
                0x00085918        0x4 c:/users/ray/appdata/local/arduino15/packages/arduino/tools/arm-none-eabi-gcc/4.8.3-2014q1/bin/../lib/gcc/arm-none-eabi/4.8.3/../../../../arm-none-eabi/lib/armv7-m\libg.a(lib_a-__call_atexit.o)
 *(.init_array)
 .init_array    0x0008591c        0x4 c:/users/ray/appdata/local/arduino15/packages/arduino/tools/arm-none-eabi-gcc/4.8.3-2014q1/bin/../lib/gcc/arm-none-eabi/4.8.3/armv7-m/crtbegin.o
 .init_array    0x00085920        0x4 C:\Users\Ray\AppData\Local\Temp\VMBCore\arduino16x\018918945f122068ecf6eace323d4c04\variant\variant.cpp.o
 .init_array    0x00085924        0x4 C:\Users\Ray\AppData\Local\Temp\VMBuilds\Controller\arduino_due_x_dbg\Debug/core.a(USBCore.cpp.o)
 .init_array    0x00085928        0x4 C:\Users\Ray\AppData\Local\Temp\VMBuilds\Controller\arduino_due_x_dbg\Debug/core.a(CDC.cpp.o)
                0x0008592c                __init_array_end = .
                0x0008592c                . = ALIGN (0x4)
 *crtbegin.o(.ctors)
 *(EXCLUDE_FILE(*crtend.o) .ctors)
 *(SORT(.ctors.*))
 *crtend.o(.ctors)
                0x0008592c                . = ALIGN (0x4)
 *(.fini)
 .fini          0x0008592c        0x4 c:/users/ray/appdata/local/arduino15/packages/arduino/tools/arm-none-eabi-gcc/4.8.3-2014q1/bin/../lib/gcc/arm-none-eabi/4.8.3/armv7-m/crti.o
                0x0008592c                _fini
 .fini          0x00085930        0x8 c:/users/ray/appdata/local/arduino15/packages/arduino/tools/arm-none-eabi-gcc/4.8.3-2014q1/bin/../lib/gcc/arm-none-eabi/4.8.3/armv7-m/crtn.o
                0x00085938                . = ALIGN (0x4)
                0x00085938                __fini_array_start = .
 *(.fini_array)
 .fini_array    0x00085938        0x4 c:/users/ray/appdata/local/arduino15/packages/arduino/tools/arm-none-eabi-gcc/4.8.3-2014q1/bin/../lib/gcc/arm-none-eabi/4.8.3/armv7-m/crtbegin.o
 *(SORT(.fini_array.*))
                0x0008593c                __fini_array_end = .
 *crtbegin.o(.dtors)
 *(EXCLUDE_FILE(*crtend.o) .dtors)
 *(SORT(.dtors.*))
 *crtend.o(.dtors)
                0x0008593c                . = ALIGN (0x4)
                0x0008593c                _efixed = .
                0x0008593c                PROVIDE (__exidx_start, .)

.vfp11_veneer   0x0008593c        0x0
 .vfp11_veneer  0x00000000        0x0 linker stubs

.v4_bx          0x0008593c        0x0
 .v4_bx         0x00000000        0x0 linker stubs

.iplt           0x0008593c        0x0
 .iplt          0x00000000        0x0 c:/users/ray/appdata/local/arduino15/packages/arduino/tools/arm-none-eabi-gcc/4.8.3-2014q1/bin/../lib/gcc/arm-none-eabi/4.8.3/armv7-m/crtbegin.o

.ARM.exidx      0x0008593c        0x8
 *(.ARM.exidx* .gnu.linkonce.armexidx.*)
 .ARM.exidx     0x0008593c        0x8 c:/users/ray/appdata/local/arduino15/packages/arduino/tools/arm-none-eabi-gcc/4.8.3-2014q1/bin/../lib/gcc/arm-none-eabi/4.8.3/armv7-m\libgcc.a(_divdi3.o)
 .ARM.exidx     0x00085944        0x0 c:/users/ray/appdata/local/arduino15/packages/arduino/tools/arm-none-eabi-gcc/4.8.3-2014q1/bin/../lib/gcc/arm-none-eabi/4.8.3/armv7-m\libgcc.a(_udivdi3.o)
                                  0x8 (size before relaxing)
                0x00085944                PROVIDE (__exidx_end, .)

.eh_frame       0x00085944        0x0
 .eh_frame      0x00085944        0x0 c:/users/ray/appdata/local/arduino15/packages/arduino/tools/arm-none-eabi-gcc/4.8.3-2014q1/bin/../lib/gcc/arm-none-eabi/4.8.3/armv7-m/crtbegin.o

.rel.dyn        0x00085944        0x0
 .rel.iplt      0x00000000        0x0 c:/users/ray/appdata/local/arduino15/packages/arduino/tools/arm-none-eabi-gcc/4.8.3-2014q1/bin/../lib/gcc/arm-none-eabi/4.8.3/armv7-m/crtbegin.o

.jcr            0x00085944        0x0
 .jcr           0x00085944        0x0 c:/users/ray/appdata/local/arduino15/packages/arduino/tools/arm-none-eabi-gcc/4.8.3-2014q1/bin/../lib/gcc/arm-none-eabi/4.8.3/armv7-m/crtbegin.o

.igot.plt       0x00085944        0x0
 .igot.plt      0x00000000        0x0 c:/users/ray/appdata/local/arduino15/packages/arduino/tools/arm-none-eabi-gcc/4.8.3-2014q1/bin/../lib/gcc/arm-none-eabi/4.8.3/armv7-m/crtbegin.o
                0x00085944                . = ALIGN (0x4)
                0x00085944                _etext = .

.relocate       0x20070000      0x8d4 load address 0x00085944
                0x20070000                . = ALIGN (0x4)
                0x20070000                _srelocate = .
 *(.ramfunc .ramfunc.*)
 .ramfunc       0x20070000       0x2c C:\Users\Ray\AppData\Local\Temp\VMBuilds\Controller\arduino_due_x_dbg\Debug/core.a(Reset.cpp.o)
                0x20070000                banzai
 *(.data .data.*)
 .data.SystemCoreClock
                0x2007002c        0x4 C:\Users\Ray\AppData\Local\arduino15\packages\arduino\hardware\sam\1.6.11\variants\arduino_due_x/libsam_sam3x8e_gcc_rel.a(system_sam3xa.o)
                0x2007002c                SystemCoreClock
 .data._ZL5ticks
                0x20070030        0x4 C:\Users\Ray\AppData\Local\Temp\VMBuilds\Controller\arduino_due_x_dbg\Debug/core.a(Reset.cpp.o)
 .data.EndPoints
                0x20070034       0x28 C:\Users\Ray\AppData\Local\Temp\VMBuilds\Controller\arduino_due_x_dbg\Debug/core.a(USBCore.cpp.o)
                0x20070034                EndPoints
 .data._ZL10breakValue
                0x2007005c        0x4 C:\Users\Ray\AppData\Local\Temp\VMBuilds\Controller\arduino_due_x_dbg\Debug/core.a(CDC.cpp.o)
 .data._ZL12_usbLineInfo
                0x20070060        0x8 C:\Users\Ray\AppData\Local\Temp\VMBuilds\Controller\arduino_due_x_dbg\Debug/core.a(CDC.cpp.o)
 .data.g_interrupt_enabled
                0x20070068        0x4 C:\Users\Ray\AppData\Local\arduino15\packages\arduino\hardware\sam\1.6.11\variants\arduino_due_x/libsam_sam3x8e_gcc_rel.a(interrupt_sam_nvic.o)
                0x20070068                g_interrupt_enabled
 *fill*         0x2007006c        0x4 
 .data.impure_data
                0x20070070      0x428 c:/users/ray/appdata/local/arduino15/packages/arduino/tools/arm-none-eabi-gcc/4.8.3-2014q1/bin/../lib/gcc/arm-none-eabi/4.8.3/../../../../arm-none-eabi/lib/armv7-m\libg.a(lib_a-impure.o)
 .data._impure_ptr
                0x20070498        0x4 c:/users/ray/appdata/local/arduino15/packages/arduino/tools/arm-none-eabi-gcc/4.8.3-2014q1/bin/../lib/gcc/arm-none-eabi/4.8.3/../../../../arm-none-eabi/lib/armv7-m\libg.a(lib_a-impure.o)
                0x20070498                _impure_ptr
 .data.__malloc_av_
                0x2007049c      0x408 c:/users/ray/appdata/local/arduino15/packages/arduino/tools/arm-none-eabi-gcc/4.8.3-2014q1/bin/../lib/gcc/arm-none-eabi/4.8.3/../../../../arm-none-eabi/lib/armv7-m\libg.a(lib_a-mallocr.o)
                0x2007049c                __malloc_av_
 .data.__malloc_trim_threshold
                0x200708a4        0x4 c:/users/ray/appdata/local/arduino15/packages/arduino/tools/arm-none-eabi-gcc/4.8.3-2014q1/bin/../lib/gcc/arm-none-eabi/4.8.3/../../../../arm-none-eabi/lib/armv7-m\libg.a(lib_a-mallocr.o)
                0x200708a4                __malloc_trim_threshold
 .data.__malloc_sbrk_base
                0x200708a8        0x4 c:/users/ray/appdata/local/arduino15/packages/arduino/tools/arm-none-eabi-gcc/4.8.3-2014q1/bin/../lib/gcc/arm-none-eabi/4.8.3/../../../../arm-none-eabi/lib/armv7-m\libg.a(lib_a-mallocr.o)
                0x200708a8                __malloc_sbrk_base
 .data.lc_ctype_charset
                0x200708ac       0x20 c:/users/ray/appdata/local/arduino15/packages/arduino/tools/arm-none-eabi-gcc/4.8.3-2014q1/bin/../lib/gcc/arm-none-eabi/4.8.3/../../../../arm-none-eabi/lib/armv7-m\libg.a(lib_a-locale.o)
 .data.__mb_cur_max
                0x200708cc        0x4 c:/users/ray/appdata/local/arduino15/packages/arduino/tools/arm-none-eabi-gcc/4.8.3-2014q1/bin/../lib/gcc/arm-none-eabi/4.8.3/../../../../arm-none-eabi/lib/armv7-m\libg.a(lib_a-locale.o)
                0x200708cc                __mb_cur_max
 .data.__wctomb
                0x200708d0        0x4 c:/users/ray/appdata/local/arduino15/packages/arduino/tools/arm-none-eabi-gcc/4.8.3-2014q1/bin/../lib/gcc/arm-none-eabi/4.8.3/../../../../arm-none-eabi/lib/armv7-m\libg.a(lib_a-wctomb_r.o)
                0x200708d0                __wctomb
                0x200708d4                . = ALIGN (0x4)
                0x200708d4                _erelocate = .

.bss            0x200708d4      0x828 load address 0x00086218
                0x200708d4                . = ALIGN (0x4)
                0x200708d4                _sbss = .
                0x200708d4                _szero = .
 *(.bss .bss.*)
 .bss           0x200708d4       0x1c c:/users/ray/appdata/local/arduino15/packages/arduino/tools/arm-none-eabi-gcc/4.8.3-2014q1/bin/../lib/gcc/arm-none-eabi/4.8.3/armv7-m/crtbegin.o
 .bss.tx_buffer2
                0x200708f0       0x88 C:\Users\Ray\AppData\Local\Temp\VMBCore\arduino16x\018918945f122068ecf6eace323d4c04\variant\variant.cpp.o
                0x200708f0                tx_buffer2
 .bss.tx_buffer1
                0x20070978       0x88 C:\Users\Ray\AppData\Local\Temp\VMBCore\arduino16x\018918945f122068ecf6eace323d4c04\variant\variant.cpp.o
                0x20070978                tx_buffer1
 .bss.Serial    0x20070a00       0x24 C:\Users\Ray\AppData\Local\Temp\VMBCore\arduino16x\018918945f122068ecf6eace323d4c04\variant\variant.cpp.o
                0x20070a00                Serial
 .bss.rx_buffer1
                0x20070a24       0x88 C:\Users\Ray\AppData\Local\Temp\VMBCore\arduino16x\018918945f122068ecf6eace323d4c04\variant\variant.cpp.o
                0x20070a24                rx_buffer1
 .bss.Serial1   0x20070aac       0x28 C:\Users\Ray\AppData\Local\Temp\VMBCore\arduino16x\018918945f122068ecf6eace323d4c04\variant\variant.cpp.o
                0x20070aac                Serial1
 .bss.Serial2   0x20070ad4       0x28 C:\Users\Ray\AppData\Local\Temp\VMBCore\arduino16x\018918945f122068ecf6eace323d4c04\variant\variant.cpp.o
                0x20070ad4                Serial2
 .bss.Serial3   0x20070afc       0x28 C:\Users\Ray\AppData\Local\Temp\VMBCore\arduino16x\018918945f122068ecf6eace323d4c04\variant\variant.cpp.o
                0x20070afc                Serial3
 .bss.tx_buffer3
                0x20070b24       0x88 C:\Users\Ray\AppData\Local\Temp\VMBCore\arduino16x\018918945f122068ecf6eace323d4c04\variant\variant.cpp.o
                0x20070b24                tx_buffer3
 .bss.tx_buffer4
                0x20070bac       0x88 C:\Users\Ray\AppData\Local\Temp\VMBCore\arduino16x\018918945f122068ecf6eace323d4c04\variant\variant.cpp.o
                0x20070bac                tx_buffer4
 .bss.g_pinStatus
                0x20070c34       0x4f C:\Users\Ray\AppData\Local\Temp\VMBCore\arduino16x\018918945f122068ecf6eace323d4c04\variant\variant.cpp.o
                0x20070c34                g_pinStatus
 *fill*         0x20070c83        0x1 
 .bss.rx_buffer2
                0x20070c84       0x88 C:\Users\Ray\AppData\Local\Temp\VMBCore\arduino16x\018918945f122068ecf6eace323d4c04\variant\variant.cpp.o
                0x20070c84                rx_buffer2
 .bss.rx_buffer3
                0x20070d0c       0x88 C:\Users\Ray\AppData\Local\Temp\VMBCore\arduino16x\018918945f122068ecf6eace323d4c04\variant\variant.cpp.o
                0x20070d0c                rx_buffer3
 .bss.rx_buffer4
                0x20070d94       0x88 C:\Users\Ray\AppData\Local\Temp\VMBCore\arduino16x\018918945f122068ecf6eace323d4c04\variant\variant.cpp.o
                0x20070d94                rx_buffer4
 .bss.gpf_isr   0x20070e1c        0x4 C:\Users\Ray\AppData\Local\arduino15\packages\arduino\hardware\sam\1.6.11\variants\arduino_due_x/libsam_sam3x8e_gcc_rel.a(uotghs.o)
                0x20070e1c                gpf_isr
 .bss.heap.6420
                0x20070e20        0x4 C:\Users\Ray\AppData\Local\Temp\VMBuilds\Controller\arduino_due_x_dbg\Debug/core.a(syscalls_sam3.c.o)
 .bss._cmark    0x20070e24        0x2 C:\Users\Ray\AppData\Local\Temp\VMBuilds\Controller\arduino_due_x_dbg\Debug/core.a(USBCore.cpp.o)
                0x20070e24                _cmark
 .bss._ZL14isEndpointHalt
                0x20070e26        0x1 C:\Users\Ray\AppData\Local\Temp\VMBuilds\Controller\arduino_due_x_dbg\Debug/core.a(USBCore.cpp.o)
 *fill*         0x20070e27        0x1 
 .bss._cdcComposite
                0x20070e28        0x4 C:\Users\Ray\AppData\Local\Temp\VMBuilds\Controller\arduino_due_x_dbg\Debug/core.a(USBCore.cpp.o)
                0x20070e28                _cdcComposite
 .bss._ZL21isRemoteWakeUpEnabled
                0x20070e2c        0x1 C:\Users\Ray\AppData\Local\Temp\VMBuilds\Controller\arduino_due_x_dbg\Debug/core.a(USBCore.cpp.o)
 *fill*         0x20070e2d        0x3 
 .bss._usbInitialized
                0x20070e30        0x4 C:\Users\Ray\AppData\Local\Temp\VMBuilds\Controller\arduino_due_x_dbg\Debug/core.a(USBCore.cpp.o)
                0x20070e30                _usbInitialized
 .bss.USBDevice
                0x20070e34        0x1 C:\Users\Ray\AppData\Local\Temp\VMBuilds\Controller\arduino_due_x_dbg\Debug/core.a(USBCore.cpp.o)
                0x20070e34                USBDevice
 *fill*         0x20070e35        0x3 
 .bss._usbSetInterface
                0x20070e38        0x4 C:\Users\Ray\AppData\Local\Temp\VMBuilds\Controller\arduino_due_x_dbg\Debug/core.a(USBCore.cpp.o)
                0x20070e38                _usbSetInterface
 .bss._cend     0x20070e3c        0x2 C:\Users\Ray\AppData\Local\Temp\VMBuilds\Controller\arduino_due_x_dbg\Debug/core.a(USBCore.cpp.o)
                0x20070e3c                _cend
 *fill*         0x20070e3e        0x2 
 .bss._usbConfiguration
                0x20070e40        0x4 C:\Users\Ray\AppData\Local\Temp\VMBuilds\Controller\arduino_due_x_dbg\Debug/core.a(USBCore.cpp.o)
                0x20070e40                _usbConfiguration
 .bss.cdc_rx_buffer
                0x20070e44      0x208 C:\Users\Ray\AppData\Local\Temp\VMBuilds\Controller\arduino_due_x_dbg\Debug/core.a(CDC.cpp.o)
                0x20070e44                cdc_rx_buffer
 .bss._ZZN7Serial_6acceptEvE5guard
                0x2007104c        0x4 C:\Users\Ray\AppData\Local\Temp\VMBuilds\Controller\arduino_due_x_dbg\Debug/core.a(CDC.cpp.o)
 .bss.SerialUSB
                0x20071050       0x14 C:\Users\Ray\AppData\Local\Temp\VMBuilds\Controller\arduino_due_x_dbg\Debug/core.a(CDC.cpp.o)
                0x20071050                SerialUSB
 .bss._ZZ12PluggableUSBvE3obj
                0x20071064        0x8 C:\Users\Ray\AppData\Local\Temp\VMBuilds\Controller\arduino_due_x_dbg\Debug/core.a(PluggableUSB.cpp.o)
 .bss._ZGVZ12PluggableUSBvE3obj
                0x2007106c        0x4 C:\Users\Ray\AppData\Local\Temp\VMBuilds\Controller\arduino_due_x_dbg\Debug/core.a(PluggableUSB.cpp.o)
 .bss._dwTickCount
                0x20071070        0x4 C:\Users\Ray\AppData\Local\arduino15\packages\arduino\hardware\sam\1.6.11\variants\arduino_due_x/libsam_sam3x8e_gcc_rel.a(timetick.o)
 .bss.ul_recv_fifo_ptr
                0x20071074       0x28 C:\Users\Ray\AppData\Local\arduino15\packages\arduino\hardware\sam\1.6.11\variants\arduino_due_x/libsam_sam3x8e_gcc_rel.a(uotghs_device.o)
 .bss.ul_send_fifo_ptr
                0x2007109c       0x28 C:\Users\Ray\AppData\Local\arduino15\packages\arduino\hardware\sam\1.6.11\variants\arduino_due_x/libsam_sam3x8e_gcc_rel.a(uotghs_device.o)
 .bss.__malloc_max_total_mem
                0x200710c4        0x4 c:/users/ray/appdata/local/arduino15/packages/arduino/tools/arm-none-eabi-gcc/4.8.3-2014q1/bin/../lib/gcc/arm-none-eabi/4.8.3/../../../../arm-none-eabi/lib/armv7-m\libg.a(lib_a-mallocr.o)
                0x200710c4                __malloc_max_total_mem
 .bss.__malloc_max_sbrked_mem
                0x200710c8        0x4 c:/users/ray/appdata/local/arduino15/packages/arduino/tools/arm-none-eabi-gcc/4.8.3-2014q1/bin/../lib/gcc/arm-none-eabi/4.8.3/../../../../arm-none-eabi/lib/armv7-m\libg.a(lib_a-mallocr.o)
                0x200710c8                __malloc_max_sbrked_mem
 .bss.__malloc_top_pad
                0x200710cc        0x4 c:/users/ray/appdata/local/arduino15/packages/arduino/tools/arm-none-eabi-gcc/4.8.3-2014q1/bin/../lib/gcc/arm-none-eabi/4.8.3/../../../../arm-none-eabi/lib/armv7-m\libg.a(lib_a-mallocr.o)
                0x200710cc                __malloc_top_pad
 .bss.__malloc_current_mallinfo
                0x200710d0       0x28 c:/users/ray/appdata/local/arduino15/packages/arduino/tools/arm-none-eabi-gcc/4.8.3-2014q1/bin/../lib/gcc/arm-none-eabi/4.8.3/../../../../arm-none-eabi/lib/armv7-m\libg.a(lib_a-mallocr.o)
                0x200710d0                __malloc_current_mallinfo
 *(COMMON)
 COMMON         0x200710f8        0x4 c:/users/ray/appdata/local/arduino15/packages/arduino/tools/arm-none-eabi-gcc/4.8.3-2014q1/bin/../lib/gcc/arm-none-eabi/4.8.3/../../../../arm-none-eabi/lib/armv7-m\libg.a(lib_a-reent.o)
                0x200710f8                errno
                0x200710fc                . = ALIGN (0x4)
                0x200710fc                _ebss = .
                0x200710fc                _ezero = .
                0x200710fc                . = ALIGN (0x4)
                0x200710fc                _end = .

.stack_dummy    0x200710fc        0x0
 *(.stack*)
                0x20088000                __StackTop = (ORIGIN (ram) + 0x18000)
                0x20088000                __StackLimit = (__StackTop - SIZEOF (.stack_dummy))
                0x20088000                PROVIDE (_sstack, __StackLimit)
                0x20088000                PROVIDE (_estack, __StackTop)
OUTPUT(C:\Users\Ray\AppData\Local\Temp\VMBuilds\Controller\arduino_due_x_dbg\Debug/Controller.ino.elf elf32-littlearm)

.ARM.attributes
                0x00000000       0x29
 .ARM.attributes
                0x00000000       0x1d c:/users/ray/appdata/local/arduino15/packages/arduino/tools/arm-none-eabi-gcc/4.8.3-2014q1/bin/../lib/gcc/arm-none-eabi/4.8.3/armv7-m/crti.o
 .ARM.attributes
                0x0000001d       0x2d c:/users/ray/appdata/local/arduino15/packages/arduino/tools/arm-none-eabi-gcc/4.8.3-2014q1/bin/../lib/gcc/arm-none-eabi/4.8.3/armv7-m/crtbegin.o
 .ARM.attributes
                0x0000004a       0x33 C:\Users\Ray\AppData\Local\Temp\VMBuilds\Controller\arduino_due_x_dbg\Debug\Controller.cpp.o
 .ARM.attributes
                0x0000007d       0x33 C:\Users\Ray\AppData\Local\Temp\VMBuilds\Controller\arduino_due_x_dbg\Debug\lib\SmartHouse.cpp.o
 .ARM.attributes
                0x000000b0       0x33 C:\Users\Ray\AppData\Local\Temp\VMBCore\arduino16x\018918945f122068ecf6eace323d4c04\variant\variant.cpp.o
 .ARM.attributes
                0x000000e3       0x33 C:\Users\Ray\AppData\Local\arduino15\packages\arduino\hardware\sam\1.6.11\variants\arduino_due_x/libsam_sam3x8e_gcc_rel.a(pio.o)
 .ARM.attributes
                0x00000116       0x33 C:\Users\Ray\AppData\Local\arduino15\packages\arduino\hardware\sam\1.6.11\variants\arduino_due_x/libsam_sam3x8e_gcc_rel.a(pmc.o)
 .ARM.attributes
                0x00000149       0x33 C:\Users\Ray\AppData\Local\arduino15\packages\arduino\hardware\sam\1.6.11\variants\arduino_due_x/libsam_sam3x8e_gcc_rel.a(system_sam3xa.o)
 .ARM.attributes
                0x0000017c       0x33 C:\Users\Ray\AppData\Local\arduino15\packages\arduino\hardware\sam\1.6.11\variants\arduino_due_x/libsam_sam3x8e_gcc_rel.a(startup_sam3xa.o)
 .ARM.attributes
                0x000001af       0x33 C:\Users\Ray\AppData\Local\arduino15\packages\arduino\hardware\sam\1.6.11\variants\arduino_due_x/libsam_sam3x8e_gcc_rel.a(adc.o)
 .ARM.attributes
                0x000001e2       0x33 C:\Users\Ray\AppData\Local\arduino15\packages\arduino\hardware\sam\1.6.11\variants\arduino_due_x/libsam_sam3x8e_gcc_rel.a(uotghs.o)
 .ARM.attributes
                0x00000215       0x33 C:\Users\Ray\AppData\Local\Temp\VMBuilds\Controller\arduino_due_x_dbg\Debug/core.a(cortex_handlers.c.o)
 .ARM.attributes
                0x00000248       0x33 C:\Users\Ray\AppData\Local\Temp\VMBuilds\Controller\arduino_due_x_dbg\Debug/core.a(hooks.c.o)
 .ARM.attributes
                0x0000027b       0x33 C:\Users\Ray\AppData\Local\Temp\VMBuilds\Controller\arduino_due_x_dbg\Debug/core.a(syscalls_sam3.c.o)
 .ARM.attributes
                0x000002ae       0x33 C:\Users\Ray\AppData\Local\Temp\VMBuilds\Controller\arduino_due_x_dbg\Debug/core.a(wiring_analog.c.o)
 .ARM.attributes
                0x000002e1       0x33 C:\Users\Ray\AppData\Local\Temp\VMBuilds\Controller\arduino_due_x_dbg\Debug/core.a(wiring_digital.c.o)
 .ARM.attributes
                0x00000314       0x33 C:\Users\Ray\AppData\Local\Temp\VMBuilds\Controller\arduino_due_x_dbg\Debug/core.a(main.cpp.o)
 .ARM.attributes
                0x00000347       0x33 C:\Users\Ray\AppData\Local\Temp\VMBuilds\Controller\arduino_due_x_dbg\Debug/core.a(new.cpp.o)
 .ARM.attributes
                0x0000037a       0x33 C:\Users\Ray\AppData\Local\Temp\VMBuilds\Controller\arduino_due_x_dbg\Debug/core.a(Print.cpp.o)
 .ARM.attributes
                0x000003ad       0x33 C:\Users\Ray\AppData\Local\Temp\VMBuilds\Controller\arduino_due_x_dbg\Debug/core.a(Reset.cpp.o)
 .ARM.attributes
                0x000003e0       0x33 C:\Users\Ray\AppData\Local\Temp\VMBuilds\Controller\arduino_due_x_dbg\Debug/core.a(RingBuffer.cpp.o)
 .ARM.attributes
                0x00000413       0x33 C:\Users\Ray\AppData\Local\Temp\VMBuilds\Controller\arduino_due_x_dbg\Debug/core.a(UARTClass.cpp.o)
 .ARM.attributes
                0x00000446       0x33 C:\Users\Ray\AppData\Local\Temp\VMBuilds\Controller\arduino_due_x_dbg\Debug/core.a(USARTClass.cpp.o)
 .ARM.attributes
                0x00000479       0x33 C:\Users\Ray\AppData\Local\Temp\VMBuilds\Controller\arduino_due_x_dbg\Debug/core.a(watchdog.cpp.o)
 .ARM.attributes
                0x000004ac       0x33 C:\Users\Ray\AppData\Local\Temp\VMBuilds\Controller\arduino_due_x_dbg\Debug/core.a(WString.cpp.o)
 .ARM.attributes
                0x000004df       0x33 C:\Users\Ray\AppData\Local\Temp\VMBuilds\Controller\arduino_due_x_dbg\Debug/core.a(USBCore.cpp.o)
 .ARM.attributes
                0x00000512       0x33 C:\Users\Ray\AppData\Local\Temp\VMBuilds\Controller\arduino_due_x_dbg\Debug/core.a(wiring.c.o)
 .ARM.attributes
                0x00000545       0x33 C:\Users\Ray\AppData\Local\Temp\VMBuilds\Controller\arduino_due_x_dbg\Debug/core.a(CDC.cpp.o)
 .ARM.attributes
                0x00000578       0x33 C:\Users\Ray\AppData\Local\Temp\VMBuilds\Controller\arduino_due_x_dbg\Debug/core.a(PluggableUSB.cpp.o)
 .ARM.attributes
                0x000005ab       0x33 C:\Users\Ray\AppData\Local\arduino15\packages\arduino\hardware\sam\1.6.11\variants\arduino_due_x/libsam_sam3x8e_gcc_rel.a(timetick.o)
 .ARM.attributes
                0x000005de       0x33 C:\Users\Ray\AppData\Local\arduino15\packages\arduino\hardware\sam\1.6.11\variants\arduino_due_x/libsam_sam3x8e_gcc_rel.a(wdt.o)
 .ARM.attributes
                0x00000611       0x33 C:\Users\Ray\AppData\Local\arduino15\packages\arduino\hardware\sam\1.6.11\variants\arduino_due_x/libsam_sam3x8e_gcc_rel.a(interrupt_sam_nvic.o)
 .ARM.attributes
                0x00000644       0x33 C:\Users\Ray\AppData\Local\arduino15\packages\arduino\hardware\sam\1.6.11\variants\arduino_due_x/libsam_sam3x8e_gcc_rel.a(uotghs_device.o)
 .ARM.attributes
                0x00000677       0x2d c:/users/ray/appdata/local/arduino15/packages/arduino/tools/arm-none-eabi-gcc/4.8.3-2014q1/bin/../lib/gcc/arm-none-eabi/4.8.3/../../../../arm-none-eabi/lib/armv7-m\libg.a(lib_a-impure.o)
 .ARM.attributes
                0x000006a4       0x2d c:/users/ray/appdata/local/arduino15/packages/arduino/tools/arm-none-eabi-gcc/4.8.3-2014q1/bin/../lib/gcc/arm-none-eabi/4.8.3/../../../../arm-none-eabi/lib/armv7-m\libg.a(lib_a-init.o)
 .ARM.attributes
                0x000006d1       0x2d c:/users/ray/appdata/local/arduino15/packages/arduino/tools/arm-none-eabi-gcc/4.8.3-2014q1/bin/../lib/gcc/arm-none-eabi/4.8.3/../../../../arm-none-eabi/lib/armv7-m\libg.a(lib_a-iprintf.o)
 .ARM.attributes
                0x000006fe       0x2d c:/users/ray/appdata/local/arduino15/packages/arduino/tools/arm-none-eabi-gcc/4.8.3-2014q1/bin/../lib/gcc/arm-none-eabi/4.8.3/../../../../arm-none-eabi/lib/armv7-m\libg.a(lib_a-malloc.o)
 .ARM.attributes
                0x0000072b       0x2d c:/users/ray/appdata/local/arduino15/packages/arduino/tools/arm-none-eabi-gcc/4.8.3-2014q1/bin/../lib/gcc/arm-none-eabi/4.8.3/../../../../arm-none-eabi/lib/armv7-m\libg.a(lib_a-mallocr.o)
 .ARM.attributes
                0x00000758       0x1b c:/users/ray/appdata/local/arduino15/packages/arduino/tools/arm-none-eabi-gcc/4.8.3-2014q1/bin/../lib/gcc/arm-none-eabi/4.8.3/../../../../arm-none-eabi/lib/armv7-m\libg.a(lib_a-memcpy.o)
 .ARM.attributes
                0x00000773       0x2d c:/users/ray/appdata/local/arduino15/packages/arduino/tools/arm-none-eabi-gcc/4.8.3-2014q1/bin/../lib/gcc/arm-none-eabi/4.8.3/../../../../arm-none-eabi/lib/armv7-m\libg.a(lib_a-memmove.o)
 .ARM.attributes
                0x000007a0       0x2d c:/users/ray/appdata/local/arduino15/packages/arduino/tools/arm-none-eabi-gcc/4.8.3-2014q1/bin/../lib/gcc/arm-none-eabi/4.8.3/../../../../arm-none-eabi/lib/armv7-m\libg.a(lib_a-memset.o)
 .ARM.attributes
                0x000007cd       0x2d c:/users/ray/appdata/local/arduino15/packages/arduino/tools/arm-none-eabi-gcc/4.8.3-2014q1/bin/../lib/gcc/arm-none-eabi/4.8.3/../../../../arm-none-eabi/lib/armv7-m\libg.a(lib_a-mlock.o)
 .ARM.attributes
                0x000007fa       0x2d c:/users/ray/appdata/local/arduino15/packages/arduino/tools/arm-none-eabi-gcc/4.8.3-2014q1/bin/../lib/gcc/arm-none-eabi/4.8.3/../../../../arm-none-eabi/lib/armv7-m\libg.a(lib_a-realloc.o)
 .ARM.attributes
                0x00000827       0x2d c:/users/ray/appdata/local/arduino15/packages/arduino/tools/arm-none-eabi-gcc/4.8.3-2014q1/bin/../lib/gcc/arm-none-eabi/4.8.3/../../../../arm-none-eabi/lib/armv7-m\libg.a(lib_a-reallocr.o)
 .ARM.attributes
                0x00000854       0x2d c:/users/ray/appdata/local/arduino15/packages/arduino/tools/arm-none-eabi-gcc/4.8.3-2014q1/bin/../lib/gcc/arm-none-eabi/4.8.3/../../../../arm-none-eabi/lib/armv7-m\libg.a(lib_a-sbrkr.o)
 .ARM.attributes
                0x00000881       0x2d c:/users/ray/appdata/local/arduino15/packages/arduino/tools/arm-none-eabi-gcc/4.8.3-2014q1/bin/../lib/gcc/arm-none-eabi/4.8.3/../../../../arm-none-eabi/lib/armv7-m\libg.a(lib_a-strcpy.o)
 .ARM.attributes
                0x000008ae       0x2d c:/users/ray/appdata/local/arduino15/packages/arduino/tools/arm-none-eabi-gcc/4.8.3-2014q1/bin/../lib/gcc/arm-none-eabi/4.8.3/../../../../arm-none-eabi/lib/armv7-m\libg.a(lib_a-strlen.o)
 .ARM.attributes
                0x000008db       0x2d c:/users/ray/appdata/local/arduino15/packages/arduino/tools/arm-none-eabi-gcc/4.8.3-2014q1/bin/../lib/gcc/arm-none-eabi/4.8.3/../../../../arm-none-eabi/lib/armv7-m\libg.a(lib_a-syskill.o)
 .ARM.attributes
                0x00000908       0x2d c:/users/ray/appdata/local/arduino15/packages/arduino/tools/arm-none-eabi-gcc/4.8.3-2014q1/bin/../lib/gcc/arm-none-eabi/4.8.3/../../../../arm-none-eabi/lib/armv7-m\libg.a(lib_a-vfiprintf.o)
 .ARM.attributes
                0x00000935       0x2d c:/users/ray/appdata/local/arduino15/packages/arduino/tools/arm-none-eabi-gcc/4.8.3-2014q1/bin/../lib/gcc/arm-none-eabi/4.8.3/../../../../arm-none-eabi/lib/armv7-m\libg.a(lib_a-wsetup.o)
 .ARM.attributes
                0x00000962       0x2d c:/users/ray/appdata/local/arduino15/packages/arduino/tools/arm-none-eabi-gcc/4.8.3-2014q1/bin/../lib/gcc/arm-none-eabi/4.8.3/../../../../arm-none-eabi/lib/armv7-m\libg.a(lib_a-__call_atexit.o)
 .ARM.attributes
                0x0000098f       0x2d c:/users/ray/appdata/local/arduino15/packages/arduino/tools/arm-none-eabi-gcc/4.8.3-2014q1/bin/../lib/gcc/arm-none-eabi/4.8.3/../../../../arm-none-eabi/lib/armv7-m\libg.a(lib_a-atexit.o)
 .ARM.attributes
                0x000009bc       0x2d c:/users/ray/appdata/local/arduino15/packages/arduino/tools/arm-none-eabi-gcc/4.8.3-2014q1/bin/../lib/gcc/arm-none-eabi/4.8.3/../../../../arm-none-eabi/lib/armv7-m\libg.a(lib_a-fflush.o)
 .ARM.attributes
                0x000009e9       0x2d c:/users/ray/appdata/local/arduino15/packages/arduino/tools/arm-none-eabi-gcc/4.8.3-2014q1/bin/../lib/gcc/arm-none-eabi/4.8.3/../../../../arm-none-eabi/lib/armv7-m\libg.a(lib_a-findfp.o)
 .ARM.attributes
                0x00000a16       0x2d c:/users/ray/appdata/local/arduino15/packages/arduino/tools/arm-none-eabi-gcc/4.8.3-2014q1/bin/../lib/gcc/arm-none-eabi/4.8.3/../../../../arm-none-eabi/lib/armv7-m\libg.a(lib_a-fini.o)
 .ARM.attributes
                0x00000a43       0x2d c:/users/ray/appdata/local/arduino15/packages/arduino/tools/arm-none-eabi-gcc/4.8.3-2014q1/bin/../lib/gcc/arm-none-eabi/4.8.3/../../../../arm-none-eabi/lib/armv7-m\libg.a(lib_a-fputwc.o)
 .ARM.attributes
                0x00000a70       0x2d c:/users/ray/appdata/local/arduino15/packages/arduino/tools/arm-none-eabi-gcc/4.8.3-2014q1/bin/../lib/gcc/arm-none-eabi/4.8.3/../../../../arm-none-eabi/lib/armv7-m\libg.a(lib_a-freer.o)
 .ARM.attributes