Archive member included because of file (symbol)

C:\Users\Ray\AppData\Local\arduino15\packages\arduino\hardware\sam\1.6.11\variants\arduino_due_x/libsam_sam3x8e_gcc_rel.a(pio.o)
                              C:\Users\Ray\AppData\Local\Temp\VMBCore\arduino16x\018918945f122068ecf6eace323d4c04\variant\variant.cpp.o (PIO_Configure)
C:\Users\Ray\AppData\Local\arduino15\packages\arduino\hardware\sam\1.6.11\variants\arduino_due_x/libsam_sam3x8e_gcc_rel.a(pmc.o)
                              C:\Users\Ray\AppData\Local\Temp\VMBCore\arduino16x\018918945f122068ecf6eace323d4c04\variant\variant.cpp.o (pmc_enable_periph_clk)
C:\Users\Ray\AppData\Local\arduino15\packages\arduino\hardware\sam\1.6.11\variants\arduino_due_x/libsam_sam3x8e_gcc_rel.a(system_sam3xa.o)
                              C:\Users\Ray\AppData\Local\Temp\VMBCore\arduino16x\018918945f122068ecf6eace323d4c04\variant\variant.cpp.o (SystemInit)
C:\Users\Ray\AppData\Local\arduino15\packages\arduino\hardware\sam\1.6.11\variants\arduino_due_x/libsam_sam3x8e_gcc_rel.a(startup_sam3xa.o)
                              (Reset_Handler)
C:\Users\Ray\AppData\Local\arduino15\packages\arduino\hardware\sam\1.6.11\variants\arduino_due_x/libsam_sam3x8e_gcc_rel.a(adc.o)
                              C:\Users\Ray\AppData\Local\Temp\VMBCore\arduino16x\018918945f122068ecf6eace323d4c04\variant\variant.cpp.o (adc_init)
C:\Users\Ray\AppData\Local\arduino15\packages\arduino\hardware\sam\1.6.11\variants\arduino_due_x/libsam_sam3x8e_gcc_rel.a(uotghs.o)
                              C:\Users\Ray\AppData\Local\arduino15\packages\arduino\hardware\sam\1.6.11\variants\arduino_due_x/libsam_sam3x8e_gcc_rel.a(startup_sam3xa.o) (UOTGHS_Handler)
C:\Users\Ray\AppData\Local\Temp\VMBuilds\Controller\arduino_due_x_dbg\Debug/core.a(cortex_handlers.c.o)
                              C:\Users\Ray\AppData\Local\arduino15\packages\arduino\hardware\sam\1.6.11\variants\arduino_due_x/libsam_sam3x8e_gcc_rel.a(startup_sam3xa.o) (NMI_Handler)
C:\Users\Ray\AppData\Local\Temp\VMBuilds\Controller\arduino_due_x_dbg\Debug/core.a(hooks.c.o)
                              C:\Users\Ray\AppData\Local\Temp\VMBuilds\Controller\arduino_due_x_dbg\Debug/core.a(cortex_handlers.c.o) (sysTickHook)
C:\Users\Ray\AppData\Local\Temp\VMBuilds\Controller\arduino_due_x_dbg\Debug/core.a(syscalls_sam3.c.o)
                              (_sbrk)
C:\Users\Ray\AppData\Local\Temp\VMBuilds\Controller\arduino_due_x_dbg\Debug/core.a(wiring_analog.c.o)
                              C:\Users\Ray\AppData\Local\Temp\VMBCore\arduino16x\018918945f122068ecf6eace323d4c04\variant\variant.cpp.o (analogOutputInit)
C:\Users\Ray\AppData\Local\Temp\VMBuilds\Controller\arduino_due_x_dbg\Debug/core.a(wiring_digital.c.o)
                              C:\Users\Ray\AppData\Local\Temp\VMBuilds\Controller\arduino_due_x_dbg\Debug/core.a(wiring_analog.c.o) (pinMode)
C:\Users\Ray\AppData\Local\Temp\VMBuilds\Controller\arduino_due_x_dbg\Debug/core.a(main.cpp.o)
                              c:/users/ray/appdata/local/arduino15/packages/arduino/tools/arm-none-eabi-gcc/4.8.3-2014q1/bin/../lib/gcc/arm-none-eabi/4.8.3/../../../../arm-none-eabi/lib/armv7-m/crt0.o (main)
C:\Users\Ray\AppData\Local\Temp\VMBuilds\Controller\arduino_due_x_dbg\Debug/core.a(Reset.cpp.o)
                              C:\Users\Ray\AppData\Local\Temp\VMBuilds\Controller\arduino_due_x_dbg\Debug/core.a(cortex_handlers.c.o) (tickReset)
C:\Users\Ray\AppData\Local\Temp\VMBuilds\Controller\arduino_due_x_dbg\Debug/core.a(RingBuffer.cpp.o)
                              C:\Users\Ray\AppData\Local\Temp\VMBCore\arduino16x\018918945f122068ecf6eace323d4c04\variant\variant.cpp.o (RingBuffer::RingBuffer())
C:\Users\Ray\AppData\Local\Temp\VMBuilds\Controller\arduino_due_x_dbg\Debug/core.a(UARTClass.cpp.o)
                              C:\Users\Ray\AppData\Local\Temp\VMBCore\arduino16x\018918945f122068ecf6eace323d4c04\variant\variant.cpp.o (UARTClass::available())
C:\Users\Ray\AppData\Local\Temp\VMBuilds\Controller\arduino_due_x_dbg\Debug/core.a(USARTClass.cpp.o)
                              C:\Users\Ray\AppData\Local\Temp\VMBCore\arduino16x\018918945f122068ecf6eace323d4c04\variant\variant.cpp.o (USARTClass::USARTClass(Usart*, IRQn, unsigned long, RingBuffer*, RingBuffer*))
C:\Users\Ray\AppData\Local\Temp\VMBuilds\Controller\arduino_due_x_dbg\Debug/core.a(watchdog.cpp.o)
                              C:\Users\Ray\AppData\Local\Temp\VMBuilds\Controller\arduino_due_x_dbg\Debug/core.a(main.cpp.o) (watchdogSetup())
C:\Users\Ray\AppData\Local\Temp\VMBuilds\Controller\arduino_due_x_dbg\Debug/core.a(USBCore.cpp.o)
                              C:\Users\Ray\AppData\Local\Temp\VMBuilds\Controller\arduino_due_x_dbg\Debug/core.a(main.cpp.o) (USBDevice_::attach())
C:\Users\Ray\AppData\Local\Temp\VMBuilds\Controller\arduino_due_x_dbg\Debug/core.a(wiring.c.o)
                              C:\Users\Ray\AppData\Local\Temp\VMBuilds\Controller\arduino_due_x_dbg\Debug/core.a(main.cpp.o) (delay)
[...]
Memory Configuration

Name             Origin             Length             Attributes
rom              0x00080000         0x00080000         xr
sram0            0x20000000         0x00010000         xrw
sram1            0x20080000         0x00008000         xrw
ram              0x20070000         0x00018000         xrw
*default*        0x00000000         0xffffffff

Linker script and memory map

LOAD c:/users/ray/appdata/local/arduino15/packages/arduino/tools/arm-none-eabi-gcc/4.8.3-2014q1/bin/../lib/gcc/arm-none-eabi/4.8.3/armv7-m/crti.o
LOAD c:/users/ray/appdata/local/arduino15/packages/arduino/tools/arm-none-eabi-gcc/4.8.3-2014q1/bin/../lib/gcc/arm-none-eabi/4.8.3/armv7-m/crtbegin.o
LOAD c:/users/ray/appdata/local/arduino15/packages/arduino/tools/arm-none-eabi-gcc/4.8.3-2014q1/bin/../lib/gcc/arm-none-eabi/4.8.3/../../../../arm-none-eabi/lib/armv7-m/crt0.o
START GROUP
LOAD C:\Users\Ray\AppData\Local\Temp\VMBuilds\Controller\arduino_due_x_dbg\Debug\Controller.cpp.o
LOAD C:\Users\Ray\AppData\Local\Temp\VMBuilds\Controller\arduino_due_x_dbg\Debug\lib\SmartHouse.cpp.o
LOAD C:\Users\Ray\AppData\Local\Temp\VMBCore\arduino16x\018918945f122068ecf6eace323d4c04\variant\variant.cpp.o
LOAD C:\Users\Ray\AppData\Local\arduino15\packages\arduino\hardware\sam\1.6.11\variants\arduino_due_x/libsam_sam3x8e_gcc_rel.a
LOAD C:\Users\Ray\AppData\Local\Temp\VMBuilds\Controller\arduino_due_x_dbg\Debug/core.a
END GROUP
LOAD c:/users/ray/appdata/local/arduino15/packages/arduino/tools/arm-none-eabi-gcc/4.8.3-2014q1/bin/../lib/gcc/arm-none-eabi/4.8.3/../../../../arm-none-eabi/lib/armv7-m\libm.a
START GROUP
LOAD c:/users/ray/appdata/local/arduino15/packages/arduino/tools/arm-none-eabi-gcc/4.8.3-2014q1/bin/../lib/gcc/arm-none-eabi/4.8.3/armv7-m\libgcc.a
LOAD c:/users/ray/appdata/local/arduino15/packages/arduino/tools/arm-none-eabi-gcc/4.8.3-2014q1/bin/../lib/gcc/arm-none-eabi/4.8.3/../../../../arm-none-eabi/lib/armv7-m\libg.a
LOAD c:/users/ray/appdata/local/arduino15/packages/arduino/tools/arm-none-eabi-gcc/4.8.3-2014q1/bin/../lib/gcc/arm-none-eabi/4.8.3/../../../../arm-none-eabi/lib/armv7-m\libc.a
END GROUP
LOAD c:/users/ray/appdata/local/arduino15/packages/arduino/tools/arm-none-eabi-gcc/4.8.3-2014q1/bin/../lib/gcc/arm-none-eabi/4.8.3/armv7-m/crtend.o
LOAD c:/users/ray/appdata/local/arduino15/packages/arduino/tools/arm-none-eabi-gcc/4.8.3-2014q1/bin/../lib/gcc/arm-none-eabi/4.8.3/armv7-m/crtn.o

.text           0x00080000     0x5564
                0x00080000                . = ALIGN (0x4)
                0x00080000                _sfixed = .
 *(.vectors .vectors.*)
 .vectors       0x00080000       0xf4 C:\Users\Ray\AppData\Local\arduino15\packages\arduino\hardware\sam\1.6.11\variants\arduino_due_x/libsam_sam3x8e_gcc_rel.a(startup_sam3xa.o)
                0x00080000                exception_table
 *(.text .text.* .gnu.linkonce.t.*)
 .text          0x000800f4       0x54 c:/users/ray/appdata/local/arduino15/packages/arduino/tools/arm-none-eabi-gcc/4.8.3-2014q1/bin/../lib/gcc/arm-none-eabi/4.8.3/armv7-m/crtbegin.o
 .text.setup    0x00080148        0x2 C:\Users\Ray\AppData\Local\Temp\VMBuilds\Controller\arduino_due_x_dbg\Debug\Controller.cpp.o
                0x00080148                setup
 .text.loop     0x0008014a        0x2 C:\Users\Ray\AppData\Local\Temp\VMBuilds\Controller\arduino_due_x_dbg\Debug\Controller.cpp.o
                0x0008014a                loop
 .text._Z11serialEventv
                0x0008014c        0x2 C:\Users\Ray\AppData\Local\Temp\VMBCore\arduino16x\018918945f122068ecf6eace323d4c04\variant\variant.cpp.o
                0x0008014c                serialEvent()
 *fill*         0x0008014e        0x2 
 .text.UART_Handler
                0x00080150        0xc C:\Users\Ray\AppData\Local\Temp\VMBCore\arduino16x\018918945f122068ecf6eace323d4c04\variant\variant.cpp.o
                0x00080150                UART_Handler
 .text._Z12serialEvent1v
                0x0008015c        0x2 C:\Users\Ray\AppData\Local\Temp\VMBCore\arduino16x\018918945f122068ecf6eace323d4c04\variant\variant.cpp.o
                0x0008015c                serialEvent1()
 .text._Z12serialEvent2v
                0x0008015e        0x2 C:\Users\Ray\AppData\Local\Temp\VMBCore\arduino16x\018918945f122068ecf6eace323d4c04\variant\variant.cpp.o
                0x0008015e                serialEvent2()
 .text._Z12serialEvent3v
                0x00080160        0x2 C:\Users\Ray\AppData\Local\Temp\VMBCore\arduino16x\018918945f122068ecf6eace323d4c04\variant\variant.cpp.o
                0x00080160                serialEvent3()
 *fill*         0x00080162        0x2 
 .text.USART0_Handler
                0x00080164        0xc C:\Users\Ray\AppData\Local\Temp\VMBCore\arduino16x\018918945f122068ecf6eace323d4c04\variant\variant.cpp.o
                0x00080164                USART0_Handler
 .text.USART1_Handler
                0x00080170        0xc C:\Users\Ray\AppData\Local\Temp\VMBCore\arduino16x\018918945f122068ecf6eace323d4c04\variant\variant.cpp.o
                0x00080170                USART1_Handler
 .text.USART3_Handler
                0x0008017c        0xc C:\Users\Ray\AppData\Local\Temp\VMBCore\arduino16x\018918945f122068ecf6eace323d4c04\variant\variant.cpp.o
                0x0008017c                USART3_Handler
 .text.init     0x00080188      0x128 C:\Users\Ray\AppData\Local\Temp\VMBCore\arduino16x\018918945f122068ecf6eace323d4c04\variant\variant.cpp.o
                0x00080188                init
 .text.startup._GLOBAL__sub_I_g_APinDescription
                0x000802b0       0xd4 C:\Users\Ray\AppData\Local\Temp\VMBCore\arduino16x\018918945f122068ecf6eace323d4c04\variant\variant.cpp.o
 .text._Z14serialEventRunv
                0x00080384       0x44 C:\Users\Ray\AppData\Local\Temp\VMBCore\arduino16x\018918945f122068ecf6eace323d4c04\variant\variant.cpp.o
                0x00080384                serialEventRun()
 .text.PIO_PullUp
                0x000803c8        0xa C:\Users\Ray\AppData\Local\arduino15\packages\arduino\hardware\sam\1.6.11\variants\arduino_due_x/libsam_sam3x8e_gcc_rel.a(pio.o)
                0x000803c8                PIO_PullUp
 .text.PIO_SetPeripheral
                0x000803d2       0x26 C:\Users\Ray\AppData\Local\arduino15\packages\arduino\hardware\sam\1.6.11\variants\arduino_due_x/libsam_sam3x8e_gcc_rel.a(pio.o)
                0x000803d2                PIO_SetPeripheral
 .text.PIO_SetInput
                0x000803f8       0x26 C:\Users\Ray\AppData\Local\arduino15\packages\arduino\hardware\sam\1.6.11\variants\arduino_due_x/libsam_sam3x8e_gcc_rel.a(pio.o)
                0x000803f8                PIO_SetInput
 .text.PIO_SetOutput
                0x0008041e       0x24 C:\Users\Ray\AppData\Local\arduino15\packages\arduino\hardware\sam\1.6.11\variants\arduino_due_x/libsam_sam3x8e_gcc_rel.a(pio.o)
                0x0008041e                PIO_SetOutput
 *fill*         0x00080442        0x2 
 .text.PIO_Configure
                0x00080444       0x64 C:\Users\Ray\AppData\Local\arduino15\packages\arduino\hardware\sam\1.6.11\variants\arduino_due_x/libsam_sam3x8e_gcc_rel.a(pio.o)
                0x00080444                PIO_Configure
 .text.PIO_GetOutputDataStatus
                0x000804a8       0x14 C:\Users\Ray\AppData\Local\arduino15\packages\arduino\hardware\sam\1.6.11\variants\arduino_due_x/libsam_sam3x8e_gcc_rel.a(pio.o)
                0x000804a8                PIO_GetOutputDataStatus
 .text.pmc_enable_upll_clock
                0x000804bc       0x14 C:\Users\Ray\AppData\Local\arduino15\packages\arduino\hardware\sam\1.6.11\variants\arduino_due_x/libsam_sam3x8e_gcc_rel.a(pmc.o)
                0x000804bc                pmc_enable_upll_clock
 .text.pmc_enable_periph_clk
                0x000804d0       0x44 C:\Users\Ray\AppData\Local\arduino15\packages\arduino\hardware\sam\1.6.11\variants\arduino_due_x/libsam_sam3x8e_gcc_rel.a(pmc.o)
                0x000804d0                pmc_enable_periph_clk
 .text.pmc_disable_periph_clk
                0x00080514       0x40 C:\Users\Ray\AppData\Local\arduino15\packages\arduino\hardware\sam\1.6.11\variants\arduino_due_x/libsam_sam3x8e_gcc_rel.a(pmc.o)
                0x00080514                pmc_disable_periph_clk
 .text.pmc_switch_udpck_to_upllck
                0x00080554       0x14 C:\Users\Ray\AppData\Local\arduino15\packages\arduino\hardware\sam\1.6.11\variants\arduino_due_x/libsam_sam3x8e_gcc_rel.a(pmc.o)
                0x00080554                pmc_switch_udpck_to_upllck
 .text.pmc_enable_udpck
                0x00080568        0xc C:\Users\Ray\AppData\Local\arduino15\packages\arduino\hardware\sam\1.6.11\variants\arduino_due_x/libsam_sam3x8e_gcc_rel.a(pmc.o)
                0x00080568                pmc_enable_udpck
 .text.SystemInit
                0x00080574       0x88 C:\Users\Ray\AppData\Local\arduino15\packages\arduino\hardware\sam\1.6.11\variants\arduino_due_x/libsam_sam3x8e_gcc_rel.a(system_sam3xa.o)
                0x00080574                SystemInit
 .text.Reset_Handler
                0x000805fc       0x78 C:\Users\Ray\AppData\Local\arduino15\packages\arduino\hardware\sam\1.6.11\variants\arduino_due_x/libsam_sam3x8e_gcc_rel.a(startup_sam3xa.o)
                0x000805fc                Reset_Handler
 .text.adc_init
                0x00080674       0x98 C:\Users\Ray\AppData\Local\arduino15\packages\arduino\hardware\sam\1.6.11\variants\arduino_due_x/libsam_sam3x8e_gcc_rel.a(adc.o)
                0x00080674                adc_init
 .text.adc_configure_trigger
                0x0008070c        0xe C:\Users\Ray\AppData\Local\arduino15\packages\arduino\hardware\sam\1.6.11\variants\arduino_due_x/libsam_sam3x8e_gcc_rel.a(adc.o)
                0x0008070c                adc_configure_trigger
 .text.adc_configure_timing
                0x0008071a       0x1a C:\Users\Ray\AppData\Local\arduino15\packages\arduino\hardware\sam\1.6.11\variants\arduino_due_x/libsam_sam3x8e_gcc_rel.a(adc.o)
                0x0008071a                adc_configure_timing
 .text.adc_disable_channel
                0x00080734        0xa C:\Users\Ray\AppData\Local\arduino15\packages\arduino\hardware\sam\1.6.11\variants\arduino_due_x/libsam_sam3x8e_gcc_rel.a(adc.o)
                0x00080734                adc_disable_channel
 .text.adc_disable_all_channel
                0x0008073e        0x8 C:\Users\Ray\AppData\Local\arduino15\packages\arduino\hardware\sam\1.6.11\variants\arduino_due_x/libsam_sam3x8e_gcc_rel.a(adc.o)
                0x0008073e                adc_disable_all_channel
 .text.adc_disable_interrupt
                0x00080746        0x4 C:\Users\Ray\AppData\Local\arduino15\packages\arduino\hardware\sam\1.6.11\variants\arduino_due_x/libsam_sam3x8e_gcc_rel.a(adc.o)
                0x00080746                adc_disable_interrupt
 *fill*         0x0008074a        0x2 
 .text.UOTGHS_Handler
                0x0008074c       0x10 C:\Users\Ray\AppData\Local\arduino15\packages\arduino\hardware\sam\1.6.11\variants\arduino_due_x/libsam_sam3x8e_gcc_rel.a(uotghs.o)
                0x0008074c                UOTGHS_Handler
 .text.__halt   0x0008075c        0x2 C:\Users\Ray\AppData\Local\Temp\VMBuilds\Controller\arduino_due_x_dbg\Debug/core.a(cortex_handlers.c.o)
                0x0008075c                DACC_Handler
                0x0008075c                DebugMon_Handler
                0x0008075c                DMAC_Handler
                0x0008075c                TRNG_Handler
                0x0008075c                HardFault_Handler
                0x0008075c                TC2_Handler
                0x0008075c                TWI1_Handler
                0x0008075c                NMI_Handler
                0x0008075c                TC7_Handler
                0x0008075c                ADC_Handler
                0x0008075c                SMC_Handler
                0x0008075c                RTT_Handler
                0x0008075c                EFC1_Handler
                0x0008075c                PIOB_Handler
                0x0008075c                RTC_Handler
                0x0008075c                UsageFault_Handler
                0x0008075c                TC6_Handler
                0x0008075c                WDT_Handler
                0x0008075c                CAN0_Handler
                0x0008075c                TC4_Handler
                0x0008075c                TC1_Handler
                0x0008075c                HSMCI_Handler
                0x0008075c                TC3_Handler
                0x0008075c                TWI0_Handler
                0x0008075c                PIOA_Handler
                0x0008075c                SSC_Handler
                0x0008075c                EFC0_Handler
                0x0008075c                PMC_Handler
                0x0008075c                PWM_Handler
                0x0008075c                CAN1_Handler
                0x0008075c                MemManage_Handler
                0x0008075c                SUPC_Handler
                0x0008075c                TC8_Handler
                0x0008075c                USART2_Handler
                0x0008075c                PIOD_Handler
                0x0008075c                EMAC_Handler
                0x0008075c                PIOC_Handler
                0x0008075c                BusFault_Handler
                0x0008075c                RSTC_Handler
                0x0008075c                TC0_Handler
                0x0008075c                TC5_Handler
                0x0008075c                SPI0_Handler
 .text.SVC_Handler
                0x0008075e        0x4 C:\Users\Ray\AppData\Local\Temp\VMBuilds\Controller\arduino_due_x_dbg\Debug/core.a(cortex_handlers.c.o)
                0x0008075e                SVC_Handler
 .text.PendSV_Handler
                0x00080762        0x4 C:\Users\Ray\AppData\Local\Temp\VMBuilds\Controller\arduino_due_x_dbg\Debug/core.a(cortex_handlers.c.o)
                0x00080762                PendSV_Handler
 .text.SysTick_Handler
                0x00080766       0x16 C:\Users\Ray\AppData\Local\Temp\VMBuilds\Controller\arduino_due_x_dbg\Debug/core.a(cortex_handlers.c.o)
                0x00080766                SysTick_Handler
 .text.__empty  0x0008077c        0x2 C:\Users\Ray\AppData\Local\Temp\VMBuilds\Controller\arduino_due_x_dbg\Debug/core.a(hooks.c.o)
                0x0008077c                yield
 .text.__false  0x0008077e        0x4 C:\Users\Ray\AppData\Local\Temp\VMBuilds\Controller\arduino_due_x_dbg\Debug/core.a(hooks.c.o)
                0x0008077e                sysTickHook
 .text.__halt   0x00080782        0x2 C:\Users\Ray\AppData\Local\Temp\VMBuilds\Controller\arduino_due_x_dbg\Debug/core.a(hooks.c.o)
                0x00080782                svcHook
                0x00080782                pendSVHook
 .text._sbrk    0x00080784       0x1c C:\Users\Ray\AppData\Local\Temp\VMBuilds\Controller\arduino_due_x_dbg\Debug/core.a(syscalls_sam3.c.o)
                0x00080784                _sbrk
 .text.link     0x000807a0        0x6 C:\Users\Ray\AppData\Local\Temp\VMBuilds\Controller\arduino_due_x_dbg\Debug/core.a(syscalls_sam3.c.o)
                0x000807a0                link
 .text._close   0x000807a6        0x6 C:\Users\Ray\AppData\Local\Temp\VMBuilds\Controller\arduino_due_x_dbg\Debug/core.a(syscalls_sam3.c.o)
                0x000807a6                _close
 .text._fstat   0x000807ac        0xa C:\Users\Ray\AppData\Local\Temp\VMBuilds\Controller\arduino_due_x_dbg\Debug/core.a(syscalls_sam3.c.o)
                0x000807ac                _fstat
 .text._isatty  0x000807b6        0x4 C:\Users\Ray\AppData\Local\Temp\VMBuilds\Controller\arduino_due_x_dbg\Debug/core.a(syscalls_sam3.c.o)
                0x000807b6                _isatty
 .text._lseek   0x000807ba        0x4 C:\Users\Ray\AppData\Local\Temp\VMBuilds\Controller\arduino_due_x_dbg\Debug/core.a(syscalls_sam3.c.o)
                0x000807ba                _lseek
 .text._read    0x000807be        0x4 C:\Users\Ray\AppData\Local\Temp\VMBuilds\Controller\arduino_due_x_dbg\Debug/core.a(syscalls_sam3.c.o)
                0x000807be                _read
 *fill*         0x000807c2        0x2 
 .text._write   0x000807c4       0x24 C:\Users\Ray\AppData\Local\Temp\VMBuilds\Controller\arduino_due_x_dbg\Debug/core.a(syscalls_sam3.c.o)
                0x000807c4                _write
 .text._exit    0x000807e8       0x10 C:\Users\Ray\AppData\Local\Temp\VMBuilds\Controller\arduino_due_x_dbg\Debug/core.a(syscalls_sam3.c.o)
                0x000807e8                _exit
 .text._kill    0x000807f8        0x2 C:\Users\Ray\AppData\Local\Temp\VMBuilds\Controller\arduino_due_x_dbg\Debug/core.a(syscalls_sam3.c.o)
                0x000807f8                _kill
 .text._getpid  0x000807fa        0x6 C:\Users\Ray\AppData\Local\Temp\VMBuilds\Controller\arduino_due_x_dbg\Debug/core.a(syscalls_sam3.c.o)
                0x000807fa                _getpid
 .text.analogOutputInit
                0x00080800        0x2 C:\Users\Ray\AppData\Local\Temp\VMBuilds\Controller\arduino_due_x_dbg\Debug/core.a(wiring_analog.c.o)
                0x00080800                analogOutputInit
 *fill*         0x00080802        0x2 
 .text.pinMode  0x00080804      0x108 C:\Users\Ray\AppData\Local\Temp\VMBuilds\Controller\arduino_due_x_dbg\Debug/core.a(wiring_digital.c.o)
                0x00080804                pinMode
 .text.digitalWrite
                0x0008090c       0x70 C:\Users\Ray\AppData\Local\Temp\VMBuilds\Controller\arduino_due_x_dbg\Debug/core.a(wiring_digital.c.o)
                0x0008090c                digitalWrite
 .text.initVariant
                0x0008097c        0x2 C:\Users\Ray\AppData\Local\Temp\VMBuilds\Controller\arduino_due_x_dbg\Debug/core.a(main.cpp.o)
                0x0008097c                initVariant
 *fill*         0x0008097e        0x2 
 .text.startup.main
                0x00080980       0x38 C:\Users\Ray\AppData\Local\Temp\VMBuilds\Controller\arduino_due_x_dbg\Debug/core.a(main.cpp.o)
                0x00080980                main
 .text.initiateReset
                0x000809b8        0xc C:\Users\Ray\AppData\Local\Temp\VMBuilds\Controller\arduino_due_x_dbg\Debug/core.a(Reset.cpp.o)
                0x000809b8                initiateReset
 .text.cancelReset
                0x000809c4       0x10 C:\Users\Ray\AppData\Local\Temp\VMBuilds\Controller\arduino_due_x_dbg\Debug/core.a(Reset.cpp.o)
                0x000809c4                cancelReset
 .text.tickReset
                0x000809d4       0x20 C:\Users\Ray\AppData\Local\Temp\VMBuilds\Controller\arduino_due_x_dbg\Debug/core.a(Reset.cpp.o)
                0x000809d4                tickReset
 .text._ZN10RingBufferC2Ev
                0x000809f4       0x1a C:\Users\Ray\AppData\Local\Temp\VMBuilds\Controller\arduino_due_x_dbg\Debug/core.a(RingBuffer.cpp.o)
                0x000809f4                RingBuffer::RingBuffer()
                0x000809f4                RingBuffer::RingBuffer()
 .text._ZN10RingBuffer10store_charEh
                0x00080a0e       0x1e C:\Users\Ray\AppData\Local\Temp\VMBuilds\Controller\arduino_due_x_dbg\Debug/core.a(RingBuffer.cpp.o)
                0x00080a0e                RingBuffer::store_char(unsigned char)
 .text._ZN9UARTClasscvbEv
                0x00080a2c        0x4 C:\Users\Ray\AppData\Local\Temp\VMBuilds\Controller\arduino_due_x_dbg\Debug/core.a(UARTClass.cpp.o)
                0x00080a2c                UARTClass::operator bool()
 .text._ZN9UARTClass9availableEv
                0x00080a30       0x12 C:\Users\Ray\AppData\Local\Temp\VMBuilds\Controller\arduino_due_x_dbg\Debug/core.a(UARTClass.cpp.o)
                0x00080a30                UARTClass::available()
 .text._ZN9UARTClass4peekEv
                0x00080a42       0x1c C:\Users\Ray\AppData\Local\Temp\VMBuilds\Controller\arduino_due_x_dbg\Debug/core.a(UARTClass.cpp.o)
                0x00080a42                UARTClass::peek()
 .text._ZN9UARTClass4readEv
                0x00080a5e       0x2a C:\Users\Ray\AppData\Local\Temp\VMBuilds\Controller\arduino_due_x_dbg\Debug/core.a(UARTClass.cpp.o)
                0x00080a5e                UARTClass::read()
 .text._ZN9UARTClass5flushEv
                0x00080a88       0x18 C:\Users\Ray\AppData\Local\Temp\VMBuilds\Controller\arduino_due_x_dbg\Debug/core.a(UARTClass.cpp.o)
                0x00080a88                UARTClass::flush()
 .text._ZN9UARTClass5writeEh
                0x00080aa0       0x54 C:\Users\Ray\AppData\Local\Temp\VMBuilds\Controller\arduino_due_x_dbg\Debug/core.a(UARTClass.cpp.o)
                0x00080aa0                UARTClass::write(unsigned char)
 .text._ZN9UARTClass3endEv
                0x00080af4       0x3c C:\Users\Ray\AppData\Local\Temp\VMBuilds\Controller\arduino_due_x_dbg\Debug/core.a(UARTClass.cpp.o)
                0x00080af4                UARTClass::end()
 .text._ZN9UARTClassC2EP4Uart4IRQnmP10RingBufferS4_
                0x00080b30       0x24 C:\Users\Ray\AppData\Local\Temp\VMBuilds\Controller\arduino_due_x_dbg\Debug/core.a(UARTClass.cpp.o)
                0x00080b30                UARTClass::UARTClass(Uart*, IRQn, unsigned long, RingBuffer*, RingBuffer*)
                0x00080b30                UARTClass::UARTClass(Uart*, IRQn, unsigned long, RingBuffer*, RingBuffer*)
 .text._ZN9UARTClass4initEmm
                0x00080b54       0x70 C:\Users\Ray\AppData\Local\Temp\VMBuilds\Controller\arduino_due_x_dbg\Debug/core.a(UARTClass.cpp.o)
                0x00080b54                UARTClass::init(unsigned long, unsigned long)
 .text._ZN9UARTClass5beginEm
                0x00080bc4        0x8 C:\Users\Ray\AppData\Local\Temp\VMBuilds\Controller\arduino_due_x_dbg\Debug/core.a(UARTClass.cpp.o)
                0x00080bc4                UARTClass::begin(unsigned long)
 .text._ZN9UARTClass10IrqHandlerEv
                0x00080bcc       0x5a C:\Users\Ray\AppData\Local\Temp\VMBuilds\Controller\arduino_due_x_dbg\Debug/core.a(UARTClass.cpp.o)
                0x00080bcc                UARTClass::IrqHandler()
 .text._ZN10USARTClass5beginEm
                0x00080c26        0x8 C:\Users\Ray\AppData\Local\Temp\VMBuilds\Controller\arduino_due_x_dbg\Debug/core.a(USARTClass.cpp.o)
                0x00080c26                USARTClass::begin(unsigned long)
 *fill*         0x00080c2e        0x2 
 .text._ZN10USARTClassC2EP5Usart4IRQnmP10RingBufferS4_
                0x00080c30       0x24 C:\Users\Ray\AppData\Local\Temp\VMBuilds\Controller\arduino_due_x_dbg\Debug/core.a(USARTClass.cpp.o)
                0x00080c30                USARTClass::USARTClass(Usart*, IRQn, unsigned long, RingBuffer*, RingBuffer*)
                0x00080c30                USARTClass::USARTClass(Usart*, IRQn, unsigned long, RingBuffer*, RingBuffer*)
 .text._watchdogDefaultSetup
                0x00080c54        0xc C:\Users\Ray\AppData\Local\Temp\VMBuilds\Controller\arduino_due_x_dbg\Debug/core.a(watchdog.cpp.o)
                0x00080c54                _watchdogDefaultSetup
                0x00080c54                watchdogSetup()
 .text.unlikely._ZL11USB_SendZlpv
                0x00080c60       0x20 C:\Users\Ray\AppData\Local\Temp\VMBuilds\Controller\arduino_due_x_dbg\Debug/core.a(USBCore.cpp.o)
 .text._Z14USBD_Availablem
                0x00080c80       0x2c C:\Users\Ray\AppData\Local\Temp\VMBuilds\Controller\arduino_due_x_dbg\Debug/core.a(USBCore.cpp.o)
                0x00080c80                USBD_Available(unsigned long)
 .text._Z9USBD_RecvmPvm
                0x00080cac       0x7c C:\Users\Ray\AppData\Local\Temp\VMBuilds\Controller\arduino_due_x_dbg\Debug/core.a(USBCore.cpp.o)
                0x00080cac                USBD_Recv(unsigned long, void*, unsigned long)
 .text._Z9USBD_Recvm
                0x00080d28       0x22 C:\Users\Ray\AppData\Local\Temp\VMBuilds\Controller\arduino_due_x_dbg\Debug/core.a(USBCore.cpp.o)
                0x00080d28                USBD_Recv(unsigned long)
 *fill*         0x00080d4a        0x2 
 .text._Z9USBD_SendmPKvm
                0x00080d4c       0x4c C:\Users\Ray\AppData\Local\Temp\VMBuilds\Controller\arduino_due_x_dbg\Debug/core.a(USBCore.cpp.o)
                0x00080d4c                USBD_Send(unsigned long, void const*, unsigned long)
 .text._Z16USBD_SendControlhPKvm
                0x00080d98       0x40 C:\Users\Ray\AppData\Local\Temp\VMBuilds\Controller\arduino_due_x_dbg\Debug/core.a(USBCore.cpp.o)
                0x00080d98                USBD_SendControl(unsigned char, void const*, unsigned long)
 .text.unlikely._ZL24USB_SendStringDescriptorPKhi
                0x00080dd8       0x64 C:\Users\Ray\AppData\Local\Temp\VMBuilds\Controller\arduino_due_x_dbg\Debug/core.a(USBCore.cpp.o)
 .text._Z16USBD_RecvControlPvm
                0x00080e3c       0x1c C:\Users\Ray\AppData\Local\Temp\VMBuilds\Controller\arduino_due_x_dbg\Debug/core.a(USBCore.cpp.o)
                0x00080e3c                USBD_RecvControl(void*, unsigned long)
 .text._Z26USBD_ClassInterfaceRequestR8USBSetup
                0x00080e58       0x1e C:\Users\Ray\AppData\Local\Temp\VMBuilds\Controller\arduino_due_x_dbg\Debug/core.a(USBCore.cpp.o)
                0x00080e58                USBD_ClassInterfaceRequest(USBSetup&)
 .text._Z19USBD_SendInterfacesv
                0x00080e76       0x22 C:\Users\Ray\AppData\Local\Temp\VMBuilds\Controller\arduino_due_x_dbg\Debug/core.a(USBCore.cpp.o)
                0x00080e76                USBD_SendInterfaces()
 .text._Z24USBD_SendOtherInterfacesv
                0x00080e98       0x22 C:\Users\Ray\AppData\Local\Temp\VMBuilds\Controller\arduino_due_x_dbg\Debug/core.a(USBCore.cpp.o)
                0x00080e98                USBD_SendOtherInterfaces()
 .text._Z10USBD_Flushm
                0x00080eba       0x16 C:\Users\Ray\AppData\Local\Temp\VMBuilds\Controller\arduino_due_x_dbg\Debug/core.a(USBCore.cpp.o)
                0x00080eba                USBD_Flush(unsigned long)
 .text._ZN10USBDevice_C2Ev
                0x00080ed0       0x24 C:\Users\Ray\AppData\Local\Temp\VMBuilds\Controller\arduino_due_x_dbg\Debug/core.a(USBCore.cpp.o)
                0x00080ed0                USBDevice_::USBDevice_()
                0x00080ed0                USBDevice_::USBDevice_()
 .text._ZN10USBDevice_6attachEv
                0x00080ef4       0x20 C:\Users\Ray\AppData\Local\Temp\VMBuilds\Controller\arduino_due_x_dbg\Debug/core.a(USBCore.cpp.o)
                0x00080ef4                USBDevice_::attach()
 .text.startup._GLOBAL__sub_I_EndPoints
                0x00080f14        0xc C:\Users\Ray\AppData\Local\Temp\VMBuilds\Controller\arduino_due_x_dbg\Debug/core.a(USBCore.cpp.o)
 .text._ZL7USB_ISRv
                0x00080f20      0x454 C:\Users\Ray\AppData\Local\Temp\VMBuilds\Controller\arduino_due_x_dbg\Debug/core.a(USBCore.cpp.o)
 .text.delay    0x00081374       0x1c C:\Users\Ray\AppData\Local\Temp\VMBuilds\Controller\arduino_due_x_dbg\Debug/core.a(wiring.c.o)
                0x00081374                delay
 .text._ZN5Print5writeEPKhj
                0x00081390       0x22 C:\Users\Ray\AppData\Local\Temp\VMBuilds\Controller\arduino_due_x_dbg\Debug/core.a(Print.cpp.o)
                0x00081390                Print::write(unsigned char const*, unsigned int)
 *fill*         0x000813b2        0x2 
 .text._ZN7Serial_9availableEv
                0x000813b4       0x18 C:\Users\Ray\AppData\Local\Temp\VMBuilds\Controller\arduino_due_x_dbg\Debug/core.a(CDC.cpp.o)
                0x000813b4                Serial_::available()
 .text._ZN7Serial_17availableForWriteEv
                0x000813cc        0x6 C:\Users\Ray\AppData\Local\Temp\VMBuilds\Controller\arduino_due_x_dbg\Debug/core.a(CDC.cpp.o)
                0x000813cc                Serial_::availableForWrite()
 *fill*         0x000813d2        0x2 
 .text._ZN7Serial_4peekEv
                0x000813d4       0x20 C:\Users\Ray\AppData\Local\Temp\VMBuilds\Controller\arduino_due_x_dbg\Debug/core.a(CDC.cpp.o)
                0x000813d4                Serial_::peek()
 .text._ZN7Serial_5writeEh
                0x000813f4       0x16 C:\Users\Ray\AppData\Local\Temp\VMBuilds\Controller\arduino_due_x_dbg\Debug/core.a(CDC.cpp.o)
                0x000813f4                Serial_::write(unsigned char)
 *fill*         0x0008140a        0x2 
 .text._ZN7Serial_4readEv
                0x0008140c       0x44 C:\Users\Ray\AppData\Local\Temp\VMBuilds\Controller\arduino_due_x_dbg\Debug/core.a(CDC.cpp.o)
                0x0008140c                Serial_::read()
 .text._ZN7Serial_5flushEv
                0x00081450        0x6 C:\Users\Ray\AppData\Local\Temp\VMBuilds\Controller\arduino_due_x_dbg\Debug/core.a(CDC.cpp.o)
                0x00081450                Serial_::flush()
 *fill*         0x00081456        0x2 
 .text._ZN7Serial_6acceptEv
                0x00081458       0x70 C:\Users\Ray\AppData\Local\Temp\VMBuilds\Controller\arduino_due_x_dbg\Debug/core.a(CDC.cpp.o)
                0x00081458                Serial_::accept()
 .text._ZN7Serial_5writeEPKhj
                0x000814c8       0x2c C:\Users\Ray\AppData\Local\Temp\VMBuilds\Controller\arduino_due_x_dbg\Debug/core.a(CDC.cpp.o)
                0x000814c8                Serial_::write(unsigned char const*, unsigned int)
 .text._Z16CDC_GetInterfacePh
                0x000814f4       0x14 C:\Users\Ray\AppData\Local\Temp\VMBuilds\Controller\arduino_due_x_dbg\Debug/core.a(CDC.cpp.o)
                0x000814f4                CDC_GetInterface(unsigned char*)
 .text._Z21CDC_GetOtherInterfacePh
                0x00081508       0x14 C:\Users\Ray\AppData\Local\Temp\VMBuilds\Controller\arduino_due_x_dbg\Debug/core.a(CDC.cpp.o)
                0x00081508                CDC_GetOtherInterface(unsigned char*)
 .text._Z9CDC_SetupR8USBSetup
                0x0008151c       0x78 C:\Users\Ray\AppData\Local\Temp\VMBuilds\Controller\arduino_due_x_dbg\Debug/core.a(CDC.cpp.o)
                0x0008151c                CDC_Setup(USBSetup&)
 .text.startup._GLOBAL__sub_I_cdc_rx_buffer
                0x00081594       0x1c C:\Users\Ray\AppData\Local\Temp\VMBuilds\Controller\arduino_due_x_dbg\Debug/core.a(CDC.cpp.o)
 .text._ZN13PluggableUSB_12getInterfaceEPh
                0x000815b0       0x28 C:\Users\Ray\AppData\Local\Temp\VMBuilds\Controller\arduino_due_x_dbg\Debug/core.a(PluggableUSB.cpp.o)
                0x000815b0                PluggableUSB_::getInterface(unsigned char*)
 .text._ZN13PluggableUSB_13getDescriptorER8USBSetup
                0x000815d8       0x1c C:\Users\Ray\AppData\Local\Temp\VMBuilds\Controller\arduino_due_x_dbg\Debug/core.a(PluggableUSB.cpp.o)
                0x000815d8                PluggableUSB_::getDescriptor(USBSetup&)
 .text._ZN13PluggableUSB_12getShortNameEPc
                0x000815f4       0x1c C:\Users\Ray\AppData\Local\Temp\VMBuilds\Controller\arduino_due_x_dbg\Debug/core.a(PluggableUSB.cpp.o)
                0x000815f4                PluggableUSB_::getShortName(char*)
 .text._ZN13PluggableUSB_5setupER8USBSetup
                0x00081610       0x20 C:\Users\Ray\AppData\Local\Temp\VMBuilds\Controller\arduino_due_x_dbg\Debug/core.a(PluggableUSB.cpp.o)
                0x00081610                PluggableUSB_::setup(USBSetup&)
 .text._Z12PluggableUSBv
                0x00081630       0x28 C:\Users\Ray\AppData\Local\Temp\VMBuilds\Controller\arduino_due_x_dbg\Debug/core.a(PluggableUSB.cpp.o)
                0x00081630                PluggableUSB()
 .text.TimeTick_Increment
                0x00081658       0x10 C:\Users\Ray\AppData\Local\arduino15\packages\arduino\hardware\sam\1.6.11\variants\arduino_due_x/libsam_sam3x8e_gcc_rel.a(timetick.o)
                0x00081658                TimeTick_Increment
 .text.GetTickCount
                0x00081668        0xc C:\Users\Ray\AppData\Local\arduino15\packages\arduino\hardware\sam\1.6.11\variants\arduino_due_x/libsam_sam3x8e_gcc_rel.a(timetick.o)
                0x00081668                GetTickCount
 .text.WDT_Disable
                0x00081674        0x8 C:\Users\Ray\AppData\Local\arduino15\packages\arduino\hardware\sam\1.6.11\variants\arduino_due_x/libsam_sam3x8e_gcc_rel.a(wdt.o)
                0x00081674                WDT_Disable
 .text.UDD_SetStack
                0x0008167c        0xc C:\Users\Ray\AppData\Local\arduino15\packages\arduino\hardware\sam\1.6.11\variants\arduino_due_x/libsam_sam3x8e_gcc_rel.a(uotghs_device.o)
                0x0008167c                UDD_SetStack
 .text.UDD_Init
                0x00081688       0xd0 C:\Users\Ray\AppData\Local\arduino15\packages\arduino\hardware\sam\1.6.11\variants\arduino_due_x/libsam_sam3x8e_gcc_rel.a(uotghs_device.o)
                0x00081688                UDD_Init
 .text.UDD_Attach
                0x00081758       0x50 C:\Users\Ray\AppData\Local\arduino15\packages\arduino\hardware\sam\1.6.11\variants\arduino_due_x/libsam_sam3x8e_gcc_rel.a(uotghs_device.o)
                0x00081758                UDD_Attach
 .text.UDD_InitEP
                0x000817a8       0x2c C:\Users\Ray\AppData\Local\arduino15\packages\arduino\hardware\sam\1.6.11\variants\arduino_due_x/libsam_sam3x8e_gcc_rel.a(uotghs_device.o)
                0x000817a8                UDD_InitEP
 .text.UDD_InitEndpoints
                0x000817d4       0x3c C:\Users\Ray\AppData\Local\arduino15\packages\arduino\hardware\sam\1.6.11\variants\arduino_due_x/libsam_sam3x8e_gcc_rel.a(uotghs_device.o)
                0x000817d4                UDD_InitEndpoints
 .text.UDD_WaitIN
                0x00081810       0x10 C:\Users\Ray\AppData\Local\arduino15\packages\arduino\hardware\sam\1.6.11\variants\arduino_due_x/libsam_sam3x8e_gcc_rel.a(uotghs_device.o)
                0x00081810                UDD_WaitIN
 .text.UDD_WaitOUT
                0x00081820       0x10 C:\Users\Ray\AppData\Local\arduino15\packages\arduino\hardware\sam\1.6.11\variants\arduino_due_x/libsam_sam3x8e_gcc_rel.a(uotghs_device.o)
                0x00081820                UDD_WaitOUT
 .text.UDD_ClearIN
                0x00081830       0x18 C:\Users\Ray\AppData\Local\arduino15\packages\arduino\hardware\sam\1.6.11\variants\arduino_due_x/libsam_sam3x8e_gcc_rel.a(uotghs_device.o)
                0x00081830                UDD_ClearIN
 .text.UDD_ClearOUT
                0x00081848       0x18 C:\Users\Ray\AppData\Local\arduino15\packages\arduino\hardware\sam\1.6.11\variants\arduino_due_x/libsam_sam3x8e_gcc_rel.a(uotghs_device.o)
                0x00081848                UDD_ClearOUT
 .text.UDD_ReceivedSetupInt
                0x00081860       0x10 C:\Users\Ray\AppData\Local\arduino15\packages\arduino\hardware\sam\1.6.11\variants\arduino_due_x/libsam_sam3x8e_gcc_rel.a(uotghs_device.o)
                0x00081860                UDD_ReceivedSetupInt
 .text.UDD_ClearSetupInt
                0x00081870       0x10 C:\Users\Ray\AppData\Local\arduino15\packages\arduino\hardware\sam\1.6.11\variants\arduino_due_x/libsam_sam3x8e_gcc_rel.a(uotghs_device.o)
                0x00081870                UDD_ClearSetupInt
 .text.UDD_Send
                0x00081880       0x88 C:\Users\Ray\AppData\Local\arduino15\packages\arduino\hardware\sam\1.6.11\variants\arduino_due_x/libsam_sam3x8e_gcc_rel.a(uotghs_device.o)
                0x00081880                UDD_Send
 .text.UDD_Send8
                0x00081908       0x24 C:\Users\Ray\AppData\Local\arduino15\packages\arduino\hardware\sam\1.6.11\variants\arduino_due_x/libsam_sam3x8e_gcc_rel.a(uotghs_device.o)
                0x00081908                UDD_Send8
 .text.UDD_Recv8
                0x0008192c       0x28 C:\Users\Ray\AppData\Local\arduino15\packages\arduino\hardware\sam\1.6.11\variants\arduino_due_x/libsam_sam3x8e_gcc_rel.a(uotghs_device.o)
                0x0008192c                UDD_Recv8
 .text.UDD_Recv
                0x00081954       0x34 C:\Users\Ray\AppData\Local\arduino15\packages\arduino\hardware\sam\1.6.11\variants\arduino_due_x/libsam_sam3x8e_gcc_rel.a(uotghs_device.o)
                0x00081954                UDD_Recv
 .text.UDD_Stall
                0x00081988       0x14 C:\Users\Ray\AppData\Local\arduino15\packages\arduino\hardware\sam\1.6.11\variants\arduino_due_x/libsam_sam3x8e_gcc_rel.a(uotghs_device.o)
                0x00081988                UDD_Stall
 .text.UDD_FifoByteCount
                0x0008199c       0x14 C:\Users\Ray\AppData\Local\arduino15\packages\arduino\hardware\sam\1.6.11\variants\arduino_due_x/libsam_sam3x8e_gcc_rel.a(uotghs_device.o)
                0x0008199c                UDD_FifoByteCount
 .text.UDD_ReleaseRX
                0x000819b0       0x28 C:\Users\Ray\AppData\Local\arduino15\packages\arduino\hardware\sam\1.6.11\variants\arduino_due_x/libsam_sam3x8e_gcc_rel.a(uotghs_device.o)
                0x000819b0                UDD_ReleaseRX
 .text.UDD_ReleaseTX
                0x000819d8       0x28 C:\Users\Ray\AppData\Local\arduino15\packages\arduino\hardware\sam\1.6.11\variants\arduino_due_x/libsam_sam3x8e_gcc_rel.a(uotghs_device.o)
                0x000819d8                UDD_ReleaseTX
 .text.UDD_SetAddress
                0x00081a00       0x20 C:\Users\Ray\AppData\Local\arduino15\packages\arduino\hardware\sam\1.6.11\variants\arduino_due_x/libsam_sam3x8e_gcc_rel.a(uotghs_device.o)
                0x00081a00                UDD_SetAddress
 .text.__libc_init_array
                0x00081a20       0x50 c:/users/ray/appdata/local/arduino15/packages/arduino/tools/arm-none-eabi-gcc/4.8.3-2014q1/bin/../lib/gcc/arm-none-eabi/4.8.3/../../../../arm-none-eabi/lib/armv7-m\libg.a(lib_a-init.o)
                0x00081a20                __libc_init_array
 .text.iprintf  0x00081a70       0x28 c:/users/ray/appdata/local/arduino15/packages/arduino/tools/arm-none-eabi-gcc/4.8.3-2014q1/bin/../lib/gcc/arm-none-eabi/4.8.3/../../../../arm-none-eabi/lib/armv7-m\libg.a(lib_a-iprintf.o)
                0x00081a70                iprintf
 .text.memset   0x00081a98       0x94 c:/users/ray/appdata/local/arduino15/packages/arduino/tools/arm-none-eabi-gcc/4.8.3-2014q1/bin/../lib/gcc/arm-none-eabi/4.8.3/../../../../arm-none-eabi/lib/armv7-m\libg.a(lib_a-memset.o)
                0x00081a98                memset
 .text.strlen   0x00081b2c       0x60 c:/users/ray/appdata/local/arduino15/packages/arduino/tools/arm-none-eabi-gcc/4.8.3-2014q1/bin/../lib/gcc/arm-none-eabi/4.8.3/../../../../arm-none-eabi/lib/armv7-m\libg.a(lib_a-strlen.o)
                0x00081b2c                strlen
 .text.kill     0x00081b8c       0x10 c:/users/ray/appdata/local/arduino15/packages/arduino/tools/arm-none-eabi-gcc/4.8.3-2014q1/bin/../lib/gcc/arm-none-eabi/4.8.3/../../../../arm-none-eabi/lib/armv7-m\libg.a(lib_a-syskill.o)
                0x00081b8c                kill
 .text.__sprint_r.part.0
                0x00081b9c       0x78 c:/users/ray/appdata/local/arduino15/packages/arduino/tools/arm-none-eabi-gcc/4.8.3-2014q1/bin/../lib/gcc/arm-none-eabi/4.8.3/../../../../arm-none-eabi/lib/armv7-m\libg.a(lib_a-vfiprintf.o)
 .text._vfiprintf_r
                0x00081c14      0xc54 c:/users/ray/appdata/local/arduino15/packages/arduino/tools/arm-none-eabi-gcc/4.8.3-2014q1/bin/../lib/gcc/arm-none-eabi/4.8.3/../../../../arm-none-eabi/lib/armv7-m\libg.a(lib_a-vfiprintf.o)
                0x00081c14                _vfiprintf_r
 .text.__sbprintf
                0x00082868       0x7c c:/users/ray/appdata/local/arduino15/packages/arduino/tools/arm-none-eabi-gcc/4.8.3-2014q1/bin/../lib/gcc/arm-none-eabi/4.8.3/../../../../arm-none-eabi/lib/armv7-m\libg.a(lib_a-vfiprintf.o)
 .text.__swsetup_r
                0x000828e4       0xc4 c:/users/ray/appdata/local/arduino15/packages/arduino/tools/arm-none-eabi-gcc/4.8.3-2014q1/bin/../lib/gcc/arm-none-eabi/4.8.3/../../../../arm-none-eabi/lib/armv7-m\libg.a(lib_a-wsetup.o)
                0x000828e4                __swsetup_r
 .text.startup.register_fini
                0x000829a8       0x14 c:/users/ray/appdata/local/arduino15/packages/arduino/tools/arm-none-eabi-gcc/4.8.3-2014q1/bin/../lib/gcc/arm-none-eabi/4.8.3/../../../../arm-none-eabi/lib/armv7-m\libg.a(lib_a-__call_atexit.o)
 .text.atexit   0x000829bc        0xc c:/users/ray/appdata/local/arduino15/packages/arduino/tools/arm-none-eabi-gcc/4.8.3-2014q1/bin/../lib/gcc/arm-none-eabi/4.8.3/../../../../arm-none-eabi/lib/armv7-m\libg.a(lib_a-atexit.o)
                0x000829bc                atexit
 .text.__sflush_r
                0x000829c8      0x148 c:/users/ray/appdata/local/arduino15/packages/arduino/tools/arm-none-eabi-gcc/4.8.3-2014q1/bin/../lib/gcc/arm-none-eabi/4.8.3/../../../../arm-none-eabi/lib/armv7-m\libg.a(lib_a-fflush.o)
                0x000829c8                __sflush_r
 .text._fflush_r
                0x00082b10       0x2c c:/users/ray/appdata/local/arduino15/packages/arduino/tools/arm-none-eabi-gcc/4.8.3-2014q1/bin/../lib/gcc/arm-none-eabi/4.8.3/../../../../arm-none-eabi/lib/armv7-m\libg.a(lib_a-fflush.o)
                0x00082b10                _fflush_r
 .text._cleanup_r
                0x00082b3c        0xc c:/users/ray/appdata/local/arduino15/packages/arduino/tools/arm-none-eabi-gcc/4.8.3-2014q1/bin/../lib/gcc/arm-none-eabi/4.8.3/../../../../arm-none-eabi/lib/armv7-m\libg.a(lib_a-findfp.o)
                0x00082b3c                _cleanup_r
 .text.__sinit  0x00082b48       0xf4 c:/users/ray/appdata/local/arduino15/packages/arduino/tools/arm-none-eabi-gcc/4.8.3-2014q1/bin/../lib/gcc/arm-none-eabi/4.8.3/../../../../arm-none-eabi/lib/armv7-m\libg.a(lib_a-findfp.o)
                0x00082b48                __sinit
 .text.__sfp_lock_acquire
                0x00082c3c        0x4 c:/users/ray/appdata/local/arduino15/packages/arduino/tools/arm-none-eabi-gcc/4.8.3-2014q1/bin/../lib/gcc/arm-none-eabi/4.8.3/../../../../arm-none-eabi/lib/armv7-m\libg.a(lib_a-findfp.o)
                0x00082c3c                __sfp_lock_acquire
 .text.__sfp_lock_release
                0x00082c40        0x4 c:/users/ray/appdata/local/arduino15/packages/arduino/tools/arm-none-eabi-gcc/4.8.3-2014q1/bin/../lib/gcc/arm-none-eabi/4.8.3/../../../../arm-none-eabi/lib/armv7-m\libg.a(lib_a-findfp.o)
                0x00082c40                __sfp_lock_release
 .text.__libc_fini_array
                0x00082c44       0x30 c:/users/ray/appdata/local/arduino15/packages/arduino/tools/arm-none-eabi-gcc/4.8.3-2014q1/bin/../lib/gcc/arm-none-eabi/4.8.3/../../../../arm-none-eabi/lib/armv7-m\libg.a(lib_a-fini.o)
                0x00082c44                __libc_fini_array
 .text._fputwc_r
                0x00082c74       0xc0 c:/users/ray/appdata/local/arduino15/packages/arduino/tools/arm-none-eabi-gcc/4.8.3-2014q1/bin/../lib/gcc/arm-none-eabi/4.8.3/../../../../arm-none-eabi/lib/armv7-m\libg.a(lib_a-fputwc.o)
                0x00082c74                _fputwc_r
 .text._malloc_trim_r
                0x00082d34       0x9c c:/users/ray/appdata/local/arduino15/packages/arduino/tools/arm-none-eabi-gcc/4.8.3-2014q1/bin/../lib/gcc/arm-none-eabi/4.8.3/../../../../arm-none-eabi/lib/armv7-m\libg.a(lib_a-freer.o)
                0x00082d34                _malloc_trim_r
 .text._free_r  0x00082dd0      0x198 c:/users/ray/appdata/local/arduino15/packages/arduino/tools/arm-none-eabi-gcc/4.8.3-2014q1/bin/../lib/gcc/arm-none-eabi/4.8.3/../../../../arm-none-eabi/lib/armv7-m\libg.a(lib_a-freer.o)
                0x00082dd0                _free_r
 .text.__sfvwrite_r
                0x00082f68      0x314 c:/users/ray/appdata/local/arduino15/packages/arduino/tools/arm-none-eabi-gcc/4.8.3-2014q1/bin/../lib/gcc/arm-none-eabi/4.8.3/../../../../arm-none-eabi/lib/armv7-m\libg.a(lib_a-fvwrite.o)
                0x00082f68                __sfvwrite_r
 .text._fwalk   0x0008327c       0x48 c:/users/ray/appdata/local/arduino15/packages/arduino/tools/arm-none-eabi-gcc/4.8.3-2014q1/bin/../lib/gcc/arm-none-eabi/4.8.3/../../../../arm-none-eabi/lib/armv7-m\libg.a(lib_a-fwalk.o)
                0x0008327c                _fwalk
 .text.__locale_charset
                0x000832c4        0x8 c:/users/ray/appdata/local/arduino15/packages/arduino/tools/arm-none-eabi-gcc/4.8.3-2014q1/bin/../lib/gcc/arm-none-eabi/4.8.3/../../../../arm-none-eabi/lib/armv7-m\libg.a(lib_a-locale.o)
                0x000832c4                __locale_charset
 .text.__locale_mb_cur_max
                0x000832cc        0xc c:/users/ray/appdata/local/arduino15/packages/arduino/tools/arm-none-eabi-gcc/4.8.3-2014q1/bin/../lib/gcc/arm-none-eabi/4.8.3/../../../../arm-none-eabi/lib/armv7-m\libg.a(lib_a-locale.o)
                0x000832cc                __locale_mb_cur_max
 .text.__smakebuf_r
                0x000832d8       0xe0 c:/users/ray/appdata/local/arduino15/packages/arduino/tools/arm-none-eabi-gcc/4.8.3-2014q1/bin/../lib/gcc/arm-none-eabi/4.8.3/../../../../arm-none-eabi/lib/armv7-m\libg.a(lib_a-makebuf.o)
                0x000832d8                __smakebuf_r
 .text._malloc_r
                0x000833b8      0x538 c:/users/ray/appdata/local/arduino15/packages/arduino/tools/arm-none-eabi-gcc/4.8.3-2014q1/bin/../lib/gcc/arm-none-eabi/4.8.3/../../../../arm-none-eabi/lib/armv7-m\libg.a(lib_a-mallocr.o)
                0x000833b8                _malloc_r
 .text.memchr   0x000838f0       0x94 c:/users/ray/appdata/local/arduino15/packages/arduino/tools/arm-none-eabi-gcc/4.8.3-2014q1/bin/../lib/gcc/arm-none-eabi/4.8.3/../../../../arm-none-eabi/lib/armv7-m\libg.a(lib_a-memchr-stub.o)
                0x000838f0                memchr
 .text          0x00083984       0xec c:/users/ray/appdata/local/arduino15/packages/arduino/tools/arm-none-eabi-gcc/4.8.3-2014q1/bin/../lib/gcc/arm-none-eabi/4.8.3/../../../../arm-none-eabi/lib/armv7-m\libg.a(lib_a-memcpy.o)
                0x00083984                memcpy
 .text.memmove  0x00083a70       0xcc c:/users/ray/appdata/local/arduino15/packages/arduino/tools/arm-none-eabi-gcc/4.8.3-2014q1/bin/../lib/gcc/arm-none-eabi/4.8.3/../../../../arm-none-eabi/lib/armv7-m\libg.a(lib_a-memmove.o)
                0x00083a70                memmove
 .text.__malloc_lock
                0x00083b3c        0x4 c:/users/ray/appdata/local/arduino15/packages/arduino/tools/arm-none-eabi-gcc/4.8.3-2014q1/bin/../lib/gcc/arm-none-eabi/4.8.3/../../../../arm-none-eabi/lib/armv7-m\libg.a(lib_a-mlock.o)
                0x00083b3c                __malloc_lock
 .text.__malloc_unlock
                0x00083b40        0x4 c:/users/ray/appdata/local/arduino15/packages/arduino/tools/arm-none-eabi-gcc/4.8.3-2014q1/bin/../lib/gcc/arm-none-eabi/4.8.3/../../../../arm-none-eabi/lib/armv7-m\libg.a(lib_a-mlock.o)
                0x00083b40                __malloc_unlock
 .text._realloc_r
                0x00083b44      0x3c0 c:/users/ray/appdata/local/arduino15/packages/arduino/tools/arm-none-eabi-gcc/4.8.3-2014q1/bin/../lib/gcc/arm-none-eabi/4.8.3/../../../../arm-none-eabi/lib/armv7-m\libg.a(lib_a-reallocr.o)
                0x00083b44                _realloc_r
 .text._sbrk_r  0x00083f04       0x24 c:/users/ray/appdata/local/arduino15/packages/arduino/tools/arm-none-eabi-gcc/4.8.3-2014q1/bin/../lib/gcc/arm-none-eabi/4.8.3/../../../../arm-none-eabi/lib/armv7-m\libg.a(lib_a-sbrkr.o)
                0x00083f04                _sbrk_r
 .text._kill_r  0x00083f28       0x28 c:/users/ray/appdata/local/arduino15/packages/arduino/tools/arm-none-eabi-gcc/4.8.3-2014q1/bin/../lib/gcc/arm-none-eabi/4.8.3/../../../../arm-none-eabi/lib/armv7-m\libg.a(lib_a-signalr.o)
                0x00083f28                _kill_r
 .text.__sread  0x00083f50       0x24 c:/users/ray/appdata/local/arduino15/packages/arduino/tools/arm-none-eabi-gcc/4.8.3-2014q1/bin/../lib/gcc/arm-none-eabi/4.8.3/../../../../arm-none-eabi/lib/armv7-m\libg.a(lib_a-stdio.o)
                0x00083f50                __sread
 .text.__swrite
                0x00083f74       0x38 c:/users/ray/appdata/local/arduino15/packages/arduino/tools/arm-none-eabi-gcc/4.8.3-2014q1/bin/../lib/gcc/arm-none-eabi/4.8.3/../../../../arm-none-eabi/lib/armv7-m\libg.a(lib_a-stdio.o)
                0x00083f74                __swrite
 .text.__sseek  0x00083fac       0x20 c:/users/ray/appdata/local/arduino15/packages/arduino/tools/arm-none-eabi-gcc/4.8.3-2014q1/bin/../lib/gcc/arm-none-eabi/4.8.3/../../../../arm-none-eabi/lib/armv7-m\libg.a(lib_a-stdio.o)
                0x00083fac                __sseek
 .text.__sclose
                0x00083fcc        0x8 c:/users/ray/appdata/local/arduino15/packages/arduino/tools/arm-none-eabi-gcc/4.8.3-2014q1/bin/../lib/gcc/arm-none-eabi/4.8.3/../../../../arm-none-eabi/lib/armv7-m\libg.a(lib_a-stdio.o)
                0x00083fcc                __sclose
 .text.__swbuf_r
                0x00083fd4       0xa8 c:/users/ray/appdata/local/arduino15/packages/arduino/tools/arm-none-eabi-gcc/4.8.3-2014q1/bin/../lib/gcc/arm-none-eabi/4.8.3/../../../../arm-none-eabi/lib/armv7-m\libg.a(lib_a-wbuf.o)
                0x00083fd4                __swbuf_r
 .text._wcrtomb_r
                0x0008407c       0x50 c:/users/ray/appdata/local/arduino15/packages/arduino/tools/arm-none-eabi-gcc/4.8.3-2014q1/bin/../lib/gcc/arm-none-eabi/4.8.3/../../../../arm-none-eabi/lib/armv7-m\libg.a(lib_a-wcrtomb.o)
                0x0008407c                _wcrtomb_r
 .text.__ascii_wctomb
                0x000840cc       0x1c c:/users/ray/appdata/local/arduino15/packages/arduino/tools/arm-none-eabi-gcc/4.8.3-2014q1/bin/../lib/gcc/arm-none-eabi/4.8.3/../../../../arm-none-eabi/lib/armv7-m\libg.a(lib_a-wctomb_r.o)
                0x000840cc                __ascii_wctomb
 .text._write_r
                0x000840e8       0x28 c:/users/ray/appdata/local/arduino15/packages/arduino/tools/arm-none-eabi-gcc/4.8.3-2014q1/bin/../lib/gcc/arm-none-eabi/4.8.3/../../../../arm-none-eabi/lib/armv7-m\libg.a(lib_a-writer.o)
                0x000840e8                _write_r
 .text.__register_exitproc
                0x00084110       0xa8 c:/users/ray/appdata/local/arduino15/packages/arduino/tools/arm-none-eabi-gcc/4.8.3-2014q1/bin/../lib/gcc/arm-none-eabi/4.8.3/../../../../arm-none-eabi/lib/armv7-m\libg.a(lib_a-__atexit.o)
                0x00084110                __register_exitproc
 .text._close_r
                0x000841b8       0x24 c:/users/ray/appdata/local/arduino15/packages/arduino/tools/arm-none-eabi-gcc/4.8.3-2014q1/bin/../lib/gcc/arm-none-eabi/4.8.3/../../../../arm-none-eabi/lib/armv7-m\libg.a(lib_a-closer.o)
                0x000841b8                _close_r
 .text._fclose_r
                0x000841dc       0x80 c:/users/ray/appdata/local/arduino15/packages/arduino/tools/arm-none-eabi-gcc/4.8.3-2014q1/bin/../lib/gcc/arm-none-eabi/4.8.3/../../../../arm-none-eabi/lib/armv7-m\libg.a(lib_a-fclose.o)
                0x000841dc                _fclose_r
 .text.fclose   0x0008425c       0x10 c:/users/ray/appdata/local/arduino15/packages/arduino/tools/arm-none-eabi-gcc/4.8.3-2014q1/bin/../lib/gcc/arm-none-eabi/4.8.3/../../../../arm-none-eabi/lib/armv7-m\libg.a(lib_a-fclose.o)
                0x0008425c                fclose
 .text._fstat_r
                0x0008426c       0x28 c:/users/ray/appdata/local/arduino15/packages/arduino/tools/arm-none-eabi-gcc/4.8.3-2014q1/bin/../lib/gcc/arm-none-eabi/4.8.3/../../../../arm-none-eabi/lib/armv7-m\libg.a(lib_a-fstatr.o)
                0x0008426c                _fstat_r
 .text._isatty_r
                0x00084294       0x24 c:/users/ray/appdata/local/arduino15/packages/arduino/tools/arm-none-eabi-gcc/4.8.3-2014q1/bin/../lib/gcc/arm-none-eabi/4.8.3/../../../../arm-none-eabi/lib/armv7-m\libg.a(lib_a-isattyr.o)
                0x00084294                _isatty_r
 .text._lseek_r
                0x000842b8       0x28 c:/users/ray/appdata/local/arduino15/packages/arduino/tools/arm-none-eabi-gcc/4.8.3-2014q1/bin/../lib/gcc/arm-none-eabi/4.8.3/../../../../arm-none-eabi/lib/armv7-m\libg.a(lib_a-lseekr.o)
                0x000842b8                _lseek_r
 .text._read_r  0x000842e0       0x28 c:/users/ray/appdata/local/arduino15/packages/arduino/tools/arm-none-eabi-gcc/4.8.3-2014q1/bin/../lib/gcc/arm-none-eabi/4.8.3/../../../../arm-none-eabi/lib/armv7-m\libg.a(lib_a-readr.o)
                0x000842e0                _read_r
 .text          0x00084308       0x2c c:/users/ray/appdata/local/arduino15/packages/arduino/tools/arm-none-eabi-gcc/4.8.3-2014q1/bin/../lib/gcc/arm-none-eabi/4.8.3/armv7-m\libgcc.a(_aeabi_uldivmod.o)
                0x00084308                __aeabi_uldivmod
 .text          0x00084334       0x60 c:/users/ray/appdata/local/arduino15/packages/arduino/tools/arm-none-eabi-gcc/4.8.3-2014q1/bin/../lib/gcc/arm-none-eabi/4.8.3/armv7-m\libgcc.a(bpabi.o)
                0x00084334                __gnu_ldivmod_helper
                0x00084364                __gnu_uldivmod_helper
 .text          0x00084394        0x4 c:/users/ray/appdata/local/arduino15/packages/arduino/tools/arm-none-eabi-gcc/4.8.3-2014q1/bin/../lib/gcc/arm-none-eabi/4.8.3/armv7-m\libgcc.a(_dvmd_tls.o)
                0x00084394                __aeabi_idiv0
                0x00084394                __aeabi_ldiv0
 .text          0x00084398      0x2a0 c:/users/ray/appdata/local/arduino15/packages/arduino/tools/arm-none-eabi-gcc/4.8.3-2014q1/bin/../lib/gcc/arm-none-eabi/4.8.3/armv7-m\libgcc.a(_divdi3.o)
                0x00084398                __divdi3
 .text          0x00084638      0x290 c:/users/ray/appdata/local/arduino15/packages/arduino/tools/arm-none-eabi-gcc/4.8.3-2014q1/bin/../lib/gcc/arm-none-eabi/4.8.3/armv7-m\libgcc.a(_udivdi3.o)
                0x00084638                __udivdi3
 *(.glue_7t)
 .glue_7t       0x00000000        0x0 linker stubs
 *(.glue_7)
 .glue_7        0x00000000        0x0 linker stubs
 *(.rodata .rodata* .gnu.linkonce.r.*)
 .rodata.g_APinDescription
                0x000848c8      0xa2c C:\Users\Ray\AppData\Local\Temp\VMBCore\arduino16x\018918945f122068ecf6eace323d4c04\variant\variant.cpp.o
                0x000848c8                g_APinDescription
 .rodata        0x000852f4       0x40 C:\Users\Ray\AppData\Local\arduino15\packages\arduino\hardware\sam\1.6.11\variants\arduino_due_x/libsam_sam3x8e_gcc_rel.a(adc.o)
 .rodata.str1.1
                0x00085334       0x19 C:\Users\Ray\AppData\Local\Temp\VMBuilds\Controller\arduino_due_x_dbg\Debug/core.a(syscalls_sam3.c.o)
 *fill*         0x0008534d        0x3 
 .rodata._ZTV9UARTClass
                0x00085350       0x30 C:\Users\Ray\AppData\Local\Temp\VMBuilds\Controller\arduino_due_x_dbg\Debug/core.a(UARTClass.cpp.o)
                0x00085350                vtable for UARTClass
 .rodata._ZTV10USARTClass
                0x00085380       0x30 C:\Users\Ray\AppData\Local\Temp\VMBuilds\Controller\arduino_due_x_dbg\Debug/core.a(USARTClass.cpp.o)
                0x00085380                vtable for USARTClass
 .rodata.STRING_PRODUCT
                0x000853b0        0xc C:\Users\Ray\AppData\Local\Temp\VMBuilds\Controller\arduino_due_x_dbg\Debug/core.a(USBCore.cpp.o)
                0x000853b0                STRING_PRODUCT
 .rodata.USB_DeviceDescriptor
                0x000853bc       0x12 C:\Users\Ray\AppData\Local\Temp\VMBuilds\Controller\arduino_due_x_dbg\Debug/core.a(USBCore.cpp.o)
                0x000853bc                USB_DeviceDescriptor
 .rodata.STRING_LANGUAGE
                0x000853ce        0x4 C:\Users\Ray\AppData\Local\Temp\VMBuilds\Controller\arduino_due_x_dbg\Debug/core.a(USBCore.cpp.o)
                0x000853ce                STRING_LANGUAGE
 .rodata._ZL18test_packet_buffer
                0x000853d2       0x35 C:\Users\Ray\AppData\Local\Temp\VMBuilds\Controller\arduino_due_x_dbg\Debug/core.a(USBCore.cpp.o)
 .rodata.STRING_MANUFACTURER
                0x00085407        0xc C:\Users\Ray\AppData\Local\Temp\VMBuilds\Controller\arduino_due_x_dbg\Debug/core.a(USBCore.cpp.o)
                0x00085407                STRING_MANUFACTURER
 .rodata.USB_DeviceDescriptorA
                0x00085413       0x12 C:\Users\Ray\AppData\Local\Temp\VMBuilds\Controller\arduino_due_x_dbg\Debug/core.a(USBCore.cpp.o)
                0x00085413                USB_DeviceDescriptorA
 .rodata._ZL19USB_DeviceQualifier
                0x00085425        0x9 C:\Users\Ray\AppData\Local\Temp\VMBuilds\Controller\arduino_due_x_dbg\Debug/core.a(USBCore.cpp.o)
 *fill*         0x0008542e        0x2 
 .rodata._ZTV7Serial_
                0x00085430       0x28 C:\Users\Ray\AppData\Local\Temp\VMBuilds\Controller\arduino_due_x_dbg\Debug/core.a(CDC.cpp.o)
                0x00085430                vtable for Serial_
 .rodata._ZL18_cdcOtherInterface
                0x00085458       0x42 C:\Users\Ray\AppData\Local\Temp\VMBuilds\Controller\arduino_due_x_dbg\Debug/core.a(CDC.cpp.o)
 .rodata._ZL13_cdcInterface
                0x0008549a       0x42 C:\Users\Ray\AppData\Local\Temp\VMBuilds\Controller\arduino_due_x_dbg\Debug/core.a(CDC.cpp.o)
 .rodata.str1.4
                0x000854dc        0x2 c:/users/ray/appdata/local/arduino15/packages/arduino/tools/arm-none-eabi-gcc/4.8.3-2014q1/bin/../lib/gcc/arm-none-eabi/4.8.3/../../../../arm-none-eabi/lib/armv7-m\libg.a(lib_a-impure.o)
                                  0x4 (size before relaxing)
 *fill*         0x000854de        0x2 
 .rodata._global_impure_ptr
                0x000854e0        0x4 c:/users/ray/appdata/local/arduino15/packages/arduino/tools/arm-none-eabi-gcc/4.8.3-2014q1/bin/../lib/gcc/arm-none-eabi/4.8.3/../../../../arm-none-eabi/lib/armv7-m\libg.a(lib_a-impure.o)
                0x000854e0                _global_impure_ptr
 .rodata.blanks.6717
                0x000854e4       0x10 c:/users/ray/appdata/local/arduino15/packages/arduino/tools/arm-none-eabi-gcc/4.8.3-2014q1/bin/../lib/gcc/arm-none-eabi/4.8.3/../../../../arm-none-eabi/lib/armv7-m\libg.a(lib_a-vfiprintf.o)
 .rodata.str1.4
                0x000854f4       0x30 c:/users/ray/appdata/local/arduino15/packages/arduino/tools/arm-none-eabi-gcc/4.8.3-2014q1/bin/../lib/gcc/arm-none-eabi/4.8.3/../../../../arm-none-eabi/lib/armv7-m\libg.a(lib_a-vfiprintf.o)
 .rodata.zeroes.6718
                0x00085524       0x10 c:/users/ray/appdata/local/arduino15/packages/arduino/tools/arm-none-eabi-gcc/4.8.3-2014q1/bin/../lib/gcc/arm-none-eabi/4.8.3/../../../../arm-none-eabi/lib/armv7-m\libg.a(lib_a-vfiprintf.o)
 *(.ARM.extab* .gnu.linkonce.armextab.*)
                0x00085534                . = ALIGN (0x4)
 *(.init)
 .init          0x00085534        0x4 c:/users/ray/appdata/local/arduino15/packages/arduino/tools/arm-none-eabi-gcc/4.8.3-2014q1/bin/../lib/gcc/arm-none-eabi/4.8.3/armv7-m/crti.o
                0x00085534                _init
 .init          0x00085538        0x8 c:/users/ray/appdata/local/arduino15/packages/arduino/tools/arm-none-eabi-gcc/4.8.3-2014q1/bin/../lib/gcc/arm-none-eabi/4.8.3/armv7-m/crtn.o
                0x00085540                . = ALIGN (0x4)
                0x00085540                __preinit_array_start = .
 *(.preinit_array)
                0x00085540                __preinit_array_end = .
                0x00085540                . = ALIGN (0x4)
                0x00085540                __init_array_start = .
 *(SORT(.init_array.*))
 .init_array.00000
                0x00085540        0x4 c:/users/ray/appdata/local/arduino15/packages/arduino/tools/arm-none-eabi-gcc/4.8.3-2014q1/bin/../lib/gcc/arm-none-eabi/4.8.3/../../../../arm-none-eabi/lib/armv7-m\libg.a(lib_a-__call_atexit.o)
 *(.init_array)
 .init_array    0x00085544        0x4 c:/users/ray/appdata/local/arduino15/packages/arduino/tools/arm-none-eabi-gcc/4.8.3-2014q1/bin/../lib/gcc/arm-none-eabi/4.8.3/armv7-m/crtbegin.o
 .init_array    0x00085548        0x4 C:\Users\Ray\AppData\Local\Temp\VMBCore\arduino16x\018918945f122068ecf6eace323d4c04\variant\variant.cpp.o
 .init_array    0x0008554c        0x4 C:\Users\Ray\AppData\Local\Temp\VMBuilds\Controller\arduino_due_x_dbg\Debug/core.a(USBCore.cpp.o)
 .init_array    0x00085550        0x4 C:\Users\Ray\AppData\Local\Temp\VMBuilds\Controller\arduino_due_x_dbg\Debug/core.a(CDC.cpp.o)
                0x00085554                __init_array_end = .
                0x00085554                . = ALIGN (0x4)
 *crtbegin.o(.ctors)
 *(EXCLUDE_FILE(*crtend.o) .ctors)
 *(SORT(.ctors.*))
 *crtend.o(.ctors)
                0x00085554                . = ALIGN (0x4)
 *(.fini)
 .fini          0x00085554        0x4 c:/users/ray/appdata/local/arduino15/packages/arduino/tools/arm-none-eabi-gcc/4.8.3-2014q1/bin/../lib/gcc/arm-none-eabi/4.8.3/armv7-m/crti.o
                0x00085554                _fini
 .fini          0x00085558        0x8 c:/users/ray/appdata/local/arduino15/packages/arduino/tools/arm-none-eabi-gcc/4.8.3-2014q1/bin/../lib/gcc/arm-none-eabi/4.8.3/armv7-m/crtn.o
                0x00085560                . = ALIGN (0x4)
                0x00085560                __fini_array_start = .
 *(.fini_array)
 .fini_array    0x00085560        0x4 c:/users/ray/appdata/local/arduino15/packages/arduino/tools/arm-none-eabi-gcc/4.8.3-2014q1/bin/../lib/gcc/arm-none-eabi/4.8.3/armv7-m/crtbegin.o
 *(SORT(.fini_array.*))
                0x00085564                __fini_array_end = .
 *crtbegin.o(.dtors)
 *(EXCLUDE_FILE(*crtend.o) .dtors)
 *(SORT(.dtors.*))
 *crtend.o(.dtors)
                0x00085564                . = ALIGN (0x4)
                0x00085564                _efixed = .
                0x00085564                PROVIDE (__exidx_start, .)

.vfp11_veneer   0x00085564        0x0
 .vfp11_veneer  0x00000000        0x0 linker stubs

.v4_bx          0x00085564        0x0
 .v4_bx         0x00000000        0x0 linker stubs

.iplt           0x00085564        0x0
 .iplt          0x00000000        0x0 c:/users/ray/appdata/local/arduino15/packages/arduino/tools/arm-none-eabi-gcc/4.8.3-2014q1/bin/../lib/gcc/arm-none-eabi/4.8.3/armv7-m/crtbegin.o

.ARM.exidx      0x00085564        0x8
 *(.ARM.exidx* .gnu.linkonce.armexidx.*)
 .ARM.exidx     0x00085564        0x8 c:/users/ray/appdata/local/arduino15/packages/arduino/tools/arm-none-eabi-gcc/4.8.3-2014q1/bin/../lib/gcc/arm-none-eabi/4.8.3/armv7-m\libgcc.a(_divdi3.o)
 .ARM.exidx     0x0008556c        0x0 c:/users/ray/appdata/local/arduino15/packages/arduino/tools/arm-none-eabi-gcc/4.8.3-2014q1/bin/../lib/gcc/arm-none-eabi/4.8.3/armv7-m\libgcc.a(_udivdi3.o)
                                  0x8 (size before relaxing)
                0x0008556c                PROVIDE (__exidx_end, .)

.eh_frame       0x0008556c        0x0
 .eh_frame      0x0008556c        0x0 c:/users/ray/appdata/local/arduino15/packages/arduino/tools/arm-none-eabi-gcc/4.8.3-2014q1/bin/../lib/gcc/arm-none-eabi/4.8.3/armv7-m/crtbegin.o

.rel.dyn        0x0008556c        0x0
 .rel.iplt      0x00000000        0x0 c:/users/ray/appdata/local/arduino15/packages/arduino/tools/arm-none-eabi-gcc/4.8.3-2014q1/bin/../lib/gcc/arm-none-eabi/4.8.3/armv7-m/crtbegin.o

.jcr            0x0008556c        0x0
 .jcr           0x0008556c        0x0 c:/users/ray/appdata/local/arduino15/packages/arduino/tools/arm-none-eabi-gcc/4.8.3-2014q1/bin/../lib/gcc/arm-none-eabi/4.8.3/armv7-m/crtbegin.o

.igot.plt       0x0008556c        0x0
 .igot.plt      0x00000000        0x0 c:/users/ray/appdata/local/arduino15/packages/arduino/tools/arm-none-eabi-gcc/4.8.3-2014q1/bin/../lib/gcc/arm-none-eabi/4.8.3/armv7-m/crtbegin.o
                0x0008556c                . = ALIGN (0x4)
                0x0008556c                _etext = .

.relocate       0x20070000      0x8d4 load address 0x0008556c
                0x20070000                . = ALIGN (0x4)
                0x20070000                _srelocate = .
 *(.ramfunc .ramfunc.*)
 .ramfunc       0x20070000       0x2c C:\Users\Ray\AppData\Local\Temp\VMBuilds\Controller\arduino_due_x_dbg\Debug/core.a(Reset.cpp.o)
                0x20070000                banzai
 *(.data .data.*)
 .data.SystemCoreClock
                0x2007002c        0x4 C:\Users\Ray\AppData\Local\arduino15\packages\arduino\hardware\sam\1.6.11\variants\arduino_due_x/libsam_sam3x8e_gcc_rel.a(system_sam3xa.o)
                0x2007002c                SystemCoreClock
 .data._ZL5ticks
                0x20070030        0x4 C:\Users\Ray\AppData\Local\Temp\VMBuilds\Controller\arduino_due_x_dbg\Debug/core.a(Reset.cpp.o)
 .data.EndPoints
                0x20070034       0x28 C:\Users\Ray\AppData\Local\Temp\VMBuilds\Controller\arduino_due_x_dbg\Debug/core.a(USBCore.cpp.o)
                0x20070034                EndPoints
 .data._ZL10breakValue
                0x2007005c        0x4 C:\Users\Ray\AppData\Local\Temp\VMBuilds\Controller\arduino_due_x_dbg\Debug/core.a(CDC.cpp.o)
 .data._ZL12_usbLineInfo
                0x20070060        0x8 C:\Users\Ray\AppData\Local\Temp\VMBuilds\Controller\arduino_due_x_dbg\Debug/core.a(CDC.cpp.o)
 .data.g_interrupt_enabled
                0x20070068        0x4 C:\Users\Ray\AppData\Local\arduino15\packages\arduino\hardware\sam\1.6.11\variants\arduino_due_x/libsam_sam3x8e_gcc_rel.a(interrupt_sam_nvic.o)
                0x20070068                g_interrupt_enabled
 *fill*         0x2007006c        0x4 
 .data.impure_data
                0x20070070      0x428 c:/users/ray/appdata/local/arduino15/packages/arduino/tools/arm-none-eabi-gcc/4.8.3-2014q1/bin/../lib/gcc/arm-none-eabi/4.8.3/../../../../arm-none-eabi/lib/armv7-m\libg.a(lib_a-impure.o)
 .data._impure_ptr
                0x20070498        0x4 c:/users/ray/appdata/local/arduino15/packages/arduino/tools/arm-none-eabi-gcc/4.8.3-2014q1/bin/../lib/gcc/arm-none-eabi/4.8.3/../../../../arm-none-eabi/lib/armv7-m\libg.a(lib_a-impure.o)
                0x20070498                _impure_ptr
 .data.lc_ctype_charset
                0x2007049c       0x20 c:/users/ray/appdata/local/arduino15/packages/arduino/tools/arm-none-eabi-gcc/4.8.3-2014q1/bin/../lib/gcc/arm-none-eabi/4.8.3/../../../../arm-none-eabi/lib/armv7-m\libg.a(lib_a-locale.o)
 .data.__mb_cur_max
                0x200704bc        0x4 c:/users/ray/appdata/local/arduino15/packages/arduino/tools/arm-none-eabi-gcc/4.8.3-2014q1/bin/../lib/gcc/arm-none-eabi/4.8.3/../../../../arm-none-eabi/lib/armv7-m\libg.a(lib_a-locale.o)
                0x200704bc                __mb_cur_max
 .data.__malloc_av_
                0x200704c0      0x408 c:/users/ray/appdata/local/arduino15/packages/arduino/tools/arm-none-eabi-gcc/4.8.3-2014q1/bin/../lib/gcc/arm-none-eabi/4.8.3/../../../../arm-none-eabi/lib/armv7-m\libg.a(lib_a-mallocr.o)
                0x200704c0                __malloc_av_
 .data.__malloc_trim_threshold
                0x200708c8        0x4 c:/users/ray/appdata/local/arduino15/packages/arduino/tools/arm-none-eabi-gcc/4.8.3-2014q1/bin/../lib/gcc/arm-none-eabi/4.8.3/../../../../arm-none-eabi/lib/armv7-m\libg.a(lib_a-mallocr.o)
                0x200708c8                __malloc_trim_threshold
 .data.__malloc_sbrk_base
                0x200708cc        0x4 c:/users/ray/appdata/local/arduino15/packages/arduino/tools/arm-none-eabi-gcc/4.8.3-2014q1/bin/../lib/gcc/arm-none-eabi/4.8.3/../../../../arm-none-eabi/lib/armv7-m\libg.a(lib_a-mallocr.o)
                0x200708cc                __malloc_sbrk_base
 .data.__wctomb
                0x200708d0        0x4 c:/users/ray/appdata/local/arduino15/packages/arduino/tools/arm-none-eabi-gcc/4.8.3-2014q1/bin/../lib/gcc/arm-none-eabi/4.8.3/../../../../arm-none-eabi/lib/armv7-m\libg.a(lib_a-wctomb_r.o)
                0x200708d0                __wctomb
                0x200708d4                . = ALIGN (0x4)
                0x200708d4                _erelocate = .

.bss            0x200708d4      0x828 load address 0x00085e40
                0x200708d4                . = ALIGN (0x4)
                0x200708d4                _sbss = .
                0x200708d4                _szero = .
 *(.bss .bss.*)
 .bss           0x200708d4       0x1c c:/users/ray/appdata/local/arduino15/packages/arduino/tools/arm-none-eabi-gcc/4.8.3-2014q1/bin/../lib/gcc/arm-none-eabi/4.8.3/armv7-m/crtbegin.o
 .bss.tx_buffer2
                0x200708f0       0x88 C:\Users\Ray\AppData\Local\Temp\VMBCore\arduino16x\018918945f122068ecf6eace323d4c04\variant\variant.cpp.o
                0x200708f0                tx_buffer2
 .bss.tx_buffer1
                0x20070978       0x88 C:\Users\Ray\AppData\Local\Temp\VMBCore\arduino16x\018918945f122068ecf6eace323d4c04\variant\variant.cpp.o
                0x20070978                tx_buffer1
 .bss.Serial    0x20070a00       0x24 C:\Users\Ray\AppData\Local\Temp\VMBCore\arduino16x\018918945f122068ecf6eace323d4c04\variant\variant.cpp.o
                0x20070a00                Serial
 .bss.rx_buffer1
                0x20070a24       0x88 C:\Users\Ray\AppData\Local\Temp\VMBCore\arduino16x\018918945f122068ecf6eace323d4c04\variant\variant.cpp.o
                0x20070a24                rx_buffer1
 .bss.Serial1   0x20070aac       0x28 C:\Users\Ray\AppData\Local\Temp\VMBCore\arduino16x\018918945f122068ecf6eace323d4c04\variant\variant.cpp.o
                0x20070aac                Serial1
 .bss.Serial2   0x20070ad4       0x28 C:\Users\Ray\AppData\Local\Temp\VMBCore\arduino16x\018918945f122068ecf6eace323d4c04\variant\variant.cpp.o
                0x20070ad4                Serial2
 .bss.Serial3   0x20070afc       0x28 C:\Users\Ray\AppData\Local\Temp\VMBCore\arduino16x\018918945f122068ecf6eace323d4c04\variant\variant.cpp.o
                0x20070afc                Serial3
 .bss.tx_buffer3
                0x20070b24       0x88 C:\Users\Ray\AppData\Local\Temp\VMBCore\arduino16x\018918945f122068ecf6eace323d4c04\variant\variant.cpp.o
                0x20070b24                tx_buffer3
 .bss.tx_buffer4
                0x20070bac       0x88 C:\Users\Ray\AppData\Local\Temp\VMBCore\arduino16x\018918945f122068ecf6eace323d4c04\variant\variant.cpp.o
                0x20070bac                tx_buffer4
 .bss.g_pinStatus
                0x20070c34       0x4f C:\Users\Ray\AppData\Local\Temp\VMBCore\arduino16x\018918945f122068ecf6eace323d4c04\variant\variant.cpp.o
                0x20070c34                g_pinStatus
 *fill*         0x20070c83        0x1 
 .bss.rx_buffer2
                0x20070c84       0x88 C:\Users\Ray\AppData\Local\Temp\VMBCore\arduino16x\018918945f122068ecf6eace323d4c04\variant\variant.cpp.o
                0x20070c84                rx_buffer2
 .bss.rx_buffer3
                0x20070d0c       0x88 C:\Users\Ray\AppData\Local\Temp\VMBCore\arduino16x\018918945f122068ecf6eace323d4c04\variant\variant.cpp.o
                0x20070d0c                rx_buffer3
 .bss.rx_buffer4
                0x20070d94       0x88 C:\Users\Ray\AppData\Local\Temp\VMBCore\arduino16x\018918945f122068ecf6eace323d4c04\variant\variant.cpp.o
                0x20070d94                rx_buffer4
 .bss.gpf_isr   0x20070e1c        0x4 C:\Users\Ray\AppData\Local\arduino15\packages\arduino\hardware\sam\1.6.11\variants\arduino_due_x/libsam_sam3x8e_gcc_rel.a(uotghs.o)
                0x20070e1c                gpf_isr
 .bss.heap.6420
                0x20070e20        0x4 C:\Users\Ray\AppData\Local\Temp\VMBuilds\Controller\arduino_due_x_dbg\Debug/core.a(syscalls_sam3.c.o)
 .bss._cmark    0x20070e24        0x2 C:\Users\Ray\AppData\Local\Temp\VMBuilds\Controller\arduino_due_x_dbg\Debug/core.a(USBCore.cpp.o)
                0x20070e24                _cmark
 .bss._ZL14isEndpointHalt
                0x20070e26        0x1 C:\Users\Ray\AppData\Local\Temp\VMBuilds\Controller\arduino_due_x_dbg\Debug/core.a(USBCore.cpp.o)
 *fill*         0x20070e27        0x1 
 .bss._cdcComposite
                0x20070e28        0x4 C:\Users\Ray\AppData\Local\Temp\VMBuilds\Controller\arduino_due_x_dbg\Debug/core.a(USBCore.cpp.o)
                0x20070e28                _cdcComposite
 .bss._ZL21isRemoteWakeUpEnabled
                0x20070e2c        0x1 C:\Users\Ray\AppData\Local\Temp\VMBuilds\Controller\arduino_due_x_dbg\Debug/core.a(USBCore.cpp.o)
 *fill*         0x20070e2d        0x3 
 .bss._usbInitialized
                0x20070e30        0x4 C:\Users\Ray\AppData\Local\Temp\VMBuilds\Controller\arduino_due_x_dbg\Debug/core.a(USBCore.cpp.o)
                0x20070e30                _usbInitialized
 .bss.USBDevice
                0x20070e34        0x1 C:\Users\Ray\AppData\Local\Temp\VMBuilds\Controller\arduino_due_x_dbg\Debug/core.a(USBCore.cpp.o)
                0x20070e34                USBDevice
 *fill*         0x20070e35        0x3 
 .bss._usbSetInterface
                0x20070e38        0x4 C:\Users\Ray\AppData\Local\Temp\VMBuilds\Controller\arduino_due_x_dbg\Debug/core.a(USBCore.cpp.o)
                0x20070e38                _usbSetInterface
 .bss._cend     0x20070e3c        0x2 C:\Users\Ray\AppData\Local\Temp\VMBuilds\Controller\arduino_due_x_dbg\Debug/core.a(USBCore.cpp.o)
                0x20070e3c                _cend
 *fill*         0x20070e3e        0x2 
 .bss._usbConfiguration
                0x20070e40        0x4 C:\Users\Ray\AppData\Local\Temp\VMBuilds\Controller\arduino_due_x_dbg\Debug/core.a(USBCore.cpp.o)
                0x20070e40                _usbConfiguration
 .bss.cdc_rx_buffer
                0x20070e44      0x208 C:\Users\Ray\AppData\Local\Temp\VMBuilds\Controller\arduino_due_x_dbg\Debug/core.a(CDC.cpp.o)
                0x20070e44                cdc_rx_buffer
 .bss._ZZN7Serial_6acceptEvE5guard
                0x2007104c        0x4 C:\Users\Ray\AppData\Local\Temp\VMBuilds\Controller\arduino_due_x_dbg\Debug/core.a(CDC.cpp.o)
 .bss.SerialUSB
                0x20071050       0x14 C:\Users\Ray\AppData\Local\Temp\VMBuilds\Controller\arduino_due_x_dbg\Debug/core.a(CDC.cpp.o)
                0x20071050                SerialUSB
 .bss._ZZ12PluggableUSBvE3obj
                0x20071064        0x8 C:\Users\Ray\AppData\Local\Temp\VMBuilds\Controller\arduino_due_x_dbg\Debug/core.a(PluggableUSB.cpp.o)
 .bss._ZGVZ12PluggableUSBvE3obj
                0x2007106c        0x4 C:\Users\Ray\AppData\Local\Temp\VMBuilds\Controller\arduino_due_x_dbg\Debug/core.a(PluggableUSB.cpp.o)
 .bss._dwTickCount
                0x20071070        0x4 C:\Users\Ray\AppData\Local\arduino15\packages\arduino\hardware\sam\1.6.11\variants\arduino_due_x/libsam_sam3x8e_gcc_rel.a(timetick.o)
 .bss.ul_recv_fifo_ptr
                0x20071074       0x28 C:\Users\Ray\AppData\Local\arduino15\packages\arduino\hardware\sam\1.6.11\variants\arduino_due_x/libsam_sam3x8e_gcc_rel.a(uotghs_device.o)
 .bss.ul_send_fifo_ptr
                0x2007109c       0x28 C:\Users\Ray\AppData\Local\arduino15\packages\arduino\hardware\sam\1.6.11\variants\arduino_due_x/libsam_sam3x8e_gcc_rel.a(uotghs_device.o)
 .bss.__malloc_max_total_mem
                0x200710c4        0x4 c:/users/ray/appdata/local/arduino15/packages/arduino/tools/arm-none-eabi-gcc/4.8.3-2014q1/bin/../lib/gcc/arm-none-eabi/4.8.3/../../../../arm-none-eabi/lib/armv7-m\libg.a(lib_a-mallocr.o)
                0x200710c4                __malloc_max_total_mem
 .bss.__malloc_max_sbrked_mem
                0x200710c8        0x4 c:/users/ray/appdata/local/arduino15/packages/arduino/tools/arm-none-eabi-gcc/4.8.3-2014q1/bin/../lib/gcc/arm-none-eabi/4.8.3/../../../../arm-none-eabi/lib/armv7-m\libg.a(lib_a-mallocr.o)
                0x200710c8                __malloc_max_sbrked_mem
 .bss.__malloc_top_pad
                0x200710cc        0x4 c:/users/ray/appdata/local/arduino15/packages/arduino/tools/arm-none-eabi-gcc/4.8.3-2014q1/bin/../lib/gcc/arm-none-eabi/4.8.3/../../../../arm-none-eabi/lib/armv7-m\libg.a(lib_a-mallocr.o)
                0x200710cc                __malloc_top_pad
 .bss.__malloc_current_mallinfo
                0x200710d0       0x28 c:/users/ray/appdata/local/arduino15/packages/arduino/tools/arm-none-eabi-gcc/4.8.3-2014q1/bin/../lib/gcc/arm-none-eabi/4.8.3/../../../../arm-none-eabi/lib/armv7-m\libg.a(lib_a-mallocr.o)
                0x200710d0                __malloc_current_mallinfo
 *(COMMON)
 COMMON         0x200710f8        0x4 c:/users/ray/appdata/local/arduino15/packages/arduino/tools/arm-none-eabi-gcc/4.8.3-2014q1/bin/../lib/gcc/arm-none-eabi/4.8.3/../../../../arm-none-eabi/lib/armv7-m\libg.a(lib_a-reent.o)
                0x200710f8                errno
                0x200710fc                . = ALIGN (0x4)
                0x200710fc                _ebss = .
                0x200710fc                _ezero = .
                0x200710fc                . = ALIGN (0x4)
                0x200710fc                _end = .

.stack_dummy    0x200710fc        0x0
 *(.stack*)
                0x20088000                __StackTop = (ORIGIN (ram) + 0x18000)
                0x20088000                __StackLimit = (__StackTop - SIZEOF (.stack_dummy))
                0x20088000                PROVIDE (_sstack, __StackLimit)
                0x20088000                PROVIDE (_estack, __StackTop)
OUTPUT(C:\Users\Ray\AppData\Local\Temp\VMBuilds\Controller\arduino_due_x_dbg\Debug/Controller.ino.elf elf32-littlearm)

.ARM.attributes
                0x00000000       0x29
 .ARM.attributes
                0x00000000       0x1d c:/users/ray/appdata/local/arduino15/packages/arduino/tools/arm-none-eabi-gcc/4.8.3-2014q1/bin/../lib/gcc/arm-none-eabi/4.8.3/armv7-m/crti.o
 .ARM.attributes
                0x0000001d       0x2d c:/users/ray/appdata/local/arduino15/packages/arduino/tools/arm-none-eabi-gcc/4.8.3-2014q1/bin/../lib/gcc/arm-none-eabi/4.8.3/armv7-m/crtbegin.o
 .ARM.attributes
                0x0000004a       0x33 C:\Users\Ray\AppData\Local\Temp\VMBuilds\Controller\arduino_due_x_dbg\Debug\Controller.cpp.o
 .ARM.attributes
                0x0000007d       0x33 C:\Users\Ray\AppData\Local\Temp\VMBCore\arduino16x\018918945f122068ecf6eace323d4c04\variant\variant.cpp.o
 .ARM.attributes
                0x000000b0       0x33 C:\Users\Ray\AppData\Local\arduino15\packages\arduino\hardware\sam\1.6.11\variants\arduino_due_x/libsam_sam3x8e_gcc_rel.a(pio.o)
 .ARM.attributes
                0x000000e3       0x33 C:\Users\Ray\AppData\Local\arduino15\packages\arduino\hardware\sam\1.6.11\variants\arduino_due_x/libsam_sam3x8e_gcc_rel.a(pmc.o)
 .ARM.attributes
                0x00000116       0x33 C:\Users\Ray\AppData\Local\arduino15\packages\arduino\hardware\sam\1.6.11\variants\arduino_due_x/libsam_sam3x8e_gcc_rel.a(system_sam3xa.o)
 .ARM.attributes
                0x00000149       0x33 C:\Users\Ray\AppData\Local\arduino15\packages\arduino\hardware\sam\1.6.11\variants\arduino_due_x/libsam_sam3x8e_gcc_rel.a(startup_sam3xa.o)
 .ARM.attributes
                0x0000017c       0x33 C:\Users\Ray\AppData\Local\arduino15\packages\arduino\hardware\sam\1.6.11\variants\arduino_due_x/libsam_sam3x8e_gcc_rel.a(adc.o)
 .ARM.attributes
                0x000001af       0x33 C:\Users\Ray\AppData\Local\arduino15\packages\arduino\hardware\sam\1.6.11\variants\arduino_due_x/libsam_sam3x8e_gcc_rel.a(uotghs.o)
 .ARM.attributes
                0x000001e2       0x33 C:\Users\Ray\AppData\Local\Temp\VMBuilds\Controller\arduino_due_x_dbg\Debug/core.a(cortex_handlers.c.o)
 .ARM.attributes
                0x00000215       0x33 C:\Users\Ray\AppData\Local\Temp\VMBuilds\Controller\arduino_due_x_dbg\Debug/core.a(hooks.c.o)
 .ARM.attributes
                0x00000248       0x33 C:\Users\Ray\AppData\Local\Temp\VMBuilds\Controller\arduino_due_x_dbg\Debug/core.a(syscalls_sam3.c.o)
 .ARM.attributes
                0x0000027b       0x33 C:\Users\Ray\AppData\Local\Temp\VMBuilds\Controller\arduino_due_x_dbg\Debug/core.a(wiring_analog.c.o)
 .ARM.attributes
                0x000002ae       0x33 C:\Users\Ray\AppData\Local\Temp\VMBuilds\Controller\arduino_due_x_dbg\Debug/core.a(wiring_digital.c.o)
 .ARM.attributes
                0x000002e1       0x33 C:\Users\Ray\AppData\Local\Temp\VMBuilds\Controller\arduino_due_x_dbg\Debug/core.a(main.cpp.o)
 .ARM.attributes
                0x00000314       0x33 C:\Users\Ray\AppData\Local\Temp\VMBuilds\Controller\arduino_due_x_dbg\Debug/core.a(Reset.cpp.o)
 .ARM.attributes
                0x00000347       0x33 C:\Users\Ray\AppData\Local\Temp\VMBuilds\Controller\arduino_due_x_dbg\Debug/core.a(RingBuffer.cpp.o)
 .ARM.attributes
                0x0000037a       0x33 C:\Users\Ray\AppData\Local\Temp\VMBuilds\Controller\arduino_due_x_dbg\Debug/core.a(UARTClass.cpp.o)
 .ARM.attributes
                0x000003ad       0x33 C:\Users\Ray\AppData\Local\Temp\VMBuilds\Controller\arduino_due_x_dbg\Debug/core.a(USARTClass.cpp.o)
 .ARM.attributes
                0x000003e0       0x33 C:\Users\Ray\AppData\Local\Temp\VMBuilds\Controller\arduino_due_x_dbg\Debug/core.a(watchdog.cpp.o)
 .ARM.attributes
                0x00000413       0x33 C:\Users\Ray\AppData\Local\Temp\VMBuilds\Controller\arduino_due_x_dbg\Debug/core.a(USBCore.cpp.o)
 .ARM.attributes
                0x00000446       0x33 C:\Users\Ray\AppData\Local\Temp\VMBuilds\Controller\arduino_due_x_dbg\Debug/core.a(wiring.c.o)
 .ARM.attributes
                0x00000479       0x33 C:\Users\Ray\AppData\Local\Temp\VMBuilds\Controller\arduino_due_x_dbg\Debug/core.a(Print.cpp.o)
 .ARM.attributes
                0x000004ac       0x33 C:\Users\Ray\AppData\Local\Temp\VMBuilds\Controller\arduino_due_x_dbg\Debug/core.a(CDC.cpp.o)
 .ARM.attributes
                0x000004df       0x33 C:\Users\Ray\AppData\Local\Temp\VMBuilds\Controller\arduino_due_x_dbg\Debug/core.a(PluggableUSB.cpp.o)
 .ARM.attributes
                0x00000512       0x33 C:\Users\Ray\AppData\Local\arduino15\packages\arduino\hardware\sam\1.6.11\variants\arduino_due_x/libsam_sam3x8e_gcc_rel.a(timetick.o)
 .ARM.attributes
                0x00000545       0x33 C:\Users\Ray\AppData\Local\arduino15\packages\arduino\hardware\sam\1.6.11\variants\arduino_due_x/libsam_sam3x8e_gcc_rel.a(wdt.o)
 .ARM.attributes
                0x00000578       0x33 C:\Users\Ray\AppData\Local\arduino15\packages\arduino\hardware\sam\1.6.11\variants\arduino_due_x/libsam_sam3x8e_gcc_rel.a(interrupt_sam_nvic.o)
 .ARM.attributes
                0x000005ab       0x33 C:\Users\Ray\AppData\Local\arduino15\packages\arduino\hardware\sam\1.6.11\variants\arduino_due_x/libsam_sam3x8e_gcc_rel.a(uotghs_device.o)
 .ARM.attributes
                0x000005de       0x2d c:/users/ray/appdata/local/arduino15/packages/arduino/tools/arm-none-eabi-gcc/4.8.3-2014q1/bin/../lib/gcc/arm-none-eabi/4.8.3/../../../../arm-none-eabi/lib/armv7-m\libg.a(lib_a-impure.o)
 .ARM.attributes
                0x0000060b       0x2d c:/users/ray/appdata/local/arduino15/packages/arduino/tools/arm-none-eabi-gcc/4.8.3-2014q1/bin/../lib/gcc/arm-none-eabi/4.8.3/../../../../arm-none-eabi/lib/armv7-m\libg.a(lib_a-init.o)
 .ARM.attributes
                0x00000638       0x2d c:/users/ray/appdata/local/arduino15/packages/arduino/tools/arm-none-eabi-gcc/4.8.3-2014q1/bin/../lib/gcc/arm-none-eabi/4.8.3/../../../../arm-none-eabi/lib/armv7-m\libg.a(lib_a-iprintf.o)
 .ARM.attributes
                0x00000665       0x2d c:/users/ray/appdata/local/arduino15/packages/arduino/tools/arm-none-eabi-gcc/4.8.3-2014q1/bin/../lib/gcc/arm-none-eabi/4.8.3/../../../../arm-none-eabi/lib/armv7-m\libg.a(lib_a-memset.o)
 .ARM.attributes
                0x00000692       0x2d c:/users/ray/appdata/local/arduino15/packages/arduino/tools/arm-none-eabi-gcc/4.8.3-2014q1/bin/../lib/gcc/arm-none-eabi/4.8.3/../../../../arm-none-eabi/lib/armv7-m\libg.a(lib_a-strlen.o)
 .ARM.attributes
                0x000006bf       0x2d c:/users/ray/appdata/local/arduino15/packages/arduino/tools/arm-none-eabi-gcc/4.8.3-2014q1/bin/../lib/gcc/arm-none-eabi/4.8.3/../../../../arm-none-eabi/lib/armv7-m\libg.a(lib_a-syskill.o)
 .ARM.attributes
                0x000006ec       0x2d c:/users/ray/appdata/local/arduino15/packages/arduino/tools/arm-none-eabi-gcc/4.8.3-2014q1/bin/../lib/gcc/arm-none-eabi/4.8.3/../../../../arm-none-eabi/lib/armv7-m\libg.a(lib_a-vfiprintf.o)
 .ARM.attributes
                0x00000719       0x2d c:/users/ray/appdata/local/arduino15/packages/arduino/tools/arm-none-eabi-gcc/4.8.3-2014q1/bin/../lib/gcc/arm-none-eabi/4.8.3/../../../../arm-none-eabi/lib/armv7-m\libg.a(lib_a-wsetup.o)
 .ARM.attributes
                0x00000746       0x2d c:/users/ray/appdata/local/arduino15/packages/arduino/tools/arm-none-eabi-gcc/4.8.3-2014q1/bin/../lib/gcc/arm-none-eabi/4.8.3/../../../../arm-none-eabi/lib/armv7-m\libg.a(lib_a-__call_atexit.o)
 .ARM.attributes
                0x00000773       0x2d c:/users/ray/appdata/local/arduino15/packages/arduino/tools/arm-none-eabi-gcc/4.8.3-2014q1/bin/../lib/gcc/arm-none-eabi/4.8.3/../../../../arm-none-eabi/lib/armv7-m\libg.a(lib_a-atexit.o)
 .ARM.attributes
                0x000007a0       0x2d c:/users/ray/appdata/local/arduino15/packages/arduino/tools/arm-none-eabi-gcc/4.8.3-2014q1/bin/../lib/gcc/arm-none-eabi/4.8.3/../../../../arm-none-eabi/lib/armv7-m\libg.a(lib_a-fflush.o)
 .ARM.attributes
                0x000007cd       0x2d c:/users/ray/appdata/local/arduino15/packages/arduino/tools/arm-none-eabi-gcc/4.8.3-2014q1/bin/../lib/gcc/arm-none-eabi/4.8.3/../../../../arm-none-eabi/lib/armv7-m\libg.a(lib_a-findfp.o)
 .ARM.attributes
                0x000007fa       0x2d c:/users/ray/appdata/local/arduino15/packages/arduino/tools/arm-none-eabi-gcc/4.8.3-2014q1/bin/../lib/gcc/arm-none-eabi/4.8.3/../../../../arm-none-eabi/lib/armv7-m\libg.a(lib_a-fini.o)
 .ARM.attributes
                0x00000827       0x2d c:/users/ray/appdata/local/arduino15/packages/arduino/tools/arm-none-eabi-gcc/4.8.3-2014q1/bin/../lib/gcc/arm-none-eabi/4.8.3/../../../../arm-none-eabi/lib/armv7-m\libg.a(lib_a-fputwc.o)
 .ARM.attributes
                0x00000854       0x2d c:/users/ray/appdata/local/arduino15/packages/arduino/tools/arm-none-eabi-gcc/4.8.3-2014q1/bin/../lib/gcc/arm-none-eabi/4.8.3/../../../../arm-none-eabi/lib/armv7-m\libg.a(lib_a-freer.o)
 .ARM.attributes
                0x00000881       0x2d c:/users/ray/appdata/local/arduino15/packages/arduino/tools/arm-none-eabi-gcc/4.8.3-2014q1/bin/../lib/gcc/arm-none-eabi/4.8.3/../../../../arm-none-eabi/lib/armv7-m\libg.a(lib_a-fvwrite.o)
 .ARM.attributes
                0x000008ae       0x2d c:/users/ray/appdata/local/arduino15/packages/arduino/tools/arm-none-eabi-gcc/4.8.3-2014q1/bin/../lib/gcc/arm-none-eabi/4.8.3/../../../../arm-none-eabi/lib/armv7-m\libg.a(lib_a-fwalk.o)
 .ARM.attributes
                0x000008db       0x2d c:/users/ray/appdata/local/arduino15/packages/arduino/tools/arm-none-eabi-gcc/4.8.3-2014q1/bin/../lib/gcc/arm-none-eabi/4.8.3/../../../../arm-none-eabi/lib/armv7-m\libg.a(lib_a-locale.o)
 .ARM.attributes
                0x00000908       0x2d c:/users/ray/appdata/local/arduino15/packages/arduino/tools/arm-none-eabi-gcc/4.8.3-2014q1/bin/../lib/gcc/arm-none-eabi/4.8.3/../../../../arm-none-eabi/lib/armv7-m\libg.a(lib_a-makebuf.o)
 .ARM.attributes
                0x00000935       0x2d c:/users/ray/appdata/local/arduino15/packages/arduino/tools/arm-none-eabi-gcc/4.8.3-2014q1/bin/../lib/gcc/arm-none-eabi/4.8.3/../../../../arm-none-eabi/lib/armv7-m\libg.a(lib_a-mallocr.o)
 .ARM.attributes
                0x00000962       0x2d c:/users/ray/appdata/local/arduino15/packages/arduino/tools/arm-none-eabi-gcc/4.8.3-2014q1/bin/../lib/gcc/arm-none-eabi/4.8.3/../../../../arm-none-eabi/lib/armv7-m\libg.a(lib_a-memchr-stub.o)
 .ARM.attributes
                0x0000098f       0x1b c:/users/ray/appdata/local/arduino15/packages/arduino/tools/arm-none-eabi-gcc/4.8.3-2014q1/bin/../lib/gcc/arm-none-eabi/4.8.3/../../../../arm-none-eabi/lib/armv7-m\libg.a(lib_a-memcpy.o)
 .ARM.attributes
                0x000009aa       0x2d c:/users/ray/appdata/local/arduino15/packages/arduino/tools/arm-none-eabi-gcc/4.8.3-2014q1/bin/../lib/gcc/arm-none-eabi/4.8.3/../../../../arm-none-eabi/lib/armv7-m\libg.a(lib_a-memmove.o)
 .ARM.attributes
                0x000009d7       0x2d c:/users/ray/appdata/local/arduino15/packages/arduino/tools/arm-none-eabi-gcc/4.8.3-2014q1/bin/../lib/gcc/arm-none-eabi/4.8.3/../../../../arm-none-eabi/lib/armv7-m\libg.a(lib_a-mlock.o)
 .ARM.attributes
                0x00000a04       0x2d c:/users/ray/appdata/local/arduino15/packages/arduino/tools/arm-none-eabi-gcc/4.8.3-2014q1/bin/../lib/gcc/arm-none-eabi/4.8.3/../../../../arm-none-eabi/lib/armv7-m\libg.a(lib_a-reallocr.o)
 .ARM.attributes
                0x00000a31       0x2d c:/users/ray/appdata/local/arduino15/packages/arduino/tools/arm-none-eabi-gcc/4.8.3-2014q1/bin/../lib/gcc/arm-none-eabi/4.8.3/../../../../arm-none-eabi/lib/armv7-m\libg.a(lib_a-sbrkr.o)
 .ARM.attributes
                0x00000a5e       0x2d c:/users/ray/appdata/local/arduino15/packages/arduino/tools/arm-none-eabi-gcc/4.8.3-2014q1/bin/../lib/gcc/arm-none-eabi/4.8.3/../../../../arm-none-eabi/lib/armv7-m\libg.a(lib_a-signalr.o)
 .ARM.attributes
                0x00000a8b       0x2d c:/users/ray/appdata/local/arduino15/packages/arduino/tools/arm-none-eabi-gcc/4.8.3-2014q1/bin/../lib/gcc/arm-none-eabi/4.8.3/../../../../arm-none-eabi/lib/armv7-m\libg.a(lib_a-stdio.o)
 .ARM.attributes
                0x00000ab8       0x2d c:/users/ray/appdata/local/arduino15/packages/arduino/tools/arm-none-eabi-gcc/4.8.3-2014q1/bin/../lib/gcc/arm-none-eabi/4.8.3/../../../../arm-none-eabi/lib/armv7-m\libg.a(lib_a-wbuf.o)
 .ARM.attributes
                0x00000ae5       0x2d c:/users/ray/appdata/local/arduino15/packages/arduino/tools/arm-none-eabi-gcc/4.8.3-2014q1/bin/../lib/gcc/arm-none-eabi/4.8.3/../../../../arm-none-eabi/lib/armv7-m\libg.a(lib_a-wcrtomb.o)
 .ARM.attributes
                0x00000b12       0x2d c:/users/ray/appdata/local/arduino15/packages/arduino/tools/arm-none-eabi-gcc/4.8.3-2014q1/bin/../lib/gcc/arm-none-eabi/4.8.3/../../../../arm-none-eabi/lib/armv7-m\libg.a(lib_a-wctomb_r.o)
 .ARM.attributes
                0x00000b3f       0x2d c:/users/ray/appdata/local/arduino15/packages/arduino/tools/arm-none-eabi-gcc/4.8.3-2014q1/bin/../lib/gcc/arm-none-eabi/4.8.3/../../../../arm-none-eabi/lib/armv7-m\libg.a(lib_a-writer.o)
 .ARM.attributes
                0x00000b6c       0x2d c:/users/ray/appdata/local/arduino15/packages/arduino/tools/arm-none-eabi-gcc/4.8.3-2014q1/bin/../lib/gcc/arm-none-eabi/4.8.3/../../../../arm-none-eabi/lib/armv7-m\libg.a(lib_a-__atexit.o)
 .ARM.attributes
                0x00000b99       0x2d c:/users/ray/appdata/local/arduino15/packages/arduino/tools/arm-none-eabi-gcc/4.8.3-2014q1/bin/../lib/gcc/arm-none-eabi/4.8.3/../../../../arm-none-eabi/lib/armv7-m\libg.a(lib_a-closer.o)
 .ARM.attributes
                0x00000bc6       0x2d c:/users/ray/appdata/local/arduino15/packages/arduino/tools/arm-none-eabi-gcc/4.8.3-2014q1/bin/../lib/gcc/arm-none-eabi/4.8.3/../../../../arm-none-eabi/lib/armv7-m\libg.a(lib_a-fclose.o)
 .ARM.attributes
                0x00000bf3       0x2d c:/users/ray/appdata/local/arduino15/packages/arduino/tools/arm-none-eabi-gcc/4.8.3-2014q1/bin/../lib/gcc/arm-none-eabi/4.8.3/../../../../arm-none-eabi/lib/armv7-m\libg.a(lib_a-fstatr.o)
 .ARM.attributes
                0x00000c20       0x2d c:/users/ray/appdata/local/arduino15/packages/arduino/tools/arm-none-eabi-gcc/4.8.3-2014q1/bin/../lib/gcc/arm-none-eabi/4.8.3/../../../../arm-none-eabi/lib/armv7-m\libg.a(lib_a-isattyr.o)
 .ARM.attributes
                0x00000c4d       0x2d c:/users/ray/appdata/local/arduino15/packages/arduino/tools/arm-none-eabi-gcc/4.8.3-2014q1/bin/../lib/gcc/arm-none-eabi/4.8.3/../../../../arm-none-eabi/lib/armv7-m\libg.a(lib_a-lseekr.o)
 .ARM.attributes
                0x00000c7a       0x2d c:/users/ray/appdata/local/arduino15/packages/arduino/tools/arm-none-eabi-gcc/4.8.3-2014q1/bin/../lib/gcc/arm-none-eabi/4.8.3/../../../../arm-none-eabi/lib/armv7-m\libg.a(lib_a-readr.o)
 .ARM.attributes
                0x00000ca7       0x2d c:/users/ray/appdata/local/arduino15/packages/arduino/tools/arm-none-eabi-gcc/4.8.3-2014q1/bin/../lib/gcc/arm-none-eabi/4.8.3/../../../../arm-none-eabi/lib/armv7-m\libg.a(lib_a-reent.o)
 .ARM.attributes
                0x00000cd4       0x1d c:/users/ray/appdata/local/arduino15/packages/arduino/tools/arm-none-eabi-gcc/4.8.3-2014q1/bin/../lib/gcc/arm-none-eabi/4.8.3/armv7-m\libgcc.a(_aeabi_uldivmod.o)
 .ARM.attributes
                0x00000cf1       0x2d c:/users/ray/appdata/local/arduino15/packages/arduino/tools/arm-none-eabi-gcc/4.8.3-2014q1/bin/../lib/gcc/arm-none-eabi/4.8.3/armv7-m\libgcc.a(bpabi.o)
 .ARM.attributes
                0x00000d1e       0x1d c:/users/ray/appdata/local/arduino15/packages/arduino/tools/arm-none-eabi-gcc/4.8.3-2014q1/bin/../lib/gcc/arm-none-eabi/4.8.3/armv7-m\libgcc.a(_dvmd_tls.o)
 .ARM.attributes
                0x00000d3b       0x2d c:/users/ray/appdata/local/arduino15/packages/arduino/tools/arm-none-eabi-gcc/4.8.3-2014q1/bin/../lib/gcc/arm-none-eabi/4.8.3/armv7-m\libgcc.a(_divdi3.o)
 .ARM.attributes
                0x00000d68       0x2d c:/users/ray/appdata/local/arduino15/packages/arduino/tools/arm-none-eabi-gcc/4.8.3-2014q1/bin/../lib/gcc/arm-none-eabi/4.8.3/armv7-m\libgcc.a(_udivdi3.o)
 .ARM.attributes
                0x00000d95       0x1d c:/users/ray/appdata/local/arduino15/packages/arduino/tools/arm-none-eabi-gcc/4.8.3-2014q1/bin/../lib/gcc/arm-none-eabi/4.8.3/armv7-m/crtn.o

.comment        0x00000000       0x70
 .comment       0x00000000       0x70 C:\Users\Ray\AppData\Local\Temp\VMBuilds\Controller\arduino_due_x_dbg\Debug\Controller.cpp.o
                                 0x71 (size before relaxing)
 .comment       0x00000000       0x71 C:\Users\Ray\AppData\Local\Temp\VMBCore\arduino16x\018918945f122068ecf6eace323d4c04\variant\variant.cpp.o
 .comment       0x00000000       0x71 C:\Users\Ray\AppData\Local\arduino15\packages\arduino\hardware\sam\1.6.11\variants\arduino_due_x/libsam_sam3x8e_gcc_rel.a(pio.o)
 .comment       0x00000000       0x71 C:\Users\Ray\AppData\Local\arduino15\packages\arduino\hardware\sam\1.6.11\variants\arduino_due_x/libsam_sam3x8e_gcc_rel.a(pmc.o)
 .comment       0x00000000       0x71 C:\Users\Ray\AppData\Local\arduino15\packages\arduino\hardware\sam\1.6.11\variants\arduino_due_x/libsam_sam3x8e_gcc_rel.a(system_sam3xa.o)
 .comment       0x00000000       0x71 C:\Users\Ray\AppData\Local\arduino15\packages\arduino\hardware\sam\1.6.11\variants\arduino_due_x/libsam_sam3x8e_gcc_rel.a(startup_sam3xa.o)
 .comment       0x00000000       0x71 C:\Users\Ray\AppData\Local\arduino15\packages\arduino\hardware\sam\1.6.11\variants\arduino_due_x/libsam_sam3x8e_gcc_rel.a(adc.o)
 .comment       0x00000000       0x71 C:\Users\Ray\AppData\Local\arduino15\packages\arduino\hardware\sam\1.6.11\variants\arduino_due_x/libsam_sam3x8e_gcc_rel.a(uotghs.o)
 .comment       0x00000000       0x71 C:\Users\Ray\AppData\Local\Temp\VMBuilds\Controller\arduino_due_x_dbg\Debug/core.a(cortex_handlers.c.o)
 .comment       0x00000000       0x71 C:\Users\Ray\AppData\Local\Temp\VMBuilds\Controller\arduino_due_x_dbg\Debug/core.a(hooks.c.o)
 .comment       0x00000000       0x71 C:\Users\Ray\AppData\Local\Temp\VMBuilds\Controller\arduino_due_x_dbg\Debug/core.a(syscalls_sam3.c.o)
 .comment       0x00000000       0x71 C:\Users\Ray\AppData\Local\Temp\VMBuilds\Controller\arduino_due_x_dbg\Debug/core.a(wiring_analog.c.o)
 .comment       0x00000000       0x71 C:\Users\Ray\AppData\Local\Temp\VMBuilds\Controller\arduino_due_x_dbg\Debug/core.a(wiring_digital.c.o)
 .comment       0x00000000       0x71 C:\Users\Ray\AppData\Local\Temp\VMBuilds\Controller\arduino_due_x_dbg\Debug/core.a(main.cpp.o)
 .comment       0x00000000       0x71 C:\Users\Ray\AppData\Local\Temp\VMBuilds\Controller\arduino_due_x_dbg\Debug/core.a(Reset.cpp.o)
 .comment       0x00000000       0x71 C:\Users\Ray\AppData\Local\Temp\VMBuilds\Controller\arduino_due_x_dbg\Debug/core.a(RingBuffer.cpp.o)
 .comment       0x00000000       0x71 C:\Users\Ray\AppData\Local\Temp\VMBuilds\Controller\arduino_due_x_dbg\Debug/core.a(UARTClass.cpp.o)